
> server@1.0.0 test
> cross-env NODE_ENV=test jest --watchAll --verbose --runInBand --no-watch --runInBand

  console.log
    [dotenv@17.2.3] injecting env (3) from .env -- tip: ΓÜÖ∩╕Å  load multiple .env files with { path: ['.env.local', '.env'] }

      at _log (node_modules/dotenv/lib/main.js:142:11)

  console.error
    JsonWebTokenError {
      name: 'JsonWebTokenError',
      message: 'jwt malformed'
    }

    [0m [90m 18 |[39m       next()[33m;[39m
     [90m 19 |[39m     } [36mcatch[39m (error) {
    [31m[1m>[22m[39m[90m 20 |[39m       console[33m.[39merror(error)[33m;[39m
     [90m    |[39m               [31m[1m^[22m[39m
     [90m 21 |[39m       res[33m.[39mstatus([35m401[39m)[33m.[39mjson({ message[33m:[39m [32m'Not authorized, token failed'[39m })[33m;[39m
     [90m 22 |[39m     }
     [90m 23 |[39m   }[0m

      at error (middleware/authMiddleware.js:20:15)
      at Layer.handleRequest (node_modules/router/lib/layer.js:152:17)
      at next (node_modules/router/lib/route.js:157:13)
      at Route.dispatch (node_modules/router/lib/route.js:117:3)
      at handle (node_modules/router/index.js:435:11)
      at Layer.handleRequest (node_modules/router/lib/layer.js:152:17)
      at node_modules/router/index.js:295:15
      at processParams (node_modules/router/index.js:582:12)
      at next (node_modules/router/index.js:291:5)
      at router.handle (node_modules/router/index.js:186:3)
      at router (node_modules/router/index.js:60:12)
      at Layer.handleRequest (node_modules/router/lib/layer.js:152:17)
      at trimPrefix (node_modules/router/index.js:342:13)
      at node_modules/router/index.js:297:9
      at processParams (node_modules/router/index.js:582:12)
      at next (node_modules/router/index.js:291:5)
      at cookieParser (node_modules/cookie-parser/index.js:57:14)
      at Layer.handleRequest (node_modules/router/lib/layer.js:152:17)
      at trimPrefix (node_modules/router/index.js:342:13)
      at node_modules/router/index.js:297:9
      at processParams (node_modules/router/index.js:582:12)
      at next (node_modules/router/index.js:291:5)
      at read (node_modules/body-parser/lib/read.js:54:5)
      at jsonParser (node_modules/body-parser/lib/types/json.js:90:5)
      at Layer.handleRequest (node_modules/router/lib/layer.js:152:17)
      at trimPrefix (node_modules/router/index.js:342:13)
      at node_modules/router/index.js:297:9
      at processParams (node_modules/router/index.js:582:12)
      at next (node_modules/router/index.js:291:5)
      at cors (node_modules/cors/lib/index.js:188:7)
      at node_modules/cors/lib/index.js:224:17
      at originCallback (node_modules/cors/lib/index.js:214:15)
      at node_modules/cors/lib/index.js:219:13
      at optionsCallback (node_modules/cors/lib/index.js:199:9)
      at corsMiddleware (node_modules/cors/lib/index.js:204:7)
      at Layer.handleRequest (node_modules/router/lib/layer.js:152:17)
      at trimPrefix (node_modules/router/index.js:342:13)
      at node_modules/router/index.js:297:9
      at processParams (node_modules/router/index.js:582:12)
      at next (node_modules/router/index.js:291:5)
      at router.handle (node_modules/router/index.js:186:3)
      at app.handle (node_modules/express/lib/application.js:177:15)
      at Server.app (node_modules/express/lib/express.js:38:9)

node.exe : FAIL 
__tests__/auth.test.js 
(6.871 s)
At line:1 char:1
+ & "C:\Program 
Files\nodejs/node.exe" 
"C:\Program 
Files\nodejs/node_mo ...
+ ~~~~~~~~~~~~~~~~~~~~~~~~
~~~~~~~~~~~~~~~~~~~~~~~~~~
~~~~~~~~~~~~~~~~~~~
    + CategoryInfo        
      : NotSpecified: (F  
  AIL __tests__/auth.te   
 st.js (6.871 s):Strin    
g) [], RemoteExceptio    n
    + FullyQualifiedError 
   Id : NativeCommandErr  
  or
 
  User Authentication
    POST /api/users 
(Register)
      ├ù should register 
a new user successfully 
(315 ms)
      ├ù should not 
register user with 
existing email (307 ms)
    POST /api/users/login
      ΓêÜ should login 
with correct credentials 
(155 ms)
      ΓêÜ should not 
login with incorrect 
password (217 ms)
      ΓêÜ should not 
login with non-existent 
email (128 ms)
    GET /api/users/me 
(Protected Route)
      ΓêÜ should get user 
profile with valid token 
(130 ms)
      ΓêÜ should not get 
profile without token (81 
ms)
      ΓêÜ should not get 
profile with invalid 
token (101 ms)

  ΓùÅ User Authentication 
ΓÇ║ POST /api/users 
(Register) ΓÇ║ should 
register a new user 
successfully

    expect(received).toBe(
expected) // Object.is 
equality

    Expected: 201
    Received: 500

    [0m [90m 37 |[39m  
       })[33m;[39m
     [90m 38 |[39m
    
[31m[1m>[22m[39m[90m 
39 |[39m       expect(res
[33m.[39mstatusCode)[33
m.[39mtoBe([35m201[39m)
[33m;[39m
     [90m    |[39m      
                        
[31m[1m^[22m[39m
     [90m 40 |[39m      
 expect(res[33m.[39mbody
)[33m.[39mtoHaveProperty
([32m'token'[39m)[33m;
[39m
     [90m 41 |[39m      
 expect(res[33m.[39mbody
[33m.[39memail)[33m.[3
9mtoBe([32m'test@example.
com'[39m)[33m;[39m
     [90m 42 |[39m      
 expect(res[33m.[39mbody
[33m.[39mname)[33m.[39
mtoBe([32m'Test 
User'[39m)[33m;[39m[0m

      at Object.toBe (__te
sts__/auth.test.js:39:30)

  ΓùÅ User Authentication 
ΓÇ║ POST /api/users 
(Register) ΓÇ║ should not 
register user with 
existing email

    expect(received).toBe(
expected) // Object.is 
equality

    Expected: 400
    Received: 500

    [0m [90m 62 |[39m  
       })[33m;[39m
     [90m 63 |[39m
    
[31m[1m>[22m[39m[90m 
64 |[39m       expect(res
[33m.[39mstatusCode)[33
m.[39mtoBe([35m400[39m)
[33m;[39m
     [90m    |[39m      
                        
[31m[1m^[22m[39m
     [90m 65 |[39m      
 expect(res[33m.[39mbody
[33m.[39mmessage)[33m.
[39mtoBe([32m'User 
already 
exists'[39m)[33m;[39m
     [90m 66 |[39m     
})[33m;[39m
     [90m 67 |[39m   
})[33m;[39m[0m

      at Object.toBe (__te
sts__/auth.test.js:64:30)

  console.log
    [dotenv@17.2.3] injecting env (3) from .env -- tip: ≡ƒöæ add access controls to secrets: https://dotenvx.com/ops

      at _log (node_modules/dotenv/lib/main.js:142:11)

PASS __tests__/application
.test.js
  Application CRUD 
Operations
    POST 
/api/applications (Create)
      ΓêÜ should create a 
new application (129 ms)
      ΓêÜ should not 
create application 
without auth (93 ms)
    GET /api/applications 
(Read)
      ΓêÜ should get all 
user applications (125 ms)
      ΓêÜ should filter 
applications by status 
(109 ms)
      ΓêÜ should not get 
applications without auth 
(106 ms)
    PUT 
/api/applications/:id 
(Update)
      ΓêÜ should update 
application (111 ms)
      ΓêÜ should not 
update non-existent 
application (98 ms)
    DELETE 
/api/applications/:id
      ΓêÜ should delete 
application (139 ms)

Test Suites: 1 failed, 1 
passed, 2 total
Tests:       2 failed, 14 
passed, 16 total
Snapshots:   0 total
Time:        9.224 s
Ran all test suites.

  console.log
    [dotenv@17.2.3] injecting env (3) from .env -- tip: ≡ƒöÉ prevent committing .env to code: https://dotenvx.com/precommit

      at _log (node_modules/dotenv/lib/main.js:142:11)

  console.error
    JsonWebTokenError {
      name: 'JsonWebTokenError',
      message: 'jwt malformed'
    }

    [0m [90m 18 |[39m       next()[33m;[39m
     [90m 19 |[39m     } [36mcatch[39m (error) {
    [31m[1m>[22m[39m[90m 20 |[39m       console[33m.[39merror(error)[33m;[39m
     [90m    |[39m               [31m[1m^[22m[39m
     [90m 21 |[39m       res[33m.[39mstatus([35m401[39m)[33m.[39mjson({ message[33m:[39m [32m'Not authorized, token failed'[39m })[33m;[39m
     [90m 22 |[39m     }
     [90m 23 |[39m   }[0m

      at error (middleware/authMiddleware.js:20:15)
      at Layer.handleRequest (node_modules/router/lib/layer.js:152:17)
      at next (node_modules/router/lib/route.js:157:13)
      at Route.dispatch (node_modules/router/lib/route.js:117:3)
      at handle (node_modules/router/index.js:435:11)
      at Layer.handleRequest (node_modules/router/lib/layer.js:152:17)
      at node_modules/router/index.js:295:15
      at processParams (node_modules/router/index.js:582:12)
      at next (node_modules/router/index.js:291:5)
      at router.handle (node_modules/router/index.js:186:3)
      at router (node_modules/router/index.js:60:12)
      at Layer.handleRequest (node_modules/router/lib/layer.js:152:17)
      at trimPrefix (node_modules/router/index.js:342:13)
      at node_modules/router/index.js:297:9
      at processParams (node_modules/router/index.js:582:12)
      at next (node_modules/router/index.js:291:5)
      at cookieParser (node_modules/cookie-parser/index.js:57:14)
      at Layer.handleRequest (node_modules/router/lib/layer.js:152:17)
      at trimPrefix (node_modules/router/index.js:342:13)
      at node_modules/router/index.js:297:9
      at processParams (node_modules/router/index.js:582:12)
      at next (node_modules/router/index.js:291:5)
      at read (node_modules/body-parser/lib/read.js:54:5)
      at jsonParser (node_modules/body-parser/lib/types/json.js:90:5)
      at Layer.handleRequest (node_modules/router/lib/layer.js:152:17)
      at trimPrefix (node_modules/router/index.js:342:13)
      at node_modules/router/index.js:297:9
      at processParams (node_modules/router/index.js:582:12)
      at next (node_modules/router/index.js:291:5)
      at cors (node_modules/cors/lib/index.js:188:7)
      at node_modules/cors/lib/index.js:224:17
      at originCallback (node_modules/cors/lib/index.js:214:15)
      at node_modules/cors/lib/index.js:219:13
      at optionsCallback (node_modules/cors/lib/index.js:199:9)
      at corsMiddleware (node_modules/cors/lib/index.js:204:7)
      at Layer.handleRequest (node_modules/router/lib/layer.js:152:17)
      at trimPrefix (node_modules/router/index.js:342:13)
      at node_modules/router/index.js:297:9
      at processParams (node_modules/router/index.js:582:12)
      at next (node_modules/router/index.js:291:5)
      at router.handle (node_modules/router/index.js:186:3)
      at app.handle (node_modules/express/lib/application.js:177:15)
      at Server.app (node_modules/express/lib/express.js:38:9)

  console.error
    JsonWebTokenError {
      name: 'JsonWebTokenError',
      message: 'jwt malformed'
    }

    [0m [90m 18 |[39m       next()[33m;[39m
     [90m 19 |[39m     } [36mcatch[39m (error) {
    [31m[1m>[22m[39m[90m 20 |[39m       console[33m.[39merror(error)[33m;[39m
     [90m    |[39m               [31m[1m^[22m[39m
     [90m 21 |[39m       res[33m.[39mstatus([35m401[39m)[33m.[39mjson({ message[33m:[39m [32m'Not authorized, token failed'[39m })[33m;[39m
     [90m 22 |[39m     }
     [90m 23 |[39m   }[0m

      at error (middleware/authMiddleware.js:20:15)
      at Layer.handleRequest (node_modules/router/lib/layer.js:152:17)
      at next (node_modules/router/lib/route.js:157:13)
      at Route.dispatch (node_modules/router/lib/route.js:117:3)
      at handle (node_modules/router/index.js:435:11)
      at Layer.handleRequest (node_modules/router/lib/layer.js:152:17)
      at node_modules/router/index.js:295:15
      at processParams (node_modules/router/index.js:582:12)
      at next (node_modules/router/index.js:291:5)
      at router.handle (node_modules/router/index.js:186:3)
      at router (node_modules/router/index.js:60:12)
      at Layer.handleRequest (node_modules/router/lib/layer.js:152:17)
      at trimPrefix (node_modules/router/index.js:342:13)
      at node_modules/router/index.js:297:9
      at processParams (node_modules/router/index.js:582:12)
      at next (node_modules/router/index.js:291:5)
      at cookieParser (node_modules/cookie-parser/index.js:57:14)
      at Layer.handleRequest (node_modules/router/lib/layer.js:152:17)
      at trimPrefix (node_modules/router/index.js:342:13)
      at node_modules/router/index.js:297:9
      at processParams (node_modules/router/index.js:582:12)
      at next (node_modules/router/index.js:291:5)
      at read (node_modules/body-parser/lib/read.js:54:5)
      at jsonParser (node_modules/body-parser/lib/types/json.js:90:5)
      at Layer.handleRequest (node_modules/router/lib/layer.js:152:17)
      at trimPrefix (node_modules/router/index.js:342:13)
      at node_modules/router/index.js:297:9
      at processParams (node_modules/router/index.js:582:12)
      at next (node_modules/router/index.js:291:5)
      at cors (node_modules/cors/lib/index.js:188:7)
      at node_modules/cors/lib/index.js:224:17
      at originCallback (node_modules/cors/lib/index.js:214:15)
      at node_modules/cors/lib/index.js:219:13
      at optionsCallback (node_modules/cors/lib/index.js:199:9)
      at corsMiddleware (node_modules/cors/lib/index.js:204:7)
      at Layer.handleRequest (node_modules/router/lib/layer.js:152:17)
      at trimPrefix (node_modules/router/index.js:342:13)
      at node_modules/router/index.js:297:9
      at processParams (node_modules/router/index.js:582:12)
      at next (node_modules/router/index.js:291:5)
      at router.handle (node_modules/router/index.js:186:3)
      at app.handle (node_modules/express/lib/application.js:177:15)
      at Server.app (node_modules/express/lib/express.js:38:9)

FAIL 
__tests__/auth.test.js 
(6.564 s)
  User Authentication
    POST /api/users 
(Register)
      ├ù should register 
a new user successfully 
(229 ms)
      ├ù should not 
register user with 
existing email (403 ms)
    POST /api/users/login
      ├ù should login 
with correct credentials 
(422 ms)
      ΓêÜ should not 
login with incorrect 
password (139 ms)
      ΓêÜ should not 
login with non-existent 
email (198 ms)
    GET /api/users/me 
(Protected Route)
      ├ù should get user 
profile with valid token 
(147 ms)
      ΓêÜ should not get 
profile without token 
(128 ms)
      ΓêÜ should not get 
profile with invalid 
token (36 ms)

  ΓùÅ User Authentication 
ΓÇ║ POST /api/users 
(Register) ΓÇ║ should 
register a new user 
successfully

    expect(received).toBe(
expected) // Object.is 
equality

    Expected: 201
    Received: 500

    [0m [90m 37 |[39m  
       })[33m;[39m
     [90m 38 |[39m
    
[31m[1m>[22m[39m[90m 
39 |[39m       expect(res
[33m.[39mstatusCode)[33
m.[39mtoBe([35m201[39m)
[33m;[39m
     [90m    |[39m      
                        
[31m[1m^[22m[39m
     [90m 40 |[39m      
 expect(res[33m.[39mbody
)[33m.[39mtoHaveProperty
([32m'token'[39m)[33m;
[39m
     [90m 41 |[39m      
 expect(res[33m.[39mbody
[33m.[39memail)[33m.[3
9mtoBe([32m'test@example.
com'[39m)[33m;[39m
     [90m 42 |[39m      
 expect(res[33m.[39mbody
[33m.[39mname)[33m.[39
mtoBe([32m'Test 
User'[39m)[33m;[39m[0m

      at Object.toBe (__te
sts__/auth.test.js:39:30)

  ΓùÅ User Authentication 
ΓÇ║ POST /api/users 
(Register) ΓÇ║ should not 
register user with 
existing email

    expect(received).toBe(
expected) // Object.is 
equality

    Expected: 400
    Received: 201

    [0m [90m 62 |[39m  
       })[33m;[39m
     [90m 63 |[39m
    
[31m[1m>[22m[39m[90m 
64 |[39m       expect(res
[33m.[39mstatusCode)[33
m.[39mtoBe([35m400[39m)
[33m;[39m
     [90m    |[39m      
                        
[31m[1m^[22m[39m
     [90m 65 |[39m      
 expect(res[33m.[39mbody
[33m.[39mmessage)[33m.
[39mtoBe([32m'User 
already 
exists'[39m)[33m;[39m
     [90m 66 |[39m     
})[33m;[39m
     [90m 67 |[39m   
})[33m;[39m[0m

      at Object.toBe (__te
sts__/auth.test.js:64:30)

  ΓùÅ User Authentication 
ΓÇ║ POST /api/users/login 
ΓÇ║ should login with 
correct credentials

    expect(received).toBe(
expected) // Object.is 
equality

    Expected: 200
    Received: 500

    [0m [90m 87 |[39m  
       })[33m;[39m
     [90m 88 |[39m
    
[31m[1m>[22m[39m[90m 
89 |[39m       expect(res
[33m.[39mstatusCode)[33
m.[39mtoBe([35m200[39m)
[33m;[39m
     [90m    |[39m      
                        
[31m[1m^[22m[39m
     [90m 90 |[39m      
 expect(res[33m.[39mbody
)[33m.[39mtoHaveProperty
([32m'token'[39m)[33m;
[39m
     [90m 91 |[39m      
 expect(res[33m.[39mbody
[33m.[39memail)[33m.[3
9mtoBe([32m'test@example.
com'[39m)[33m;[39m
     [90m 92 |[39m     
})[33m;[39m[0m

      at Object.toBe (__te
sts__/auth.test.js:89:30)

  ΓùÅ User Authentication 
ΓÇ║ GET /api/users/me 
(Protected Route) ΓÇ║ 
should get user profile 
with valid token

    expect(received).toBe(
expected) // Object.is 
equality

    Expected: 200
    Received: 401

    [0m [90m 137 |[39m 
        [33m.[39m[36mse
t[39m([32m'Authorization
'[39m[33m,[39m 
[32m`Bearer 
${token}`[39m)[33m;[39m
     [90m 138 |[39m
    
[31m[1m>[22m[39m[90m 
139 |[39m       expect(re
s[33m.[39mstatusCode)[3
3m.[39mtoBe([35m200[39m
)[33m;[39m
     [90m     |[39m     
                         
[31m[1m^[22m[39m
     [90m 140 |[39m     
  expect(res[33m.[39mbod
y[33m.[39memail)[33m.[
39mtoBe([32m'test@example
.com'[39m)[33m;[39m
     [90m 141 |[39m     
  expect(res[33m.[39mbod
y[33m.[39mname)[33m.[3
9mtoBe([32m'Test 
User'[39m)[33m;[39m
     [90m 142 |[39m     
})[33m;[39m[0m

      at Object.toBe (__te
sts__/auth.test.js:139:30)

  console.log
    [dotenv@17.2.3] injecting env (3) from .env -- tip: ΓÜÖ∩╕Å  suppress all logs with { quiet: true }

      at _log (node_modules/dotenv/lib/main.js:142:11)

  console.error
    JsonWebTokenError {
      name: 'JsonWebTokenError',
      message: 'jwt malformed'
    }

    [0m [90m 18 |[39m       next()[33m;[39m
     [90m 19 |[39m     } [36mcatch[39m (error) {
    [31m[1m>[22m[39m[90m 20 |[39m       console[33m.[39merror(error)[33m;[39m
     [90m    |[39m               [31m[1m^[22m[39m
     [90m 21 |[39m       res[33m.[39mstatus([35m401[39m)[33m.[39mjson({ message[33m:[39m [32m'Not authorized, token failed'[39m })[33m;[39m
     [90m 22 |[39m     }
     [90m 23 |[39m   }[0m

      at error (middleware/authMiddleware.js:20:15)
      at Layer.handleRequest (node_modules/router/lib/layer.js:152:17)
      at next (node_modules/router/lib/route.js:157:13)
      at Route.dispatch (node_modules/router/lib/route.js:117:3)
      at handle (node_modules/router/index.js:435:11)
      at Layer.handleRequest (node_modules/router/lib/layer.js:152:17)
      at node_modules/router/index.js:295:15
      at processParams (node_modules/router/index.js:582:12)
      at next (node_modules/router/index.js:291:5)
      at router.handle (node_modules/router/index.js:186:3)
      at router (node_modules/router/index.js:60:12)
      at Layer.handleRequest (node_modules/router/lib/layer.js:152:17)
      at trimPrefix (node_modules/router/index.js:342:13)
      at node_modules/router/index.js:297:9
      at processParams (node_modules/router/index.js:582:12)
      at next (node_modules/router/index.js:291:5)
      at cookieParser (node_modules/cookie-parser/index.js:57:14)
      at Layer.handleRequest (node_modules/router/lib/layer.js:152:17)
      at trimPrefix (node_modules/router/index.js:342:13)
      at node_modules/router/index.js:297:9
      at processParams (node_modules/router/index.js:582:12)
      at next (node_modules/router/index.js:291:5)
      at node_modules/body-parser/lib/read.js:172:5
      at invokeCallback (node_modules/raw-body/index.js:238:16)
      at done (node_modules/raw-body/index.js:227:7)
      at IncomingMessage.onEnd (node_modules/raw-body/index.js:287:7)

  console.error
    JsonWebTokenError {
      name: 'JsonWebTokenError',
      message: 'jwt malformed'
    }

    [0m [90m 18 |[39m       next()[33m;[39m
     [90m 19 |[39m     } [36mcatch[39m (error) {
    [31m[1m>[22m[39m[90m 20 |[39m       console[33m.[39merror(error)[33m;[39m
     [90m    |[39m               [31m[1m^[22m[39m
     [90m 21 |[39m       res[33m.[39mstatus([35m401[39m)[33m.[39mjson({ message[33m:[39m [32m'Not authorized, token failed'[39m })[33m;[39m
     [90m 22 |[39m     }
     [90m 23 |[39m   }[0m

      at error (middleware/authMiddleware.js:20:15)
      at Layer.handleRequest (node_modules/router/lib/layer.js:152:17)
      at next (node_modules/router/lib/route.js:157:13)
      at Route.dispatch (node_modules/router/lib/route.js:117:3)
      at handle (node_modules/router/index.js:435:11)
      at Layer.handleRequest (node_modules/router/lib/layer.js:152:17)
      at node_modules/router/index.js:295:15
      at processParams (node_modules/router/index.js:582:12)
      at next (node_modules/router/index.js:291:5)
      at router.handle (node_modules/router/index.js:186:3)
      at router (node_modules/router/index.js:60:12)
      at Layer.handleRequest (node_modules/router/lib/layer.js:152:17)
      at trimPrefix (node_modules/router/index.js:342:13)
      at node_modules/router/index.js:297:9
      at processParams (node_modules/router/index.js:582:12)
      at next (node_modules/router/index.js:291:5)
      at cookieParser (node_modules/cookie-parser/index.js:57:14)
      at Layer.handleRequest (node_modules/router/lib/layer.js:152:17)
      at trimPrefix (node_modules/router/index.js:342:13)
      at node_modules/router/index.js:297:9
      at processParams (node_modules/router/index.js:582:12)
      at next (node_modules/router/index.js:291:5)
      at node_modules/body-parser/lib/read.js:172:5
      at invokeCallback (node_modules/raw-body/index.js:238:16)
      at done (node_modules/raw-body/index.js:227:7)
      at IncomingMessage.onEnd (node_modules/raw-body/index.js:287:7)

  console.error
    JsonWebTokenError {
      name: 'JsonWebTokenError',
      message: 'jwt malformed'
    }

    [0m [90m 18 |[39m       next()[33m;[39m
     [90m 19 |[39m     } [36mcatch[39m (error) {
    [31m[1m>[22m[39m[90m 20 |[39m       console[33m.[39merror(error)[33m;[39m
     [90m    |[39m               [31m[1m^[22m[39m
     [90m 21 |[39m       res[33m.[39mstatus([35m401[39m)[33m.[39mjson({ message[33m:[39m [32m'Not authorized, token failed'[39m })[33m;[39m
     [90m 22 |[39m     }
     [90m 23 |[39m   }[0m

      at error (middleware/authMiddleware.js:20:15)
      at Layer.handleRequest (node_modules/router/lib/layer.js:152:17)
      at next (node_modules/router/lib/route.js:157:13)
      at Route.dispatch (node_modules/router/lib/route.js:117:3)
      at handle (node_modules/router/index.js:435:11)
      at Layer.handleRequest (node_modules/router/lib/layer.js:152:17)
      at node_modules/router/index.js:295:15
      at processParams (node_modules/router/index.js:582:12)
      at next (node_modules/router/index.js:291:5)
      at router.handle (node_modules/router/index.js:186:3)
      at router (node_modules/router/index.js:60:12)
      at Layer.handleRequest (node_modules/router/lib/layer.js:152:17)
      at trimPrefix (node_modules/router/index.js:342:13)
      at node_modules/router/index.js:297:9
      at processParams (node_modules/router/index.js:582:12)
      at next (node_modules/router/index.js:291:5)
      at cookieParser (node_modules/cookie-parser/index.js:57:14)
      at Layer.handleRequest (node_modules/router/lib/layer.js:152:17)
      at trimPrefix (node_modules/router/index.js:342:13)
      at node_modules/router/index.js:297:9
      at processParams (node_modules/router/index.js:582:12)
      at next (node_modules/router/index.js:291:5)
      at read (node_modules/body-parser/lib/read.js:54:5)
      at jsonParser (node_modules/body-parser/lib/types/json.js:90:5)
      at Layer.handleRequest (node_modules/router/lib/layer.js:152:17)
      at trimPrefix (node_modules/router/index.js:342:13)
      at node_modules/router/index.js:297:9
      at processParams (node_modules/router/index.js:582:12)
      at next (node_modules/router/index.js:291:5)
      at cors (node_modules/cors/lib/index.js:188:7)
      at node_modules/cors/lib/index.js:224:17
      at originCallback (node_modules/cors/lib/index.js:214:15)
      at node_modules/cors/lib/index.js:219:13
      at optionsCallback (node_modules/cors/lib/index.js:199:9)
      at corsMiddleware (node_modules/cors/lib/index.js:204:7)
      at Layer.handleRequest (node_modules/router/lib/layer.js:152:17)
      at trimPrefix (node_modules/router/index.js:342:13)
      at node_modules/router/index.js:297:9
      at processParams (node_modules/router/index.js:582:12)
      at next (node_modules/router/index.js:291:5)
      at router.handle (node_modules/router/index.js:186:3)
      at app.handle (node_modules/express/lib/application.js:177:15)
      at Server.app (node_modules/express/lib/express.js:38:9)

  console.error
    JsonWebTokenError {
      name: 'JsonWebTokenError',
      message: 'jwt malformed'
    }

    [0m [90m 18 |[39m       next()[33m;[39m
     [90m 19 |[39m     } [36mcatch[39m (error) {
    [31m[1m>[22m[39m[90m 20 |[39m       console[33m.[39merror(error)[33m;[39m
     [90m    |[39m               [31m[1m^[22m[39m
     [90m 21 |[39m       res[33m.[39mstatus([35m401[39m)[33m.[39mjson({ message[33m:[39m [32m'Not authorized, token failed'[39m })[33m;[39m
     [90m 22 |[39m     }
     [90m 23 |[39m   }[0m

      at error (middleware/authMiddleware.js:20:15)
      at Layer.handleRequest (node_modules/router/lib/layer.js:152:17)
      at next (node_modules/router/lib/route.js:157:13)
      at Route.dispatch (node_modules/router/lib/route.js:117:3)
      at handle (node_modules/router/index.js:435:11)
      at Layer.handleRequest (node_modules/router/lib/layer.js:152:17)
      at node_modules/router/index.js:295:15
      at processParams (node_modules/router/index.js:582:12)
      at next (node_modules/router/index.js:291:5)
      at router.handle (node_modules/router/index.js:186:3)
      at router (node_modules/router/index.js:60:12)
      at Layer.handleRequest (node_modules/router/lib/layer.js:152:17)
      at trimPrefix (node_modules/router/index.js:342:13)
      at node_modules/router/index.js:297:9
      at processParams (node_modules/router/index.js:582:12)
      at next (node_modules/router/index.js:291:5)
      at cookieParser (node_modules/cookie-parser/index.js:57:14)
      at Layer.handleRequest (node_modules/router/lib/layer.js:152:17)
      at trimPrefix (node_modules/router/index.js:342:13)
      at node_modules/router/index.js:297:9
      at processParams (node_modules/router/index.js:582:12)
      at next (node_modules/router/index.js:291:5)
      at node_modules/body-parser/lib/read.js:172:5
      at invokeCallback (node_modules/raw-body/index.js:238:16)
      at done (node_modules/raw-body/index.js:227:7)
      at IncomingMessage.onEnd (node_modules/raw-body/index.js:287:7)

  console.error
    JsonWebTokenError {
      name: 'JsonWebTokenError',
      message: 'jwt malformed'
    }

    [0m [90m 18 |[39m       next()[33m;[39m
     [90m 19 |[39m     } [36mcatch[39m (error) {
    [31m[1m>[22m[39m[90m 20 |[39m       console[33m.[39merror(error)[33m;[39m
     [90m    |[39m               [31m[1m^[22m[39m
     [90m 21 |[39m       res[33m.[39mstatus([35m401[39m)[33m.[39mjson({ message[33m:[39m [32m'Not authorized, token failed'[39m })[33m;[39m
     [90m 22 |[39m     }
     [90m 23 |[39m   }[0m

      at error (middleware/authMiddleware.js:20:15)
      at Layer.handleRequest (node_modules/router/lib/layer.js:152:17)
      at next (node_modules/router/lib/route.js:157:13)
      at Route.dispatch (node_modules/router/lib/route.js:117:3)
      at handle (node_modules/router/index.js:435:11)
      at Layer.handleRequest (node_modules/router/lib/layer.js:152:17)
      at node_modules/router/index.js:295:15
      at processParams (node_modules/router/index.js:582:12)
      at next (node_modules/router/index.js:291:5)
      at router.handle (node_modules/router/index.js:186:3)
      at router (node_modules/router/index.js:60:12)
      at Layer.handleRequest (node_modules/router/lib/layer.js:152:17)
      at trimPrefix (node_modules/router/index.js:342:13)
      at node_modules/router/index.js:297:9
      at processParams (node_modules/router/index.js:582:12)
      at next (node_modules/router/index.js:291:5)
      at cookieParser (node_modules/cookie-parser/index.js:57:14)
      at Layer.handleRequest (node_modules/router/lib/layer.js:152:17)
      at trimPrefix (node_modules/router/index.js:342:13)
      at node_modules/router/index.js:297:9
      at processParams (node_modules/router/index.js:582:12)
      at next (node_modules/router/index.js:291:5)
      at node_modules/body-parser/lib/read.js:172:5
      at invokeCallback (node_modules/raw-body/index.js:238:16)
      at done (node_modules/raw-body/index.js:227:7)
      at IncomingMessage.onEnd (node_modules/raw-body/index.js:287:7)

  console.error
    JsonWebTokenError {
      name: 'JsonWebTokenError',
      message: 'jwt malformed'
    }

    [0m [90m 18 |[39m       next()[33m;[39m
     [90m 19 |[39m     } [36mcatch[39m (error) {
    [31m[1m>[22m[39m[90m 20 |[39m       console[33m.[39merror(error)[33m;[39m
     [90m    |[39m               [31m[1m^[22m[39m
     [90m 21 |[39m       res[33m.[39mstatus([35m401[39m)[33m.[39mjson({ message[33m:[39m [32m'Not authorized, token failed'[39m })[33m;[39m
     [90m 22 |[39m     }
     [90m 23 |[39m   }[0m

      at error (middleware/authMiddleware.js:20:15)
      at Layer.handleRequest (node_modules/router/lib/layer.js:152:17)
      at next (node_modules/router/lib/route.js:157:13)
      at Route.dispatch (node_modules/router/lib/route.js:117:3)
      at handle (node_modules/router/index.js:435:11)
      at Layer.handleRequest (node_modules/router/lib/layer.js:152:17)
      at node_modules/router/index.js:295:15
      at processParams (node_modules/router/index.js:582:12)
      at next (node_modules/router/index.js:291:5)
      at router.handle (node_modules/router/index.js:186:3)
      at router (node_modules/router/index.js:60:12)
      at Layer.handleRequest (node_modules/router/lib/layer.js:152:17)
      at trimPrefix (node_modules/router/index.js:342:13)
      at node_modules/router/index.js:297:9
      at processParams (node_modules/router/index.js:582:12)
      at next (node_modules/router/index.js:291:5)
      at cookieParser (node_modules/cookie-parser/index.js:57:14)
      at Layer.handleRequest (node_modules/router/lib/layer.js:152:17)
      at trimPrefix (node_modules/router/index.js:342:13)
      at node_modules/router/index.js:297:9
      at processParams (node_modules/router/index.js:582:12)
      at next (node_modules/router/index.js:291:5)
      at node_modules/body-parser/lib/read.js:172:5
      at invokeCallback (node_modules/raw-body/index.js:238:16)
      at done (node_modules/raw-body/index.js:227:7)
      at IncomingMessage.onEnd (node_modules/raw-body/index.js:287:7)

  console.error
    JsonWebTokenError {
      name: 'JsonWebTokenError',
      message: 'jwt malformed'
    }

    [0m [90m 18 |[39m       next()[33m;[39m
     [90m 19 |[39m     } [36mcatch[39m (error) {
    [31m[1m>[22m[39m[90m 20 |[39m       console[33m.[39merror(error)[33m;[39m
     [90m    |[39m               [31m[1m^[22m[39m
     [90m 21 |[39m       res[33m.[39mstatus([35m401[39m)[33m.[39mjson({ message[33m:[39m [32m'Not authorized, token failed'[39m })[33m;[39m
     [90m 22 |[39m     }
     [90m 23 |[39m   }[0m

      at error (middleware/authMiddleware.js:20:15)
      at Layer.handleRequest (node_modules/router/lib/layer.js:152:17)
      at next (node_modules/router/lib/route.js:157:13)
      at Route.dispatch (node_modules/router/lib/route.js:117:3)
      at handle (node_modules/router/index.js:435:11)
      at Layer.handleRequest (node_modules/router/lib/layer.js:152:17)
      at node_modules/router/index.js:295:15
      at param (node_modules/router/index.js:600:14)
      at param (node_modules/router/index.js:610:14)
      at processParams (node_modules/router/index.js:664:3)
      at next (node_modules/router/index.js:291:5)
      at router.handle (node_modules/router/index.js:186:3)
      at router (node_modules/router/index.js:60:12)
      at Layer.handleRequest (node_modules/router/lib/layer.js:152:17)
      at trimPrefix (node_modules/router/index.js:342:13)
      at node_modules/router/index.js:297:9
      at processParams (node_modules/router/index.js:582:12)
      at next (node_modules/router/index.js:291:5)
      at cookieParser (node_modules/cookie-parser/index.js:57:14)
      at Layer.handleRequest (node_modules/router/lib/layer.js:152:17)
      at trimPrefix (node_modules/router/index.js:342:13)
      at node_modules/router/index.js:297:9
      at processParams (node_modules/router/index.js:582:12)
      at next (node_modules/router/index.js:291:5)
      at node_modules/body-parser/lib/read.js:172:5
      at invokeCallback (node_modules/raw-body/index.js:238:16)
      at done (node_modules/raw-body/index.js:227:7)
      at IncomingMessage.onEnd (node_modules/raw-body/index.js:287:7)

  console.error
    JsonWebTokenError {
      name: 'JsonWebTokenError',
      message: 'jwt malformed'
    }

    [0m [90m 18 |[39m       next()[33m;[39m
     [90m 19 |[39m     } [36mcatch[39m (error) {
    [31m[1m>[22m[39m[90m 20 |[39m       console[33m.[39merror(error)[33m;[39m
     [90m    |[39m               [31m[1m^[22m[39m
     [90m 21 |[39m       res[33m.[39mstatus([35m401[39m)[33m.[39mjson({ message[33m:[39m [32m'Not authorized, token failed'[39m })[33m;[39m
     [90m 22 |[39m     }
     [90m 23 |[39m   }[0m

      at error (middleware/authMiddleware.js:20:15)
      at Layer.handleRequest (node_modules/router/lib/layer.js:152:17)
      at next (node_modules/router/lib/route.js:157:13)
      at Route.dispatch (node_modules/router/lib/route.js:117:3)
      at handle (node_modules/router/index.js:435:11)
      at Layer.handleRequest (node_modules/router/lib/layer.js:152:17)
      at node_modules/router/index.js:295:15
      at processParams (node_modules/router/index.js:582:12)
      at next (node_modules/router/index.js:291:5)
      at router.handle (node_modules/router/index.js:186:3)
      at router (node_modules/router/index.js:60:12)
      at Layer.handleRequest (node_modules/router/lib/layer.js:152:17)
      at trimPrefix (node_modules/router/index.js:342:13)
      at node_modules/router/index.js:297:9
      at processParams (node_modules/router/index.js:582:12)
      at next (node_modules/router/index.js:291:5)
      at cookieParser (node_modules/cookie-parser/index.js:57:14)
      at Layer.handleRequest (node_modules/router/lib/layer.js:152:17)
      at trimPrefix (node_modules/router/index.js:342:13)
      at node_modules/router/index.js:297:9
      at processParams (node_modules/router/index.js:582:12)
      at next (node_modules/router/index.js:291:5)
      at node_modules/body-parser/lib/read.js:172:5
      at invokeCallback (node_modules/raw-body/index.js:238:16)
      at done (node_modules/raw-body/index.js:227:7)
      at IncomingMessage.onEnd (node_modules/raw-body/index.js:287:7)

  console.error
    JsonWebTokenError {
      name: 'JsonWebTokenError',
      message: 'jwt malformed'
    }

    [0m [90m 18 |[39m       next()[33m;[39m
     [90m 19 |[39m     } [36mcatch[39m (error) {
    [31m[1m>[22m[39m[90m 20 |[39m       console[33m.[39merror(error)[33m;[39m
     [90m    |[39m               [31m[1m^[22m[39m
     [90m 21 |[39m       res[33m.[39mstatus([35m401[39m)[33m.[39mjson({ message[33m:[39m [32m'Not authorized, token failed'[39m })[33m;[39m
     [90m 22 |[39m     }
     [90m 23 |[39m   }[0m

      at error (middleware/authMiddleware.js:20:15)
      at Layer.handleRequest (node_modules/router/lib/layer.js:152:17)
      at next (node_modules/router/lib/route.js:157:13)
      at Route.dispatch (node_modules/router/lib/route.js:117:3)
      at handle (node_modules/router/index.js:435:11)
      at Layer.handleRequest (node_modules/router/lib/layer.js:152:17)
      at node_modules/router/index.js:295:15
      at param (node_modules/router/index.js:600:14)
      at param (node_modules/router/index.js:610:14)
      at processParams (node_modules/router/index.js:664:3)
      at next (node_modules/router/index.js:291:5)
      at router.handle (node_modules/router/index.js:186:3)
      at router (node_modules/router/index.js:60:12)
      at Layer.handleRequest (node_modules/router/lib/layer.js:152:17)
      at trimPrefix (node_modules/router/index.js:342:13)
      at node_modules/router/index.js:297:9
      at processParams (node_modules/router/index.js:582:12)
      at next (node_modules/router/index.js:291:5)
      at cookieParser (node_modules/cookie-parser/index.js:57:14)
      at Layer.handleRequest (node_modules/router/lib/layer.js:152:17)
      at trimPrefix (node_modules/router/index.js:342:13)
      at node_modules/router/index.js:297:9
      at processParams (node_modules/router/index.js:582:12)
      at next (node_modules/router/index.js:291:5)
      at read (node_modules/body-parser/lib/read.js:54:5)
      at jsonParser (node_modules/body-parser/lib/types/json.js:90:5)
      at Layer.handleRequest (node_modules/router/lib/layer.js:152:17)
      at trimPrefix (node_modules/router/index.js:342:13)
      at node_modules/router/index.js:297:9
      at processParams (node_modules/router/index.js:582:12)
      at next (node_modules/router/index.js:291:5)
      at cors (node_modules/cors/lib/index.js:188:7)
      at node_modules/cors/lib/index.js:224:17
      at originCallback (node_modules/cors/lib/index.js:214:15)
      at node_modules/cors/lib/index.js:219:13
      at optionsCallback (node_modules/cors/lib/index.js:199:9)
      at corsMiddleware (node_modules/cors/lib/index.js:204:7)
      at Layer.handleRequest (node_modules/router/lib/layer.js:152:17)
      at trimPrefix (node_modules/router/index.js:342:13)
      at node_modules/router/index.js:297:9
      at processParams (node_modules/router/index.js:582:12)
      at next (node_modules/router/index.js:291:5)
      at router.handle (node_modules/router/index.js:186:3)
      at app.handle (node_modules/express/lib/application.js:177:15)
      at Server.app (node_modules/express/lib/express.js:38:9)

FAIL __tests__/application
.test.js
  Application CRUD 
Operations
    POST 
/api/applications (Create)
      ΓêÜ should create a 
new application (176 ms)
      ΓêÜ should not 
create application 
without auth (21 ms)
    GET /api/applications 
(Read)
      ΓêÜ should get all 
user applications (133 ms)
      ├ù should filter 
applications by status 
(34 ms)
      ΓêÜ should not get 
applications without auth 
(158 ms)
    PUT 
/api/applications/:id 
(Update)
      ├ù should update 
application (140 ms)
      ├ù should not 
update non-existent 
application (132 ms)
    DELETE 
/api/applications/:id
      ├ù should delete 
application (140 ms)

  ΓùÅ Application CRUD 
Operations ΓÇ║ GET 
/api/applications (Read) 
ΓÇ║ should filter 
applications by status

    expect(received).toBe(
expected) // Object.is 
equality

    Expected: 200
    Received: 401

    [0m [90m 102 |[39m 
        [33m.[39m[36mse
t[39m([32m'Authorization
'[39m[33m,[39m 
[32m`Bearer 
${token}`[39m)[33m;[39m
     [90m 103 |[39m
    
[31m[1m>[22m[39m[90m 
104 |[39m       expect(re
s[33m.[39mstatusCode)[3
3m.[39mtoBe([35m200[39m
)[33m;[39m
     [90m     |[39m     
                         
[31m[1m^[22m[39m
     [90m 105 |[39m     
  expect(res[33m.[39mbod
y[33m.[39mapplications[
33m.[39mevery(app 
[33m=>[39m 
app[33m.[39mstatus 
[33m===[39m [32m'applie
d'[39m))[33m.[39mtoBe(
[36mtrue[39m)[33m;[39m
     [90m 106 |[39m     
})[33m;[39m
     [90m 107 |[39m[0m

      at Object.toBe (__te
sts__/application.test.js:
104:30)

  ΓùÅ Application CRUD 
Operations ΓÇ║ PUT 
/api/applications/:id 
(Update) ΓÇ║ should 
update application

    expect(received).toBe(
expected) // Object.is 
equality

    Expected: 200
    Received: 404

    [0m [90m 135 |[39m 
        })[33m;[39m
     [90m 136 |[39m
    
[31m[1m>[22m[39m[90m 
137 |[39m       expect(re
s[33m.[39mstatusCode)[3
3m.[39mtoBe([35m200[39m
)[33m;[39m
     [90m     |[39m     
                         
[31m[1m^[22m[39m
     [90m 138 |[39m     
  expect(res[33m.[39mbod
y[33m.[39mstatus)[33m.
[39mtoBe([32m'in-progress
'[39m)[33m;[39m
     [90m 139 |[39m     
  expect(res[33m.[39mbod
y[33m.[39mnotes)[33m.[
39mtoBe([32m'Interview sc
heduled'[39m)[33m;[39m
     [90m 140 |[39m     
})[33m;[39m[0m

      at Object.toBe (__te
sts__/application.test.js:
137:30)

  ΓùÅ Application CRUD 
Operations ΓÇ║ PUT 
/api/applications/:id 
(Update) ΓÇ║ should not 
update non-existent 
application

    expect(received).toBe(
expected) // Object.is 
equality

    Expected: 404
    Received: 401

    [0m [90m 147 |[39m 
        [33m.[39msend({ 
status[33m:[39m 
[32m'offer'[39m 
})[33m;[39m
     [90m 148 |[39m
    
[31m[1m>[22m[39m[90m 
149 |[39m       expect(re
s[33m.[39mstatusCode)[3
3m.[39mtoBe([35m404[39m
)[33m;[39m
     [90m     |[39m     
                         
[31m[1m^[22m[39m
     [90m 150 |[39m     
})[33m;[39m
     [90m 151 |[39m   
})[33m;[39m
     [90m 152 |[39m[0m

      at Object.toBe (__te
sts__/application.test.js:
149:30)

  ΓùÅ Application CRUD 
Operations ΓÇ║ DELETE 
/api/applications/:id ΓÇ║ 
should delete application

    expect(received).toBe(
expected) // Object.is 
equality

    Expected: 200
    Received: 401

    [0m [90m 168 |[39m 
        [33m.[39m[36mse
t[39m([32m'Authorization
'[39m[33m,[39m 
[32m`Bearer 
${token}`[39m)[33m;[39m
     [90m 169 |[39m
    
[31m[1m>[22m[39m[90m 
170 |[39m       expect(re
s[33m.[39mstatusCode)[3
3m.[39mtoBe([35m200[39m
)[33m;[39m
     [90m     |[39m     
                         
[31m[1m^[22m[39m
     [90m 171 |[39m     
  expect(res[33m.[39mbod
y[33m.[39mmessage)[33m.
[39mtoBe([32m'Applicatio
n deleted successfully'[3
9m)[33m;[39m
     [90m 172 |[39m
     [90m 173 |[39m     
  [90m// Verify it's 
deleted[39m[0m

      at Object.toBe (__te
sts__/application.test.js:
170:30)

Test Suites: 2 failed, 2 
total
Tests:       8 failed, 8 
passed, 16 total
Snapshots:   0 total
Time:        9.93 s
Ran all test suites.

  console.log
    [dotenv@17.2.3] injecting env (3) from .env -- tip: ΓÜÖ∩╕Å  enable debug logging with { debug: true }

      at _log (node_modules/dotenv/lib/main.js:142:11)

  console.error
    JsonWebTokenError {
      name: 'JsonWebTokenError',
      message: 'jwt malformed'
    }

    [0m [90m 18 |[39m       next()[33m;[39m
     [90m 19 |[39m     } [36mcatch[39m (error) {
    [31m[1m>[22m[39m[90m 20 |[39m       console[33m.[39merror(error)[33m;[39m
     [90m    |[39m               [31m[1m^[22m[39m
     [90m 21 |[39m       res[33m.[39mstatus([35m401[39m)[33m.[39mjson({ message[33m:[39m [32m'Not authorized, token failed'[39m })[33m;[39m
     [90m 22 |[39m     }
     [90m 23 |[39m   }[0m

      at error (middleware/authMiddleware.js:20:15)
      at Layer.handleRequest (node_modules/router/lib/layer.js:152:17)
      at next (node_modules/router/lib/route.js:157:13)
      at Route.dispatch (node_modules/router/lib/route.js:117:3)
      at handle (node_modules/router/index.js:435:11)
      at Layer.handleRequest (node_modules/router/lib/layer.js:152:17)
      at node_modules/router/index.js:295:15
      at processParams (node_modules/router/index.js:582:12)
      at next (node_modules/router/index.js:291:5)
      at router.handle (node_modules/router/index.js:186:3)
      at router (node_modules/router/index.js:60:12)
      at Layer.handleRequest (node_modules/router/lib/layer.js:152:17)
      at trimPrefix (node_modules/router/index.js:342:13)
      at node_modules/router/index.js:297:9
      at processParams (node_modules/router/index.js:582:12)
      at next (node_modules/router/index.js:291:5)
      at cookieParser (node_modules/cookie-parser/index.js:57:14)
      at Layer.handleRequest (node_modules/router/lib/layer.js:152:17)
      at trimPrefix (node_modules/router/index.js:342:13)
      at node_modules/router/index.js:297:9
      at processParams (node_modules/router/index.js:582:12)
      at next (node_modules/router/index.js:291:5)
      at read (node_modules/body-parser/lib/read.js:54:5)
      at jsonParser (node_modules/body-parser/lib/types/json.js:90:5)
      at Layer.handleRequest (node_modules/router/lib/layer.js:152:17)
      at trimPrefix (node_modules/router/index.js:342:13)
      at node_modules/router/index.js:297:9
      at processParams (node_modules/router/index.js:582:12)
      at next (node_modules/router/index.js:291:5)
      at cors (node_modules/cors/lib/index.js:188:7)
      at node_modules/cors/lib/index.js:224:17
      at originCallback (node_modules/cors/lib/index.js:214:15)
      at node_modules/cors/lib/index.js:219:13
      at optionsCallback (node_modules/cors/lib/index.js:199:9)
      at corsMiddleware (node_modules/cors/lib/index.js:204:7)
      at Layer.handleRequest (node_modules/router/lib/layer.js:152:17)
      at trimPrefix (node_modules/router/index.js:342:13)
      at node_modules/router/index.js:297:9
      at processParams (node_modules/router/index.js:582:12)
      at next (node_modules/router/index.js:291:5)
      at router.handle (node_modules/router/index.js:186:3)
      at app.handle (node_modules/express/lib/application.js:177:15)
      at Server.app (node_modules/express/lib/express.js:38:9)

  console.error
    JsonWebTokenError {
      name: 'JsonWebTokenError',
      message: 'jwt malformed'
    }

    [0m [90m 18 |[39m       next()[33m;[39m
     [90m 19 |[39m     } [36mcatch[39m (error) {
    [31m[1m>[22m[39m[90m 20 |[39m       console[33m.[39merror(error)[33m;[39m
     [90m    |[39m               [31m[1m^[22m[39m
     [90m 21 |[39m       res[33m.[39mstatus([35m401[39m)[33m.[39mjson({ message[33m:[39m [32m'Not authorized, token failed'[39m })[33m;[39m
     [90m 22 |[39m     }
     [90m 23 |[39m   }[0m

      at error (middleware/authMiddleware.js:20:15)
      at Layer.handleRequest (node_modules/router/lib/layer.js:152:17)
      at next (node_modules/router/lib/route.js:157:13)
      at Route.dispatch (node_modules/router/lib/route.js:117:3)
      at handle (node_modules/router/index.js:435:11)
      at Layer.handleRequest (node_modules/router/lib/layer.js:152:17)
      at node_modules/router/index.js:295:15
      at processParams (node_modules/router/index.js:582:12)
      at next (node_modules/router/index.js:291:5)
      at router.handle (node_modules/router/index.js:186:3)
      at router (node_modules/router/index.js:60:12)
      at Layer.handleRequest (node_modules/router/lib/layer.js:152:17)
      at trimPrefix (node_modules/router/index.js:342:13)
      at node_modules/router/index.js:297:9
      at processParams (node_modules/router/index.js:582:12)
      at next (node_modules/router/index.js:291:5)
      at cookieParser (node_modules/cookie-parser/index.js:57:14)
      at Layer.handleRequest (node_modules/router/lib/layer.js:152:17)
      at trimPrefix (node_modules/router/index.js:342:13)
      at node_modules/router/index.js:297:9
      at processParams (node_modules/router/index.js:582:12)
      at next (node_modules/router/index.js:291:5)
      at read (node_modules/body-parser/lib/read.js:54:5)
      at jsonParser (node_modules/body-parser/lib/types/json.js:90:5)
      at Layer.handleRequest (node_modules/router/lib/layer.js:152:17)
      at trimPrefix (node_modules/router/index.js:342:13)
      at node_modules/router/index.js:297:9
      at processParams (node_modules/router/index.js:582:12)
      at next (node_modules/router/index.js:291:5)
      at cors (node_modules/cors/lib/index.js:188:7)
      at node_modules/cors/lib/index.js:224:17
      at originCallback (node_modules/cors/lib/index.js:214:15)
      at node_modules/cors/lib/index.js:219:13
      at optionsCallback (node_modules/cors/lib/index.js:199:9)
      at corsMiddleware (node_modules/cors/lib/index.js:204:7)
      at Layer.handleRequest (node_modules/router/lib/layer.js:152:17)
      at trimPrefix (node_modules/router/index.js:342:13)
      at node_modules/router/index.js:297:9
      at processParams (node_modules/router/index.js:582:12)
      at next (node_modules/router/index.js:291:5)
      at router.handle (node_modules/router/index.js:186:3)
      at app.handle (node_modules/express/lib/application.js:177:15)
      at Server.app (node_modules/express/lib/express.js:38:9)

FAIL 
__tests__/auth.test.js 
(7.339 s)
  User Authentication
    POST /api/users 
(Register)
      ├ù should register 
a new user successfully 
(160 ms)
      ΓêÜ should not 
register user with 
existing email (169 ms)
    POST /api/users/login
      ├ù should login 
with correct credentials 
(191 ms)
      ΓêÜ should not 
login with incorrect 
password (57 ms)
      ΓêÜ should not 
login with non-existent 
email (234 ms)
    GET /api/users/me 
(Protected Route)
      ├ù should get user 
profile with valid token 
(167 ms)
      ΓêÜ should not get 
profile without token 
(170 ms)
      ΓêÜ should not get 
profile with invalid 
token (164 ms)

  ΓùÅ User Authentication 
ΓÇ║ POST /api/users 
(Register) ΓÇ║ should 
register a new user 
successfully

    expect(received).toBe(
expected) // Object.is 
equality

    Expected: 201
    Received: 400

    [0m [90m 37 |[39m  
       })[33m;[39m
     [90m 38 |[39m
    
[31m[1m>[22m[39m[90m 
39 |[39m       expect(res
[33m.[39mstatusCode)[33
m.[39mtoBe([35m201[39m)
[33m;[39m
     [90m    |[39m      
                        
[31m[1m^[22m[39m
     [90m 40 |[39m      
 expect(res[33m.[39mbody
)[33m.[39mtoHaveProperty
([32m'token'[39m)[33m;
[39m
     [90m 41 |[39m      
 expect(res[33m.[39mbody
[33m.[39memail)[33m.[3
9mtoBe([32m'test@example.
com'[39m)[33m;[39m
     [90m 42 |[39m      
 expect(res[33m.[39mbody
[33m.[39mname)[33m.[39
mtoBe([32m'Test 
User'[39m)[33m;[39m[0m

      at Object.toBe (__te
sts__/auth.test.js:39:30)

  ΓùÅ User Authentication 
ΓÇ║ POST /api/users/login 
ΓÇ║ should login with 
correct credentials

    expect(received).toBe(
expected) // Object.is 
equality

    Expected: 200
    Received: 401

    [0m [90m 87 |[39m  
       })[33m;[39m
     [90m 88 |[39m
    
[31m[1m>[22m[39m[90m 
89 |[39m       expect(res
[33m.[39mstatusCode)[33
m.[39mtoBe([35m200[39m)
[33m;[39m
     [90m    |[39m      
                        
[31m[1m^[22m[39m
     [90m 90 |[39m      
 expect(res[33m.[39mbody
)[33m.[39mtoHaveProperty
([32m'token'[39m)[33m;
[39m
     [90m 91 |[39m      
 expect(res[33m.[39mbody
[33m.[39memail)[33m.[3
9mtoBe([32m'test@example.
com'[39m)[33m;[39m
     [90m 92 |[39m     
})[33m;[39m[0m

      at Object.toBe (__te
sts__/auth.test.js:89:30)

  ΓùÅ User Authentication 
ΓÇ║ GET /api/users/me 
(Protected Route) ΓÇ║ 
should get user profile 
with valid token

    expect(received).toBe(
expected) // Object.is 
equality

    Expected: 200
    Received: 401

    [0m [90m 137 |[39m 
        [33m.[39m[36mse
t[39m([32m'Authorization
'[39m[33m,[39m 
[32m`Bearer 
${token}`[39m)[33m;[39m
     [90m 138 |[39m
    
[31m[1m>[22m[39m[90m 
139 |[39m       expect(re
s[33m.[39mstatusCode)[3
3m.[39mtoBe([35m200[39m
)[33m;[39m
     [90m     |[39m     
                         
[31m[1m^[22m[39m
     [90m 140 |[39m     
  expect(res[33m.[39mbod
y[33m.[39memail)[33m.[
39mtoBe([32m'test@example
.com'[39m)[33m;[39m
     [90m 141 |[39m     
  expect(res[33m.[39mbod
y[33m.[39mname)[33m.[3
9mtoBe([32m'Test 
User'[39m)[33m;[39m
     [90m 142 |[39m     
})[33m;[39m[0m

      at Object.toBe (__te
sts__/auth.test.js:139:30)

  console.log
    [dotenv@17.2.3] injecting env (3) from .env -- tip: ≡ƒöÉ encrypt with Dotenvx: https://dotenvx.com

      at _log (node_modules/dotenv/lib/main.js:142:11)

  console.error
    JsonWebTokenError {
      name: 'JsonWebTokenError',
      message: 'jwt malformed'
    }

    [0m [90m 18 |[39m       next()[33m;[39m
     [90m 19 |[39m     } [36mcatch[39m (error) {
    [31m[1m>[22m[39m[90m 20 |[39m       console[33m.[39merror(error)[33m;[39m
     [90m    |[39m               [31m[1m^[22m[39m
     [90m 21 |[39m       res[33m.[39mstatus([35m401[39m)[33m.[39mjson({ message[33m:[39m [32m'Not authorized, token failed'[39m })[33m;[39m
     [90m 22 |[39m     }
     [90m 23 |[39m   }[0m

      at error (middleware/authMiddleware.js:20:15)
      at Layer.handleRequest (node_modules/router/lib/layer.js:152:17)
      at next (node_modules/router/lib/route.js:157:13)
      at Route.dispatch (node_modules/router/lib/route.js:117:3)
      at handle (node_modules/router/index.js:435:11)
      at Layer.handleRequest (node_modules/router/lib/layer.js:152:17)
      at node_modules/router/index.js:295:15
      at processParams (node_modules/router/index.js:582:12)
      at next (node_modules/router/index.js:291:5)
      at router.handle (node_modules/router/index.js:186:3)
      at router (node_modules/router/index.js:60:12)
      at Layer.handleRequest (node_modules/router/lib/layer.js:152:17)
      at trimPrefix (node_modules/router/index.js:342:13)
      at node_modules/router/index.js:297:9
      at processParams (node_modules/router/index.js:582:12)
      at next (node_modules/router/index.js:291:5)
      at cookieParser (node_modules/cookie-parser/index.js:57:14)
      at Layer.handleRequest (node_modules/router/lib/layer.js:152:17)
      at trimPrefix (node_modules/router/index.js:342:13)
      at node_modules/router/index.js:297:9
      at processParams (node_modules/router/index.js:582:12)
      at next (node_modules/router/index.js:291:5)
      at node_modules/body-parser/lib/read.js:172:5
      at invokeCallback (node_modules/raw-body/index.js:238:16)
      at done (node_modules/raw-body/index.js:227:7)
      at IncomingMessage.onEnd (node_modules/raw-body/index.js:287:7)

  console.error
    JsonWebTokenError {
      name: 'JsonWebTokenError',
      message: 'jwt malformed'
    }

    [0m [90m 18 |[39m       next()[33m;[39m
     [90m 19 |[39m     } [36mcatch[39m (error) {
    [31m[1m>[22m[39m[90m 20 |[39m       console[33m.[39merror(error)[33m;[39m
     [90m    |[39m               [31m[1m^[22m[39m
     [90m 21 |[39m       res[33m.[39mstatus([35m401[39m)[33m.[39mjson({ message[33m:[39m [32m'Not authorized, token failed'[39m })[33m;[39m
     [90m 22 |[39m     }
     [90m 23 |[39m   }[0m

      at error (middleware/authMiddleware.js:20:15)
      at Layer.handleRequest (node_modules/router/lib/layer.js:152:17)
      at next (node_modules/router/lib/route.js:157:13)
      at Route.dispatch (node_modules/router/lib/route.js:117:3)
      at handle (node_modules/router/index.js:435:11)
      at Layer.handleRequest (node_modules/router/lib/layer.js:152:17)
      at node_modules/router/index.js:295:15
      at processParams (node_modules/router/index.js:582:12)
      at next (node_modules/router/index.js:291:5)
      at router.handle (node_modules/router/index.js:186:3)
      at router (node_modules/router/index.js:60:12)
      at Layer.handleRequest (node_modules/router/lib/layer.js:152:17)
      at trimPrefix (node_modules/router/index.js:342:13)
      at node_modules/router/index.js:297:9
      at processParams (node_modules/router/index.js:582:12)
      at next (node_modules/router/index.js:291:5)
      at cookieParser (node_modules/cookie-parser/index.js:57:14)
      at Layer.handleRequest (node_modules/router/lib/layer.js:152:17)
      at trimPrefix (node_modules/router/index.js:342:13)
      at node_modules/router/index.js:297:9
      at processParams (node_modules/router/index.js:582:12)
      at next (node_modules/router/index.js:291:5)
      at node_modules/body-parser/lib/read.js:172:5
      at invokeCallback (node_modules/raw-body/index.js:238:16)
      at done (node_modules/raw-body/index.js:227:7)
      at IncomingMessage.onEnd (node_modules/raw-body/index.js:287:7)

  console.error
    JsonWebTokenError {
      name: 'JsonWebTokenError',
      message: 'jwt malformed'
    }

    [0m [90m 18 |[39m       next()[33m;[39m
     [90m 19 |[39m     } [36mcatch[39m (error) {
    [31m[1m>[22m[39m[90m 20 |[39m       console[33m.[39merror(error)[33m;[39m
     [90m    |[39m               [31m[1m^[22m[39m
     [90m 21 |[39m       res[33m.[39mstatus([35m401[39m)[33m.[39mjson({ message[33m:[39m [32m'Not authorized, token failed'[39m })[33m;[39m
     [90m 22 |[39m     }
     [90m 23 |[39m   }[0m

      at error (middleware/authMiddleware.js:20:15)
      at Layer.handleRequest (node_modules/router/lib/layer.js:152:17)
      at next (node_modules/router/lib/route.js:157:13)
      at Route.dispatch (node_modules/router/lib/route.js:117:3)
      at handle (node_modules/router/index.js:435:11)
      at Layer.handleRequest (node_modules/router/lib/layer.js:152:17)
      at node_modules/router/index.js:295:15
      at processParams (node_modules/router/index.js:582:12)
      at next (node_modules/router/index.js:291:5)
      at router.handle (node_modules/router/index.js:186:3)
      at router (node_modules/router/index.js:60:12)
      at Layer.handleRequest (node_modules/router/lib/layer.js:152:17)
      at trimPrefix (node_modules/router/index.js:342:13)
      at node_modules/router/index.js:297:9
      at processParams (node_modules/router/index.js:582:12)
      at next (node_modules/router/index.js:291:5)
      at cookieParser (node_modules/cookie-parser/index.js:57:14)
      at Layer.handleRequest (node_modules/router/lib/layer.js:152:17)
      at trimPrefix (node_modules/router/index.js:342:13)
      at node_modules/router/index.js:297:9
      at processParams (node_modules/router/index.js:582:12)
      at next (node_modules/router/index.js:291:5)
      at read (node_modules/body-parser/lib/read.js:54:5)
      at jsonParser (node_modules/body-parser/lib/types/json.js:90:5)
      at Layer.handleRequest (node_modules/router/lib/layer.js:152:17)
      at trimPrefix (node_modules/router/index.js:342:13)
      at node_modules/router/index.js:297:9
      at processParams (node_modules/router/index.js:582:12)
      at next (node_modules/router/index.js:291:5)
      at cors (node_modules/cors/lib/index.js:188:7)
      at node_modules/cors/lib/index.js:224:17
      at originCallback (node_modules/cors/lib/index.js:214:15)
      at node_modules/cors/lib/index.js:219:13
      at optionsCallback (node_modules/cors/lib/index.js:199:9)
      at corsMiddleware (node_modules/cors/lib/index.js:204:7)
      at Layer.handleRequest (node_modules/router/lib/layer.js:152:17)
      at trimPrefix (node_modules/router/index.js:342:13)
      at node_modules/router/index.js:297:9
      at processParams (node_modules/router/index.js:582:12)
      at next (node_modules/router/index.js:291:5)
      at router.handle (node_modules/router/index.js:186:3)
      at app.handle (node_modules/express/lib/application.js:177:15)
      at Server.app (node_modules/express/lib/express.js:38:9)

  console.error
    JsonWebTokenError {
      name: 'JsonWebTokenError',
      message: 'jwt malformed'
    }

    [0m [90m 18 |[39m       next()[33m;[39m
     [90m 19 |[39m     } [36mcatch[39m (error) {
    [31m[1m>[22m[39m[90m 20 |[39m       console[33m.[39merror(error)[33m;[39m
     [90m    |[39m               [31m[1m^[22m[39m
     [90m 21 |[39m       res[33m.[39mstatus([35m401[39m)[33m.[39mjson({ message[33m:[39m [32m'Not authorized, token failed'[39m })[33m;[39m
     [90m 22 |[39m     }
     [90m 23 |[39m   }[0m

      at error (middleware/authMiddleware.js:20:15)
      at Layer.handleRequest (node_modules/router/lib/layer.js:152:17)
      at next (node_modules/router/lib/route.js:157:13)
      at Route.dispatch (node_modules/router/lib/route.js:117:3)
      at handle (node_modules/router/index.js:435:11)
      at Layer.handleRequest (node_modules/router/lib/layer.js:152:17)
      at node_modules/router/index.js:295:15
      at processParams (node_modules/router/index.js:582:12)
      at next (node_modules/router/index.js:291:5)
      at router.handle (node_modules/router/index.js:186:3)
      at router (node_modules/router/index.js:60:12)
      at Layer.handleRequest (node_modules/router/lib/layer.js:152:17)
      at trimPrefix (node_modules/router/index.js:342:13)
      at node_modules/router/index.js:297:9
      at processParams (node_modules/router/index.js:582:12)
      at next (node_modules/router/index.js:291:5)
      at cookieParser (node_modules/cookie-parser/index.js:57:14)
      at Layer.handleRequest (node_modules/router/lib/layer.js:152:17)
      at trimPrefix (node_modules/router/index.js:342:13)
      at node_modules/router/index.js:297:9
      at processParams (node_modules/router/index.js:582:12)
      at next (node_modules/router/index.js:291:5)
      at node_modules/body-parser/lib/read.js:172:5
      at invokeCallback (node_modules/raw-body/index.js:238:16)
      at done (node_modules/raw-body/index.js:227:7)
      at IncomingMessage.onEnd (node_modules/raw-body/index.js:287:7)

  console.error
    JsonWebTokenError {
      name: 'JsonWebTokenError',
      message: 'jwt malformed'
    }

    [0m [90m 18 |[39m       next()[33m;[39m
     [90m 19 |[39m     } [36mcatch[39m (error) {
    [31m[1m>[22m[39m[90m 20 |[39m       console[33m.[39merror(error)[33m;[39m
     [90m    |[39m               [31m[1m^[22m[39m
     [90m 21 |[39m       res[33m.[39mstatus([35m401[39m)[33m.[39mjson({ message[33m:[39m [32m'Not authorized, token failed'[39m })[33m;[39m
     [90m 22 |[39m     }
     [90m 23 |[39m   }[0m

      at error (middleware/authMiddleware.js:20:15)
      at Layer.handleRequest (node_modules/router/lib/layer.js:152:17)
      at next (node_modules/router/lib/route.js:157:13)
      at Route.dispatch (node_modules/router/lib/route.js:117:3)
      at handle (node_modules/router/index.js:435:11)
      at Layer.handleRequest (node_modules/router/lib/layer.js:152:17)
      at node_modules/router/index.js:295:15
      at param (node_modules/router/index.js:600:14)
      at param (node_modules/router/index.js:610:14)
      at processParams (node_modules/router/index.js:664:3)
      at next (node_modules/router/index.js:291:5)
      at router.handle (node_modules/router/index.js:186:3)
      at router (node_modules/router/index.js:60:12)
      at Layer.handleRequest (node_modules/router/lib/layer.js:152:17)
      at trimPrefix (node_modules/router/index.js:342:13)
      at node_modules/router/index.js:297:9
      at processParams (node_modules/router/index.js:582:12)
      at next (node_modules/router/index.js:291:5)
      at cookieParser (node_modules/cookie-parser/index.js:57:14)
      at Layer.handleRequest (node_modules/router/lib/layer.js:152:17)
      at trimPrefix (node_modules/router/index.js:342:13)
      at node_modules/router/index.js:297:9
      at processParams (node_modules/router/index.js:582:12)
      at next (node_modules/router/index.js:291:5)
      at node_modules/body-parser/lib/read.js:172:5
      at invokeCallback (node_modules/raw-body/index.js:238:16)
      at done (node_modules/raw-body/index.js:227:7)
      at IncomingMessage.onEnd (node_modules/raw-body/index.js:287:7)

  console.error
    JsonWebTokenError {
      name: 'JsonWebTokenError',
      message: 'jwt malformed'
    }

    [0m [90m 18 |[39m       next()[33m;[39m
     [90m 19 |[39m     } [36mcatch[39m (error) {
    [31m[1m>[22m[39m[90m 20 |[39m       console[33m.[39merror(error)[33m;[39m
     [90m    |[39m               [31m[1m^[22m[39m
     [90m 21 |[39m       res[33m.[39mstatus([35m401[39m)[33m.[39mjson({ message[33m:[39m [32m'Not authorized, token failed'[39m })[33m;[39m
     [90m 22 |[39m     }
     [90m 23 |[39m   }[0m

      at error (middleware/authMiddleware.js:20:15)
      at Layer.handleRequest (node_modules/router/lib/layer.js:152:17)
      at next (node_modules/router/lib/route.js:157:13)
      at Route.dispatch (node_modules/router/lib/route.js:117:3)
      at handle (node_modules/router/index.js:435:11)
      at Layer.handleRequest (node_modules/router/lib/layer.js:152:17)
      at node_modules/router/index.js:295:15
      at processParams (node_modules/router/index.js:582:12)
      at next (node_modules/router/index.js:291:5)
      at router.handle (node_modules/router/index.js:186:3)
      at router (node_modules/router/index.js:60:12)
      at Layer.handleRequest (node_modules/router/lib/layer.js:152:17)
      at trimPrefix (node_modules/router/index.js:342:13)
      at node_modules/router/index.js:297:9
      at processParams (node_modules/router/index.js:582:12)
      at next (node_modules/router/index.js:291:5)
      at cookieParser (node_modules/cookie-parser/index.js:57:14)
      at Layer.handleRequest (node_modules/router/lib/layer.js:152:17)
      at trimPrefix (node_modules/router/index.js:342:13)
      at node_modules/router/index.js:297:9
      at processParams (node_modules/router/index.js:582:12)
      at next (node_modules/router/index.js:291:5)
      at node_modules/body-parser/lib/read.js:172:5
      at invokeCallback (node_modules/raw-body/index.js:238:16)
      at done (node_modules/raw-body/index.js:227:7)
      at IncomingMessage.onEnd (node_modules/raw-body/index.js:287:7)

  console.error
    JsonWebTokenError {
      name: 'JsonWebTokenError',
      message: 'jwt malformed'
    }

    [0m [90m 18 |[39m       next()[33m;[39m
     [90m 19 |[39m     } [36mcatch[39m (error) {
    [31m[1m>[22m[39m[90m 20 |[39m       console[33m.[39merror(error)[33m;[39m
     [90m    |[39m               [31m[1m^[22m[39m
     [90m 21 |[39m       res[33m.[39mstatus([35m401[39m)[33m.[39mjson({ message[33m:[39m [32m'Not authorized, token failed'[39m })[33m;[39m
     [90m 22 |[39m     }
     [90m 23 |[39m   }[0m

      at error (middleware/authMiddleware.js:20:15)
      at Layer.handleRequest (node_modules/router/lib/layer.js:152:17)
      at next (node_modules/router/lib/route.js:157:13)
      at Route.dispatch (node_modules/router/lib/route.js:117:3)
      at handle (node_modules/router/index.js:435:11)
      at Layer.handleRequest (node_modules/router/lib/layer.js:152:17)
      at node_modules/router/index.js:295:15
      at param (node_modules/router/index.js:600:14)
      at param (node_modules/router/index.js:610:14)
      at processParams (node_modules/router/index.js:664:3)
      at next (node_modules/router/index.js:291:5)
      at router.handle (node_modules/router/index.js:186:3)
      at router (node_modules/router/index.js:60:12)
      at Layer.handleRequest (node_modules/router/lib/layer.js:152:17)
      at trimPrefix (node_modules/router/index.js:342:13)
      at node_modules/router/index.js:297:9
      at processParams (node_modules/router/index.js:582:12)
      at next (node_modules/router/index.js:291:5)
      at cookieParser (node_modules/cookie-parser/index.js:57:14)
      at Layer.handleRequest (node_modules/router/lib/layer.js:152:17)
      at trimPrefix (node_modules/router/index.js:342:13)
      at node_modules/router/index.js:297:9
      at processParams (node_modules/router/index.js:582:12)
      at next (node_modules/router/index.js:291:5)
      at read (node_modules/body-parser/lib/read.js:54:5)
      at jsonParser (node_modules/body-parser/lib/types/json.js:90:5)
      at Layer.handleRequest (node_modules/router/lib/layer.js:152:17)
      at trimPrefix (node_modules/router/index.js:342:13)
      at node_modules/router/index.js:297:9
      at processParams (node_modules/router/index.js:582:12)
      at next (node_modules/router/index.js:291:5)
      at cors (node_modules/cors/lib/index.js:188:7)
      at node_modules/cors/lib/index.js:224:17
      at originCallback (node_modules/cors/lib/index.js:214:15)
      at node_modules/cors/lib/index.js:219:13
      at optionsCallback (node_modules/cors/lib/index.js:199:9)
      at corsMiddleware (node_modules/cors/lib/index.js:204:7)
      at Layer.handleRequest (node_modules/router/lib/layer.js:152:17)
      at trimPrefix (node_modules/router/index.js:342:13)
      at node_modules/router/index.js:297:9
      at processParams (node_modules/router/index.js:582:12)
      at next (node_modules/router/index.js:291:5)
      at router.handle (node_modules/router/index.js:186:3)
      at app.handle (node_modules/express/lib/application.js:177:15)
      at Server.app (node_modules/express/lib/express.js:38:9)

FAIL __tests__/application
.test.js (6.898 s)
  Application CRUD 
Operations
    POST 
/api/applications (Create)
      ΓêÜ should create a 
new application (385 ms)
      ΓêÜ should not 
create application 
without auth (218 ms)
    GET /api/applications 
(Read)
      ΓêÜ should get all 
user applications (218 ms)
      ├ù should filter 
applications by status 
(264 ms)
      ΓêÜ should not get 
applications without auth 
(371 ms)
    PUT 
/api/applications/:id 
(Update)
      ├ù should update 
application (464 ms)
      ΓêÜ should not 
update non-existent 
application (883 ms)
    DELETE 
/api/applications/:id
      ├ù should delete 
application (669 ms)

  ΓùÅ Application CRUD 
Operations ΓÇ║ GET 
/api/applications (Read) 
ΓÇ║ should filter 
applications by status

    expect(received).toBe(
expected) // Object.is 
equality

    Expected: 200
    Received: 401

    [0m [90m 102 |[39m 
        [33m.[39m[36mse
t[39m([32m'Authorization
'[39m[33m,[39m 
[32m`Bearer 
${token}`[39m)[33m;[39m
     [90m 103 |[39m
    
[31m[1m>[22m[39m[90m 
104 |[39m       expect(re
s[33m.[39mstatusCode)[3
3m.[39mtoBe([35m200[39m
)[33m;[39m
     [90m     |[39m     
                         
[31m[1m^[22m[39m
     [90m 105 |[39m     
  expect(res[33m.[39mbod
y[33m.[39mapplications[
33m.[39mevery(app 
[33m=>[39m 
app[33m.[39mstatus 
[33m===[39m [32m'applie
d'[39m))[33m.[39mtoBe(
[36mtrue[39m)[33m;[39m
     [90m 106 |[39m     
})[33m;[39m
     [90m 107 |[39m[0m

      at Object.toBe (__te
sts__/application.test.js:
104:30)

  ΓùÅ Application CRUD 
Operations ΓÇ║ PUT 
/api/applications/:id 
(Update) ΓÇ║ should 
update application

    expect(received).toBe(
expected) // Object.is 
equality

    Expected: 200
    Received: 401

    [0m [90m 135 |[39m 
        })[33m;[39m
     [90m 136 |[39m
    
[31m[1m>[22m[39m[90m 
137 |[39m       expect(re
s[33m.[39mstatusCode)[3
3m.[39mtoBe([35m200[39m
)[33m;[39m
     [90m     |[39m     
                         
[31m[1m^[22m[39m
     [90m 138 |[39m     
  expect(res[33m.[39mbod
y[33m.[39mstatus)[33m.
[39mtoBe([32m'in-progress
'[39m)[33m;[39m
     [90m 139 |[39m     
  expect(res[33m.[39mbod
y[33m.[39mnotes)[33m.[
39mtoBe([32m'Interview sc
heduled'[39m)[33m;[39m
     [90m 140 |[39m     
})[33m;[39m[0m

      at Object.toBe (__te
sts__/application.test.js:
137:30)

  ΓùÅ Application CRUD 
Operations ΓÇ║ DELETE 
/api/applications/:id ΓÇ║ 
should delete application

    expect(received).toBe(
expected) // Object.is 
equality

    Expected: 200
    Received: 401

    [0m [90m 168 |[39m 
        [33m.[39m[36mse
t[39m([32m'Authorization
'[39m[33m,[39m 
[32m`Bearer 
${token}`[39m)[33m;[39m
     [90m 169 |[39m
    
[31m[1m>[22m[39m[90m 
170 |[39m       expect(re
s[33m.[39mstatusCode)[3
3m.[39mtoBe([35m200[39m
)[33m;[39m
     [90m     |[39m     
                         
[31m[1m^[22m[39m
     [90m 171 |[39m     
  expect(res[33m.[39mbod
y[33m.[39mmessage)[33m.
[39mtoBe([32m'Applicatio
n deleted successfully'[3
9m)[33m;[39m
     [90m 172 |[39m
     [90m 173 |[39m     
  [90m// Verify it's 
deleted[39m[0m

      at Object.toBe (__te
sts__/application.test.js:
170:30)

Test Suites: 2 failed, 2 
total
Tests:       6 failed, 10 
passed, 16 total
Snapshots:   0 total
Time:        14.285 s
Ran all test suites.

  console.log
    [dotenv@17.2.3] injecting env (3) from .env -- tip: ΓÜÖ∩╕Å  enable debug logging with { debug: true }

      at _log (node_modules/dotenv/lib/main.js:142:11)

  console.error
    JsonWebTokenError {
      name: 'JsonWebTokenError',
      message: 'jwt malformed'
    }

    [0m [90m 18 |[39m       next()[33m;[39m
     [90m 19 |[39m     } [36mcatch[39m (error) {
    [31m[1m>[22m[39m[90m 20 |[39m       console[33m.[39merror(error)[33m;[39m
     [90m    |[39m               [31m[1m^[22m[39m
     [90m 21 |[39m       res[33m.[39mstatus([35m401[39m)[33m.[39mjson({ message[33m:[39m [32m'Not authorized, token failed'[39m })[33m;[39m
     [90m 22 |[39m     }
     [90m 23 |[39m   }[0m

      at error (middleware/authMiddleware.js:20:15)
      at Layer.handleRequest (node_modules/router/lib/layer.js:152:17)
      at next (node_modules/router/lib/route.js:157:13)
      at Route.dispatch (node_modules/router/lib/route.js:117:3)
      at handle (node_modules/router/index.js:435:11)
      at Layer.handleRequest (node_modules/router/lib/layer.js:152:17)
      at node_modules/router/index.js:295:15
      at processParams (node_modules/router/index.js:582:12)
      at next (node_modules/router/index.js:291:5)
      at router.handle (node_modules/router/index.js:186:3)
      at router (node_modules/router/index.js:60:12)
      at Layer.handleRequest (node_modules/router/lib/layer.js:152:17)
      at trimPrefix (node_modules/router/index.js:342:13)
      at node_modules/router/index.js:297:9
      at processParams (node_modules/router/index.js:582:12)
      at next (node_modules/router/index.js:291:5)
      at cookieParser (node_modules/cookie-parser/index.js:57:14)
      at Layer.handleRequest (node_modules/router/lib/layer.js:152:17)
      at trimPrefix (node_modules/router/index.js:342:13)
      at node_modules/router/index.js:297:9
      at processParams (node_modules/router/index.js:582:12)
      at next (node_modules/router/index.js:291:5)
      at read (node_modules/body-parser/lib/read.js:54:5)
      at jsonParser (node_modules/body-parser/lib/types/json.js:90:5)
      at Layer.handleRequest (node_modules/router/lib/layer.js:152:17)
      at trimPrefix (node_modules/router/index.js:342:13)
      at node_modules/router/index.js:297:9
      at processParams (node_modules/router/index.js:582:12)
      at next (node_modules/router/index.js:291:5)
      at cors (node_modules/cors/lib/index.js:188:7)
      at node_modules/cors/lib/index.js:224:17
      at originCallback (node_modules/cors/lib/index.js:214:15)
      at node_modules/cors/lib/index.js:219:13
      at optionsCallback (node_modules/cors/lib/index.js:199:9)
      at corsMiddleware (node_modules/cors/lib/index.js:204:7)
      at Layer.handleRequest (node_modules/router/lib/layer.js:152:17)
      at trimPrefix (node_modules/router/index.js:342:13)
      at node_modules/router/index.js:297:9
      at processParams (node_modules/router/index.js:582:12)
      at next (node_modules/router/index.js:291:5)
      at router.handle (node_modules/router/index.js:186:3)
      at app.handle (node_modules/express/lib/application.js:177:15)
      at Server.app (node_modules/express/lib/express.js:38:9)

  console.error
    JsonWebTokenError {
      name: 'JsonWebTokenError',
      message: 'jwt malformed'
    }

    [0m [90m 18 |[39m       next()[33m;[39m
     [90m 19 |[39m     } [36mcatch[39m (error) {
    [31m[1m>[22m[39m[90m 20 |[39m       console[33m.[39merror(error)[33m;[39m
     [90m    |[39m               [31m[1m^[22m[39m
     [90m 21 |[39m       res[33m.[39mstatus([35m401[39m)[33m.[39mjson({ message[33m:[39m [32m'Not authorized, token failed'[39m })[33m;[39m
     [90m 22 |[39m     }
     [90m 23 |[39m   }[0m

      at error (middleware/authMiddleware.js:20:15)
      at Layer.handleRequest (node_modules/router/lib/layer.js:152:17)
      at next (node_modules/router/lib/route.js:157:13)
      at Route.dispatch (node_modules/router/lib/route.js:117:3)
      at handle (node_modules/router/index.js:435:11)
      at Layer.handleRequest (node_modules/router/lib/layer.js:152:17)
      at node_modules/router/index.js:295:15
      at processParams (node_modules/router/index.js:582:12)
      at next (node_modules/router/index.js:291:5)
      at router.handle (node_modules/router/index.js:186:3)
      at router (node_modules/router/index.js:60:12)
      at Layer.handleRequest (node_modules/router/lib/layer.js:152:17)
      at trimPrefix (node_modules/router/index.js:342:13)
      at node_modules/router/index.js:297:9
      at processParams (node_modules/router/index.js:582:12)
      at next (node_modules/router/index.js:291:5)
      at cookieParser (node_modules/cookie-parser/index.js:57:14)
      at Layer.handleRequest (node_modules/router/lib/layer.js:152:17)
      at trimPrefix (node_modules/router/index.js:342:13)
      at node_modules/router/index.js:297:9
      at processParams (node_modules/router/index.js:582:12)
      at next (node_modules/router/index.js:291:5)
      at read (node_modules/body-parser/lib/read.js:54:5)
      at jsonParser (node_modules/body-parser/lib/types/json.js:90:5)
      at Layer.handleRequest (node_modules/router/lib/layer.js:152:17)
      at trimPrefix (node_modules/router/index.js:342:13)
      at node_modules/router/index.js:297:9
      at processParams (node_modules/router/index.js:582:12)
      at next (node_modules/router/index.js:291:5)
      at cors (node_modules/cors/lib/index.js:188:7)
      at node_modules/cors/lib/index.js:224:17
      at originCallback (node_modules/cors/lib/index.js:214:15)
      at node_modules/cors/lib/index.js:219:13
      at optionsCallback (node_modules/cors/lib/index.js:199:9)
      at corsMiddleware (node_modules/cors/lib/index.js:204:7)
      at Layer.handleRequest (node_modules/router/lib/layer.js:152:17)
      at trimPrefix (node_modules/router/index.js:342:13)
      at node_modules/router/index.js:297:9
      at processParams (node_modules/router/index.js:582:12)
      at next (node_modules/router/index.js:291:5)
      at router.handle (node_modules/router/index.js:186:3)
      at app.handle (node_modules/express/lib/application.js:177:15)
      at Server.app (node_modules/express/lib/express.js:38:9)

FAIL 
__tests__/auth.test.js 
(9.489 s)
  User Authentication
    POST /api/users 
(Register)
      ΓêÜ should register 
a new user successfully 
(292 ms)
      ├ù should not 
register user with 
existing email (563 ms)
    POST /api/users/login
      ├ù should login 
with correct credentials 
(649 ms)
      ΓêÜ should not 
login with incorrect 
password (224 ms)
      ΓêÜ should not 
login with non-existent 
email (232 ms)
    GET /api/users/me 
(Protected Route)
      ├ù should get user 
profile with valid token 
(146 ms)
      ΓêÜ should not get 
profile without token 
(352 ms)
      ΓêÜ should not get 
profile with invalid 
token (445 ms)

  ΓùÅ User Authentication 
ΓÇ║ POST /api/users 
(Register) ΓÇ║ should not 
register user with 
existing email

    expect(received).toBe(
expected) // Object.is 
equality

    Expected: 400
    Received: 201

    [0m [90m 62 |[39m  
       })[33m;[39m
     [90m 63 |[39m
    
[31m[1m>[22m[39m[90m 
64 |[39m       expect(res
[33m.[39mstatusCode)[33
m.[39mtoBe([35m400[39m)
[33m;[39m
     [90m    |[39m      
                        
[31m[1m^[22m[39m
     [90m 65 |[39m      
 expect(res[33m.[39mbody
[33m.[39mmessage)[33m.
[39mtoBe([32m'User 
already 
exists'[39m)[33m;[39m
     [90m 66 |[39m     
})[33m;[39m
     [90m 67 |[39m   
})[33m;[39m[0m

      at Object.toBe (__te
sts__/auth.test.js:64:30)

  ΓùÅ User Authentication 
ΓÇ║ POST /api/users/login 
ΓÇ║ should login with 
correct credentials

    expect(received).toBe(
expected) // Object.is 
equality

    Expected: 200
    Received: 401

    [0m [90m 87 |[39m  
       })[33m;[39m
     [90m 88 |[39m
    
[31m[1m>[22m[39m[90m 
89 |[39m       expect(res
[33m.[39mstatusCode)[33
m.[39mtoBe([35m200[39m)
[33m;[39m
     [90m    |[39m      
                        
[31m[1m^[22m[39m
     [90m 90 |[39m      
 expect(res[33m.[39mbody
)[33m.[39mtoHaveProperty
([32m'token'[39m)[33m;
[39m
     [90m 91 |[39m      
 expect(res[33m.[39mbody
[33m.[39memail)[33m.[3
9mtoBe([32m'test@example.
com'[39m)[33m;[39m
     [90m 92 |[39m     
})[33m;[39m[0m

      at Object.toBe (__te
sts__/auth.test.js:89:30)

  ΓùÅ User Authentication 
ΓÇ║ GET /api/users/me 
(Protected Route) ΓÇ║ 
should get user profile 
with valid token

    expect(received).toBe(
expected) // Object.is 
equality

    Expected: 200
    Received: 401

    [0m [90m 137 |[39m 
        [33m.[39m[36mse
t[39m([32m'Authorization
'[39m[33m,[39m 
[32m`Bearer 
${token}`[39m)[33m;[39m
     [90m 138 |[39m
    
[31m[1m>[22m[39m[90m 
139 |[39m       expect(re
s[33m.[39mstatusCode)[3
3m.[39mtoBe([35m200[39m
)[33m;[39m
     [90m     |[39m     
                         
[31m[1m^[22m[39m
     [90m 140 |[39m     
  expect(res[33m.[39mbod
y[33m.[39memail)[33m.[
39mtoBe([32m'test@example
.com'[39m)[33m;[39m
     [90m 141 |[39m     
  expect(res[33m.[39mbod
y[33m.[39mname)[33m.[3
9mtoBe([32m'Test 
User'[39m)[33m;[39m
     [90m 142 |[39m     
})[33m;[39m[0m

      at Object.toBe (__te
sts__/auth.test.js:139:30)

  console.log
    [dotenv@17.2.3] injecting env (3) from .env -- tip: ΓÜÖ∩╕Å  load multiple .env files with { path: ['.env.local', '.env'] }

      at _log (node_modules/dotenv/lib/main.js:142:11)

  console.error
    JsonWebTokenError {
      name: 'JsonWebTokenError',
      message: 'jwt malformed'
    }

    [0m [90m 18 |[39m       next()[33m;[39m
     [90m 19 |[39m     } [36mcatch[39m (error) {
    [31m[1m>[22m[39m[90m 20 |[39m       console[33m.[39merror(error)[33m;[39m
     [90m    |[39m               [31m[1m^[22m[39m
     [90m 21 |[39m       res[33m.[39mstatus([35m401[39m)[33m.[39mjson({ message[33m:[39m [32m'Not authorized, token failed'[39m })[33m;[39m
     [90m 22 |[39m     }
     [90m 23 |[39m   }[0m

      at error (middleware/authMiddleware.js:20:15)
      at Layer.handleRequest (node_modules/router/lib/layer.js:152:17)
      at next (node_modules/router/lib/route.js:157:13)
      at Route.dispatch (node_modules/router/lib/route.js:117:3)
      at handle (node_modules/router/index.js:435:11)
      at Layer.handleRequest (node_modules/router/lib/layer.js:152:17)
      at node_modules/router/index.js:295:15
      at processParams (node_modules/router/index.js:582:12)
      at next (node_modules/router/index.js:291:5)
      at router.handle (node_modules/router/index.js:186:3)
      at router (node_modules/router/index.js:60:12)
      at Layer.handleRequest (node_modules/router/lib/layer.js:152:17)
      at trimPrefix (node_modules/router/index.js:342:13)
      at node_modules/router/index.js:297:9
      at processParams (node_modules/router/index.js:582:12)
      at next (node_modules/router/index.js:291:5)
      at cookieParser (node_modules/cookie-parser/index.js:57:14)
      at Layer.handleRequest (node_modules/router/lib/layer.js:152:17)
      at trimPrefix (node_modules/router/index.js:342:13)
      at node_modules/router/index.js:297:9
      at processParams (node_modules/router/index.js:582:12)
      at next (node_modules/router/index.js:291:5)
      at node_modules/body-parser/lib/read.js:172:5
      at invokeCallback (node_modules/raw-body/index.js:238:16)
      at done (node_modules/raw-body/index.js:227:7)
      at IncomingMessage.onEnd (node_modules/raw-body/index.js:287:7)

  console.error
    JsonWebTokenError {
      name: 'JsonWebTokenError',
      message: 'jwt malformed'
    }

    [0m [90m 18 |[39m       next()[33m;[39m
     [90m 19 |[39m     } [36mcatch[39m (error) {
    [31m[1m>[22m[39m[90m 20 |[39m       console[33m.[39merror(error)[33m;[39m
     [90m    |[39m               [31m[1m^[22m[39m
     [90m 21 |[39m       res[33m.[39mstatus([35m401[39m)[33m.[39mjson({ message[33m:[39m [32m'Not authorized, token failed'[39m })[33m;[39m
     [90m 22 |[39m     }
     [90m 23 |[39m   }[0m

      at error (middleware/authMiddleware.js:20:15)
      at Layer.handleRequest (node_modules/router/lib/layer.js:152:17)
      at next (node_modules/router/lib/route.js:157:13)
      at Route.dispatch (node_modules/router/lib/route.js:117:3)
      at handle (node_modules/router/index.js:435:11)
      at Layer.handleRequest (node_modules/router/lib/layer.js:152:17)
      at node_modules/router/index.js:295:15
      at processParams (node_modules/router/index.js:582:12)
      at next (node_modules/router/index.js:291:5)
      at router.handle (node_modules/router/index.js:186:3)
      at router (node_modules/router/index.js:60:12)
      at Layer.handleRequest (node_modules/router/lib/layer.js:152:17)
      at trimPrefix (node_modules/router/index.js:342:13)
      at node_modules/router/index.js:297:9
      at processParams (node_modules/router/index.js:582:12)
      at next (node_modules/router/index.js:291:5)
      at cookieParser (node_modules/cookie-parser/index.js:57:14)
      at Layer.handleRequest (node_modules/router/lib/layer.js:152:17)
      at trimPrefix (node_modules/router/index.js:342:13)
      at node_modules/router/index.js:297:9
      at processParams (node_modules/router/index.js:582:12)
      at next (node_modules/router/index.js:291:5)
      at node_modules/body-parser/lib/read.js:172:5
      at invokeCallback (node_modules/raw-body/index.js:238:16)
      at done (node_modules/raw-body/index.js:227:7)
      at IncomingMessage.onEnd (node_modules/raw-body/index.js:287:7)

  console.error
    JsonWebTokenError {
      name: 'JsonWebTokenError',
      message: 'jwt malformed'
    }

    [0m [90m 18 |[39m       next()[33m;[39m
     [90m 19 |[39m     } [36mcatch[39m (error) {
    [31m[1m>[22m[39m[90m 20 |[39m       console[33m.[39merror(error)[33m;[39m
     [90m    |[39m               [31m[1m^[22m[39m
     [90m 21 |[39m       res[33m.[39mstatus([35m401[39m)[33m.[39mjson({ message[33m:[39m [32m'Not authorized, token failed'[39m })[33m;[39m
     [90m 22 |[39m     }
     [90m 23 |[39m   }[0m

      at error (middleware/authMiddleware.js:20:15)
      at Layer.handleRequest (node_modules/router/lib/layer.js:152:17)
      at next (node_modules/router/lib/route.js:157:13)
      at Route.dispatch (node_modules/router/lib/route.js:117:3)
      at handle (node_modules/router/index.js:435:11)
      at Layer.handleRequest (node_modules/router/lib/layer.js:152:17)
      at node_modules/router/index.js:295:15
      at processParams (node_modules/router/index.js:582:12)
      at next (node_modules/router/index.js:291:5)
      at router.handle (node_modules/router/index.js:186:3)
      at router (node_modules/router/index.js:60:12)
      at Layer.handleRequest (node_modules/router/lib/layer.js:152:17)
      at trimPrefix (node_modules/router/index.js:342:13)
      at node_modules/router/index.js:297:9
      at processParams (node_modules/router/index.js:582:12)
      at next (node_modules/router/index.js:291:5)
      at cookieParser (node_modules/cookie-parser/index.js:57:14)
      at Layer.handleRequest (node_modules/router/lib/layer.js:152:17)
      at trimPrefix (node_modules/router/index.js:342:13)
      at node_modules/router/index.js:297:9
      at processParams (node_modules/router/index.js:582:12)
      at next (node_modules/router/index.js:291:5)
      at read (node_modules/body-parser/lib/read.js:54:5)
      at jsonParser (node_modules/body-parser/lib/types/json.js:90:5)
      at Layer.handleRequest (node_modules/router/lib/layer.js:152:17)
      at trimPrefix (node_modules/router/index.js:342:13)
      at node_modules/router/index.js:297:9
      at processParams (node_modules/router/index.js:582:12)
      at next (node_modules/router/index.js:291:5)
      at cors (node_modules/cors/lib/index.js:188:7)
      at node_modules/cors/lib/index.js:224:17
      at originCallback (node_modules/cors/lib/index.js:214:15)
      at node_modules/cors/lib/index.js:219:13
      at optionsCallback (node_modules/cors/lib/index.js:199:9)
      at corsMiddleware (node_modules/cors/lib/index.js:204:7)
      at Layer.handleRequest (node_modules/router/lib/layer.js:152:17)
      at trimPrefix (node_modules/router/index.js:342:13)
      at node_modules/router/index.js:297:9
      at processParams (node_modules/router/index.js:582:12)
      at next (node_modules/router/index.js:291:5)
      at router.handle (node_modules/router/index.js:186:3)
      at app.handle (node_modules/express/lib/application.js:177:15)
      at Server.app (node_modules/express/lib/express.js:38:9)

  console.error
    JsonWebTokenError {
      name: 'JsonWebTokenError',
      message: 'jwt malformed'
    }

    [0m [90m 18 |[39m       next()[33m;[39m
     [90m 19 |[39m     } [36mcatch[39m (error) {
    [31m[1m>[22m[39m[90m 20 |[39m       console[33m.[39merror(error)[33m;[39m
     [90m    |[39m               [31m[1m^[22m[39m
     [90m 21 |[39m       res[33m.[39mstatus([35m401[39m)[33m.[39mjson({ message[33m:[39m [32m'Not authorized, token failed'[39m })[33m;[39m
     [90m 22 |[39m     }
     [90m 23 |[39m   }[0m

      at error (middleware/authMiddleware.js:20:15)
      at Layer.handleRequest (node_modules/router/lib/layer.js:152:17)
      at next (node_modules/router/lib/route.js:157:13)
      at Route.dispatch (node_modules/router/lib/route.js:117:3)
      at handle (node_modules/router/index.js:435:11)
      at Layer.handleRequest (node_modules/router/lib/layer.js:152:17)
      at node_modules/router/index.js:295:15
      at processParams (node_modules/router/index.js:582:12)
      at next (node_modules/router/index.js:291:5)
      at router.handle (node_modules/router/index.js:186:3)
      at router (node_modules/router/index.js:60:12)
      at Layer.handleRequest (node_modules/router/lib/layer.js:152:17)
      at trimPrefix (node_modules/router/index.js:342:13)
      at node_modules/router/index.js:297:9
      at processParams (node_modules/router/index.js:582:12)
      at next (node_modules/router/index.js:291:5)
      at cookieParser (node_modules/cookie-parser/index.js:57:14)
      at Layer.handleRequest (node_modules/router/lib/layer.js:152:17)
      at trimPrefix (node_modules/router/index.js:342:13)
      at node_modules/router/index.js:297:9
      at processParams (node_modules/router/index.js:582:12)
      at next (node_modules/router/index.js:291:5)
      at node_modules/body-parser/lib/read.js:172:5
      at invokeCallback (node_modules/raw-body/index.js:238:16)
      at done (node_modules/raw-body/index.js:227:7)
      at IncomingMessage.onEnd (node_modules/raw-body/index.js:287:7)

  console.error
    JsonWebTokenError {
      name: 'JsonWebTokenError',
      message: 'jwt malformed'
    }

    [0m [90m 18 |[39m       next()[33m;[39m
     [90m 19 |[39m     } [36mcatch[39m (error) {
    [31m[1m>[22m[39m[90m 20 |[39m       console[33m.[39merror(error)[33m;[39m
     [90m    |[39m               [31m[1m^[22m[39m
     [90m 21 |[39m       res[33m.[39mstatus([35m401[39m)[33m.[39mjson({ message[33m:[39m [32m'Not authorized, token failed'[39m })[33m;[39m
     [90m 22 |[39m     }
     [90m 23 |[39m   }[0m

      at error (middleware/authMiddleware.js:20:15)
      at Layer.handleRequest (node_modules/router/lib/layer.js:152:17)
      at next (node_modules/router/lib/route.js:157:13)
      at Route.dispatch (node_modules/router/lib/route.js:117:3)
      at handle (node_modules/router/index.js:435:11)
      at Layer.handleRequest (node_modules/router/lib/layer.js:152:17)
      at node_modules/router/index.js:295:15
      at param (node_modules/router/index.js:600:14)
      at param (node_modules/router/index.js:610:14)
      at processParams (node_modules/router/index.js:664:3)
      at next (node_modules/router/index.js:291:5)
      at router.handle (node_modules/router/index.js:186:3)
      at router (node_modules/router/index.js:60:12)
      at Layer.handleRequest (node_modules/router/lib/layer.js:152:17)
      at trimPrefix (node_modules/router/index.js:342:13)
      at node_modules/router/index.js:297:9
      at processParams (node_modules/router/index.js:582:12)
      at next (node_modules/router/index.js:291:5)
      at cookieParser (node_modules/cookie-parser/index.js:57:14)
      at Layer.handleRequest (node_modules/router/lib/layer.js:152:17)
      at trimPrefix (node_modules/router/index.js:342:13)
      at node_modules/router/index.js:297:9
      at processParams (node_modules/router/index.js:582:12)
      at next (node_modules/router/index.js:291:5)
      at node_modules/body-parser/lib/read.js:172:5
      at invokeCallback (node_modules/raw-body/index.js:238:16)
      at done (node_modules/raw-body/index.js:227:7)
      at IncomingMessage.onEnd (node_modules/raw-body/index.js:287:7)

  console.error
    JsonWebTokenError {
      name: 'JsonWebTokenError',
      message: 'jwt malformed'
    }

    [0m [90m 18 |[39m       next()[33m;[39m
     [90m 19 |[39m     } [36mcatch[39m (error) {
    [31m[1m>[22m[39m[90m 20 |[39m       console[33m.[39merror(error)[33m;[39m
     [90m    |[39m               [31m[1m^[22m[39m
     [90m 21 |[39m       res[33m.[39mstatus([35m401[39m)[33m.[39mjson({ message[33m:[39m [32m'Not authorized, token failed'[39m })[33m;[39m
     [90m 22 |[39m     }
     [90m 23 |[39m   }[0m

      at error (middleware/authMiddleware.js:20:15)
      at Layer.handleRequest (node_modules/router/lib/layer.js:152:17)
      at next (node_modules/router/lib/route.js:157:13)
      at Route.dispatch (node_modules/router/lib/route.js:117:3)
      at handle (node_modules/router/index.js:435:11)
      at Layer.handleRequest (node_modules/router/lib/layer.js:152:17)
      at node_modules/router/index.js:295:15
      at processParams (node_modules/router/index.js:582:12)
      at next (node_modules/router/index.js:291:5)
      at router.handle (node_modules/router/index.js:186:3)
      at router (node_modules/router/index.js:60:12)
      at Layer.handleRequest (node_modules/router/lib/layer.js:152:17)
      at trimPrefix (node_modules/router/index.js:342:13)
      at node_modules/router/index.js:297:9
      at processParams (node_modules/router/index.js:582:12)
      at next (node_modules/router/index.js:291:5)
      at cookieParser (node_modules/cookie-parser/index.js:57:14)
      at Layer.handleRequest (node_modules/router/lib/layer.js:152:17)
      at trimPrefix (node_modules/router/index.js:342:13)
      at node_modules/router/index.js:297:9
      at processParams (node_modules/router/index.js:582:12)
      at next (node_modules/router/index.js:291:5)
      at node_modules/body-parser/lib/read.js:172:5
      at invokeCallback (node_modules/raw-body/index.js:238:16)
      at done (node_modules/raw-body/index.js:227:7)
      at IncomingMessage.onEnd (node_modules/raw-body/index.js:287:7)

  console.error
    JsonWebTokenError {
      name: 'JsonWebTokenError',
      message: 'jwt malformed'
    }

    [0m [90m 18 |[39m       next()[33m;[39m
     [90m 19 |[39m     } [36mcatch[39m (error) {
    [31m[1m>[22m[39m[90m 20 |[39m       console[33m.[39merror(error)[33m;[39m
     [90m    |[39m               [31m[1m^[22m[39m
     [90m 21 |[39m       res[33m.[39mstatus([35m401[39m)[33m.[39mjson({ message[33m:[39m [32m'Not authorized, token failed'[39m })[33m;[39m
     [90m 22 |[39m     }
     [90m 23 |[39m   }[0m

      at error (middleware/authMiddleware.js:20:15)
      at Layer.handleRequest (node_modules/router/lib/layer.js:152:17)
      at next (node_modules/router/lib/route.js:157:13)
      at Route.dispatch (node_modules/router/lib/route.js:117:3)
      at handle (node_modules/router/index.js:435:11)
      at Layer.handleRequest (node_modules/router/lib/layer.js:152:17)
      at node_modules/router/index.js:295:15
      at param (node_modules/router/index.js:600:14)
      at param (node_modules/router/index.js:610:14)
      at processParams (node_modules/router/index.js:664:3)
      at next (node_modules/router/index.js:291:5)
      at router.handle (node_modules/router/index.js:186:3)
      at router (node_modules/router/index.js:60:12)
      at Layer.handleRequest (node_modules/router/lib/layer.js:152:17)
      at trimPrefix (node_modules/router/index.js:342:13)
      at node_modules/router/index.js:297:9
      at processParams (node_modules/router/index.js:582:12)
      at next (node_modules/router/index.js:291:5)
      at cookieParser (node_modules/cookie-parser/index.js:57:14)
      at Layer.handleRequest (node_modules/router/lib/layer.js:152:17)
      at trimPrefix (node_modules/router/index.js:342:13)
      at node_modules/router/index.js:297:9
      at processParams (node_modules/router/index.js:582:12)
      at next (node_modules/router/index.js:291:5)
      at read (node_modules/body-parser/lib/read.js:54:5)
      at jsonParser (node_modules/body-parser/lib/types/json.js:90:5)
      at Layer.handleRequest (node_modules/router/lib/layer.js:152:17)
      at trimPrefix (node_modules/router/index.js:342:13)
      at node_modules/router/index.js:297:9
      at processParams (node_modules/router/index.js:582:12)
      at next (node_modules/router/index.js:291:5)
      at cors (node_modules/cors/lib/index.js:188:7)
      at node_modules/cors/lib/index.js:224:17
      at originCallback (node_modules/cors/lib/index.js:214:15)
      at node_modules/cors/lib/index.js:219:13
      at optionsCallback (node_modules/cors/lib/index.js:199:9)
      at corsMiddleware (node_modules/cors/lib/index.js:204:7)
      at Layer.handleRequest (node_modules/router/lib/layer.js:152:17)
      at trimPrefix (node_modules/router/index.js:342:13)
      at node_modules/router/index.js:297:9
      at processParams (node_modules/router/index.js:582:12)
      at next (node_modules/router/index.js:291:5)
      at router.handle (node_modules/router/index.js:186:3)
      at app.handle (node_modules/express/lib/application.js:177:15)
      at Server.app (node_modules/express/lib/express.js:38:9)

FAIL __tests__/application
.test.js (5.354 s)
  Application CRUD 
Operations
    POST 
/api/applications (Create)
      ΓêÜ should create a 
new application (199 ms)
      ΓêÜ should not 
create application 
without auth (171 ms)
    GET /api/applications 
(Read)
      ΓêÜ should get all 
user applications (182 ms)
      ├ù should filter 
applications by status 
(41 ms)
      ΓêÜ should not get 
applications without auth 
(177 ms)
    PUT 
/api/applications/:id 
(Update)
      ├ù should update 
application (36 ms)
      ΓêÜ should not 
update non-existent 
application (174 ms)
    DELETE 
/api/applications/:id
      ├ù should delete 
application (168 ms)

  ΓùÅ Application CRUD 
Operations ΓÇ║ GET 
/api/applications (Read) 
ΓÇ║ should filter 
applications by status

    expect(received).toBe(
expected) // Object.is 
equality

    Expected: 200
    Received: 401

    [0m [90m 102 |[39m 
        [33m.[39m[36mse
t[39m([32m'Authorization
'[39m[33m,[39m 
[32m`Bearer 
${token}`[39m)[33m;[39m
     [90m 103 |[39m
    
[31m[1m>[22m[39m[90m 
104 |[39m       expect(re
s[33m.[39mstatusCode)[3
3m.[39mtoBe([35m200[39m
)[33m;[39m
     [90m     |[39m     
                         
[31m[1m^[22m[39m
     [90m 105 |[39m     
  expect(res[33m.[39mbod
y[33m.[39mapplications[
33m.[39mevery(app 
[33m=>[39m 
app[33m.[39mstatus 
[33m===[39m [32m'applie
d'[39m))[33m.[39mtoBe(
[36mtrue[39m)[33m;[39m
     [90m 106 |[39m     
})[33m;[39m
     [90m 107 |[39m[0m

      at Object.toBe (__te
sts__/application.test.js:
104:30)

  ΓùÅ Application CRUD 
Operations ΓÇ║ PUT 
/api/applications/:id 
(Update) ΓÇ║ should 
update application

    expect(received).toBe(
expected) // Object.is 
equality

    Expected: 200
    Received: 401

    [0m [90m 135 |[39m 
        })[33m;[39m
     [90m 136 |[39m
    
[31m[1m>[22m[39m[90m 
137 |[39m       expect(re
s[33m.[39mstatusCode)[3
3m.[39mtoBe([35m200[39m
)[33m;[39m
     [90m     |[39m     
                         
[31m[1m^[22m[39m
     [90m 138 |[39m     
  expect(res[33m.[39mbod
y[33m.[39mstatus)[33m.
[39mtoBe([32m'in-progress
'[39m)[33m;[39m
     [90m 139 |[39m     
  expect(res[33m.[39mbod
y[33m.[39mnotes)[33m.[
39mtoBe([32m'Interview sc
heduled'[39m)[33m;[39m
     [90m 140 |[39m     
})[33m;[39m[0m

      at Object.toBe (__te
sts__/application.test.js:
137:30)

  ΓùÅ Application CRUD 
Operations ΓÇ║ DELETE 
/api/applications/:id ΓÇ║ 
should delete application

    expect(received).toBe(
expected) // Object.is 
equality

    Expected: 200
    Received: 401

    [0m [90m 168 |[39m 
        [33m.[39m[36mse
t[39m([32m'Authorization
'[39m[33m,[39m 
[32m`Bearer 
${token}`[39m)[33m;[39m
     [90m 169 |[39m
    
[31m[1m>[22m[39m[90m 
170 |[39m       expect(re
s[33m.[39mstatusCode)[3
3m.[39mtoBe([35m200[39m
)[33m;[39m
     [90m     |[39m     
                         
[31m[1m^[22m[39m
     [90m 171 |[39m     
  expect(res[33m.[39mbod
y[33m.[39mmessage)[33m.
[39mtoBe([32m'Applicatio
n deleted successfully'[3
9m)[33m;[39m
     [90m 172 |[39m
     [90m 173 |[39m     
  [90m// Verify it's 
deleted[39m[0m

      at Object.toBe (__te
sts__/application.test.js:
170:30)

Test Suites: 2 failed, 2 
total
Tests:       6 failed, 10 
passed, 16 total
Snapshots:   0 total
Time:        15.064 s
Ran all test suites.

  console.log
    [dotenv@17.2.3] injecting env (3) from .env -- tip: ≡ƒôí add observability to secrets: https://dotenvx.com/ops

      at _log (node_modules/dotenv/lib/main.js:142:11)

  console.error
    JsonWebTokenError {
      name: 'JsonWebTokenError',
      message: 'jwt malformed'
    }

    [0m [90m 18 |[39m       next()[33m;[39m
     [90m 19 |[39m     } [36mcatch[39m (error) {
    [31m[1m>[22m[39m[90m 20 |[39m       console[33m.[39merror(error)[33m;[39m
     [90m    |[39m               [31m[1m^[22m[39m
     [90m 21 |[39m       res[33m.[39mstatus([35m401[39m)[33m.[39mjson({ message[33m:[39m [32m'Not authorized, token failed'[39m })[33m;[39m
     [90m 22 |[39m     }
     [90m 23 |[39m   }[0m

      at error (middleware/authMiddleware.js:20:15)
      at Layer.handleRequest (node_modules/router/lib/layer.js:152:17)
      at next (node_modules/router/lib/route.js:157:13)
      at Route.dispatch (node_modules/router/lib/route.js:117:3)
      at handle (node_modules/router/index.js:435:11)
      at Layer.handleRequest (node_modules/router/lib/layer.js:152:17)
      at node_modules/router/index.js:295:15
      at processParams (node_modules/router/index.js:582:12)
      at next (node_modules/router/index.js:291:5)
      at router.handle (node_modules/router/index.js:186:3)
      at router (node_modules/router/index.js:60:12)
      at Layer.handleRequest (node_modules/router/lib/layer.js:152:17)
      at trimPrefix (node_modules/router/index.js:342:13)
      at node_modules/router/index.js:297:9
      at processParams (node_modules/router/index.js:582:12)
      at next (node_modules/router/index.js:291:5)
      at cookieParser (node_modules/cookie-parser/index.js:57:14)
      at Layer.handleRequest (node_modules/router/lib/layer.js:152:17)
      at trimPrefix (node_modules/router/index.js:342:13)
      at node_modules/router/index.js:297:9
      at processParams (node_modules/router/index.js:582:12)
      at next (node_modules/router/index.js:291:5)
      at read (node_modules/body-parser/lib/read.js:54:5)
      at jsonParser (node_modules/body-parser/lib/types/json.js:90:5)
      at Layer.handleRequest (node_modules/router/lib/layer.js:152:17)
      at trimPrefix (node_modules/router/index.js:342:13)
      at node_modules/router/index.js:297:9
      at processParams (node_modules/router/index.js:582:12)
      at next (node_modules/router/index.js:291:5)
      at cors (node_modules/cors/lib/index.js:188:7)
      at node_modules/cors/lib/index.js:224:17
      at originCallback (node_modules/cors/lib/index.js:214:15)
      at node_modules/cors/lib/index.js:219:13
      at optionsCallback (node_modules/cors/lib/index.js:199:9)
      at corsMiddleware (node_modules/cors/lib/index.js:204:7)
      at Layer.handleRequest (node_modules/router/lib/layer.js:152:17)
      at trimPrefix (node_modules/router/index.js:342:13)
      at node_modules/router/index.js:297:9
      at processParams (node_modules/router/index.js:582:12)
      at next (node_modules/router/index.js:291:5)
      at router.handle (node_modules/router/index.js:186:3)
      at app.handle (node_modules/express/lib/application.js:177:15)
      at Server.app (node_modules/express/lib/express.js:38:9)

  console.error
    JsonWebTokenError {
      name: 'JsonWebTokenError',
      message: 'jwt malformed'
    }

    [0m [90m 18 |[39m       next()[33m;[39m
     [90m 19 |[39m     } [36mcatch[39m (error) {
    [31m[1m>[22m[39m[90m 20 |[39m       console[33m.[39merror(error)[33m;[39m
     [90m    |[39m               [31m[1m^[22m[39m
     [90m 21 |[39m       res[33m.[39mstatus([35m401[39m)[33m.[39mjson({ message[33m:[39m [32m'Not authorized, token failed'[39m })[33m;[39m
     [90m 22 |[39m     }
     [90m 23 |[39m   }[0m

      at error (middleware/authMiddleware.js:20:15)
      at Layer.handleRequest (node_modules/router/lib/layer.js:152:17)
      at next (node_modules/router/lib/route.js:157:13)
      at Route.dispatch (node_modules/router/lib/route.js:117:3)
      at handle (node_modules/router/index.js:435:11)
      at Layer.handleRequest (node_modules/router/lib/layer.js:152:17)
      at node_modules/router/index.js:295:15
      at processParams (node_modules/router/index.js:582:12)
      at next (node_modules/router/index.js:291:5)
      at router.handle (node_modules/router/index.js:186:3)
      at router (node_modules/router/index.js:60:12)
      at Layer.handleRequest (node_modules/router/lib/layer.js:152:17)
      at trimPrefix (node_modules/router/index.js:342:13)
      at node_modules/router/index.js:297:9
      at processParams (node_modules/router/index.js:582:12)
      at next (node_modules/router/index.js:291:5)
      at cookieParser (node_modules/cookie-parser/index.js:57:14)
      at Layer.handleRequest (node_modules/router/lib/layer.js:152:17)
      at trimPrefix (node_modules/router/index.js:342:13)
      at node_modules/router/index.js:297:9
      at processParams (node_modules/router/index.js:582:12)
      at next (node_modules/router/index.js:291:5)
      at read (node_modules/body-parser/lib/read.js:54:5)
      at jsonParser (node_modules/body-parser/lib/types/json.js:90:5)
      at Layer.handleRequest (node_modules/router/lib/layer.js:152:17)
      at trimPrefix (node_modules/router/index.js:342:13)
      at node_modules/router/index.js:297:9
      at processParams (node_modules/router/index.js:582:12)
      at next (node_modules/router/index.js:291:5)
      at cors (node_modules/cors/lib/index.js:188:7)
      at node_modules/cors/lib/index.js:224:17
      at originCallback (node_modules/cors/lib/index.js:214:15)
      at node_modules/cors/lib/index.js:219:13
      at optionsCallback (node_modules/cors/lib/index.js:199:9)
      at corsMiddleware (node_modules/cors/lib/index.js:204:7)
      at Layer.handleRequest (node_modules/router/lib/layer.js:152:17)
      at trimPrefix (node_modules/router/index.js:342:13)
      at node_modules/router/index.js:297:9
      at processParams (node_modules/router/index.js:582:12)
      at next (node_modules/router/index.js:291:5)
      at router.handle (node_modules/router/index.js:186:3)
      at app.handle (node_modules/express/lib/application.js:177:15)
      at Server.app (node_modules/express/lib/express.js:38:9)

FAIL 
__tests__/auth.test.js 
(5.949 s)
  User Authentication
    POST /api/users 
(Register)
      ├ù should register 
a new user successfully 
(103 ms)
      ΓêÜ should not 
register user with 
existing email (191 ms)
    POST /api/users/login
      ├ù should login 
with correct credentials 
(349 ms)
      ΓêÜ should not 
login with incorrect 
password (330 ms)
      ΓêÜ should not 
login with non-existent 
email (56 ms)
    GET /api/users/me 
(Protected Route)
      ├ù should get user 
profile with valid token 
(206 ms)
      ΓêÜ should not get 
profile without token 
(207 ms)
      ΓêÜ should not get 
profile with invalid 
token (198 ms)

  ΓùÅ User Authentication 
ΓÇ║ POST /api/users 
(Register) ΓÇ║ should 
register a new user 
successfully

    expect(received).toBe(
expected) // Object.is 
equality

    Expected: 201
    Received: 400

    [0m [90m 37 |[39m  
       })[33m;[39m
     [90m 38 |[39m
    
[31m[1m>[22m[39m[90m 
39 |[39m       expect(res
[33m.[39mstatusCode)[33
m.[39mtoBe([35m201[39m)
[33m;[39m
     [90m    |[39m      
                        
[31m[1m^[22m[39m
     [90m 40 |[39m      
 expect(res[33m.[39mbody
)[33m.[39mtoHaveProperty
([32m'token'[39m)[33m;
[39m
     [90m 41 |[39m      
 expect(res[33m.[39mbody
[33m.[39memail)[33m.[3
9mtoBe([32m'test@example.
com'[39m)[33m;[39m
     [90m 42 |[39m      
 expect(res[33m.[39mbody
[33m.[39mname)[33m.[39
mtoBe([32m'Test 
User'[39m)[33m;[39m[0m

      at Object.toBe (__te
sts__/auth.test.js:39:30)

  ΓùÅ User Authentication 
ΓÇ║ POST /api/users/login 
ΓÇ║ should login with 
correct credentials

    expect(received).toBe(
expected) // Object.is 
equality

    Expected: 200
    Received: 500

    [0m [90m 87 |[39m  
       })[33m;[39m
     [90m 88 |[39m
    
[31m[1m>[22m[39m[90m 
89 |[39m       expect(res
[33m.[39mstatusCode)[33
m.[39mtoBe([35m200[39m)
[33m;[39m
     [90m    |[39m      
                        
[31m[1m^[22m[39m
     [90m 90 |[39m      
 expect(res[33m.[39mbody
)[33m.[39mtoHaveProperty
([32m'token'[39m)[33m;
[39m
     [90m 91 |[39m      
 expect(res[33m.[39mbody
[33m.[39memail)[33m.[3
9mtoBe([32m'test@example.
com'[39m)[33m;[39m
     [90m 92 |[39m     
})[33m;[39m[0m

      at Object.toBe (__te
sts__/auth.test.js:89:30)

  ΓùÅ User Authentication 
ΓÇ║ GET /api/users/me 
(Protected Route) ΓÇ║ 
should get user profile 
with valid token

    expect(received).toBe(
expected) // Object.is 
equality

    Expected: 200
    Received: 401

    [0m [90m 137 |[39m 
        [33m.[39m[36mse
t[39m([32m'Authorization
'[39m[33m,[39m 
[32m`Bearer 
${token}`[39m)[33m;[39m
     [90m 138 |[39m
    
[31m[1m>[22m[39m[90m 
139 |[39m       expect(re
s[33m.[39mstatusCode)[3
3m.[39mtoBe([35m200[39m
)[33m;[39m
     [90m     |[39m     
                         
[31m[1m^[22m[39m
     [90m 140 |[39m     
  expect(res[33m.[39mbod
y[33m.[39memail)[33m.[
39mtoBe([32m'test@example
.com'[39m)[33m;[39m
     [90m 141 |[39m     
  expect(res[33m.[39mbod
y[33m.[39mname)[33m.[3
9mtoBe([32m'Test 
User'[39m)[33m;[39m
     [90m 142 |[39m     
})[33m;[39m[0m

      at Object.toBe (__te
sts__/auth.test.js:139:30)

  console.log
    [dotenv@17.2.3] injecting env (3) from .env -- tip: ≡ƒæÑ sync secrets across teammates & machines: https://dotenvx.com/ops

      at _log (node_modules/dotenv/lib/main.js:142:11)

  console.error
    JsonWebTokenError {
      name: 'JsonWebTokenError',
      message: 'jwt malformed'
    }

    [0m [90m 18 |[39m       next()[33m;[39m
     [90m 19 |[39m     } [36mcatch[39m (error) {
    [31m[1m>[22m[39m[90m 20 |[39m       console[33m.[39merror(error)[33m;[39m
     [90m    |[39m               [31m[1m^[22m[39m
     [90m 21 |[39m       res[33m.[39mstatus([35m401[39m)[33m.[39mjson({ message[33m:[39m [32m'Not authorized, token failed'[39m })[33m;[39m
     [90m 22 |[39m     }
     [90m 23 |[39m   }[0m

      at error (middleware/authMiddleware.js:20:15)
      at Layer.handleRequest (node_modules/router/lib/layer.js:152:17)
      at next (node_modules/router/lib/route.js:157:13)
      at Route.dispatch (node_modules/router/lib/route.js:117:3)
      at handle (node_modules/router/index.js:435:11)
      at Layer.handleRequest (node_modules/router/lib/layer.js:152:17)
      at node_modules/router/index.js:295:15
      at processParams (node_modules/router/index.js:582:12)
      at next (node_modules/router/index.js:291:5)
      at router.handle (node_modules/router/index.js:186:3)
      at router (node_modules/router/index.js:60:12)
      at Layer.handleRequest (node_modules/router/lib/layer.js:152:17)
      at trimPrefix (node_modules/router/index.js:342:13)
      at node_modules/router/index.js:297:9
      at processParams (node_modules/router/index.js:582:12)
      at next (node_modules/router/index.js:291:5)
      at cookieParser (node_modules/cookie-parser/index.js:57:14)
      at Layer.handleRequest (node_modules/router/lib/layer.js:152:17)
      at trimPrefix (node_modules/router/index.js:342:13)
      at node_modules/router/index.js:297:9
      at processParams (node_modules/router/index.js:582:12)
      at next (node_modules/router/index.js:291:5)
      at node_modules/body-parser/lib/read.js:172:5
      at invokeCallback (node_modules/raw-body/index.js:238:16)
      at done (node_modules/raw-body/index.js:227:7)
      at IncomingMessage.onEnd (node_modules/raw-body/index.js:287:7)

  console.error
    JsonWebTokenError {
      name: 'JsonWebTokenError',
      message: 'jwt malformed'
    }

    [0m [90m 18 |[39m       next()[33m;[39m
     [90m 19 |[39m     } [36mcatch[39m (error) {
    [31m[1m>[22m[39m[90m 20 |[39m       console[33m.[39merror(error)[33m;[39m
     [90m    |[39m               [31m[1m^[22m[39m
     [90m 21 |[39m       res[33m.[39mstatus([35m401[39m)[33m.[39mjson({ message[33m:[39m [32m'Not authorized, token failed'[39m })[33m;[39m
     [90m 22 |[39m     }
     [90m 23 |[39m   }[0m

      at error (middleware/authMiddleware.js:20:15)
      at Layer.handleRequest (node_modules/router/lib/layer.js:152:17)
      at next (node_modules/router/lib/route.js:157:13)
      at Route.dispatch (node_modules/router/lib/route.js:117:3)
      at handle (node_modules/router/index.js:435:11)
      at Layer.handleRequest (node_modules/router/lib/layer.js:152:17)
      at node_modules/router/index.js:295:15
      at processParams (node_modules/router/index.js:582:12)
      at next (node_modules/router/index.js:291:5)
      at router.handle (node_modules/router/index.js:186:3)
      at router (node_modules/router/index.js:60:12)
      at Layer.handleRequest (node_modules/router/lib/layer.js:152:17)
      at trimPrefix (node_modules/router/index.js:342:13)
      at node_modules/router/index.js:297:9
      at processParams (node_modules/router/index.js:582:12)
      at next (node_modules/router/index.js:291:5)
      at cookieParser (node_modules/cookie-parser/index.js:57:14)
      at Layer.handleRequest (node_modules/router/lib/layer.js:152:17)
      at trimPrefix (node_modules/router/index.js:342:13)
      at node_modules/router/index.js:297:9
      at processParams (node_modules/router/index.js:582:12)
      at next (node_modules/router/index.js:291:5)
      at node_modules/body-parser/lib/read.js:172:5
      at invokeCallback (node_modules/raw-body/index.js:238:16)
      at done (node_modules/raw-body/index.js:227:7)
      at IncomingMessage.onEnd (node_modules/raw-body/index.js:287:7)

  console.error
    JsonWebTokenError {
      name: 'JsonWebTokenError',
      message: 'jwt malformed'
    }

    [0m [90m 18 |[39m       next()[33m;[39m
     [90m 19 |[39m     } [36mcatch[39m (error) {
    [31m[1m>[22m[39m[90m 20 |[39m       console[33m.[39merror(error)[33m;[39m
     [90m    |[39m               [31m[1m^[22m[39m
     [90m 21 |[39m       res[33m.[39mstatus([35m401[39m)[33m.[39mjson({ message[33m:[39m [32m'Not authorized, token failed'[39m })[33m;[39m
     [90m 22 |[39m     }
     [90m 23 |[39m   }[0m

      at error (middleware/authMiddleware.js:20:15)
      at Layer.handleRequest (node_modules/router/lib/layer.js:152:17)
      at next (node_modules/router/lib/route.js:157:13)
      at Route.dispatch (node_modules/router/lib/route.js:117:3)
      at handle (node_modules/router/index.js:435:11)
      at Layer.handleRequest (node_modules/router/lib/layer.js:152:17)
      at node_modules/router/index.js:295:15
      at processParams (node_modules/router/index.js:582:12)
      at next (node_modules/router/index.js:291:5)
      at router.handle (node_modules/router/index.js:186:3)
      at router (node_modules/router/index.js:60:12)
      at Layer.handleRequest (node_modules/router/lib/layer.js:152:17)
      at trimPrefix (node_modules/router/index.js:342:13)
      at node_modules/router/index.js:297:9
      at processParams (node_modules/router/index.js:582:12)
      at next (node_modules/router/index.js:291:5)
      at cookieParser (node_modules/cookie-parser/index.js:57:14)
      at Layer.handleRequest (node_modules/router/lib/layer.js:152:17)
      at trimPrefix (node_modules/router/index.js:342:13)
      at node_modules/router/index.js:297:9
      at processParams (node_modules/router/index.js:582:12)
      at next (node_modules/router/index.js:291:5)
      at read (node_modules/body-parser/lib/read.js:54:5)
      at jsonParser (node_modules/body-parser/lib/types/json.js:90:5)
      at Layer.handleRequest (node_modules/router/lib/layer.js:152:17)
      at trimPrefix (node_modules/router/index.js:342:13)
      at node_modules/router/index.js:297:9
      at processParams (node_modules/router/index.js:582:12)
      at next (node_modules/router/index.js:291:5)
      at cors (node_modules/cors/lib/index.js:188:7)
      at node_modules/cors/lib/index.js:224:17
      at originCallback (node_modules/cors/lib/index.js:214:15)
      at node_modules/cors/lib/index.js:219:13
      at optionsCallback (node_modules/cors/lib/index.js:199:9)
      at corsMiddleware (node_modules/cors/lib/index.js:204:7)
      at Layer.handleRequest (node_modules/router/lib/layer.js:152:17)
      at trimPrefix (node_modules/router/index.js:342:13)
      at node_modules/router/index.js:297:9
      at processParams (node_modules/router/index.js:582:12)
      at next (node_modules/router/index.js:291:5)
      at router.handle (node_modules/router/index.js:186:3)
      at app.handle (node_modules/express/lib/application.js:177:15)
      at Server.app (node_modules/express/lib/express.js:38:9)

  console.error
    JsonWebTokenError {
      name: 'JsonWebTokenError',
      message: 'jwt malformed'
    }

    [0m [90m 18 |[39m       next()[33m;[39m
     [90m 19 |[39m     } [36mcatch[39m (error) {
    [31m[1m>[22m[39m[90m 20 |[39m       console[33m.[39merror(error)[33m;[39m
     [90m    |[39m               [31m[1m^[22m[39m
     [90m 21 |[39m       res[33m.[39mstatus([35m401[39m)[33m.[39mjson({ message[33m:[39m [32m'Not authorized, token failed'[39m })[33m;[39m
     [90m 22 |[39m     }
     [90m 23 |[39m   }[0m

      at error (middleware/authMiddleware.js:20:15)
      at Layer.handleRequest (node_modules/router/lib/layer.js:152:17)
      at next (node_modules/router/lib/route.js:157:13)
      at Route.dispatch (node_modules/router/lib/route.js:117:3)
      at handle (node_modules/router/index.js:435:11)
      at Layer.handleRequest (node_modules/router/lib/layer.js:152:17)
      at node_modules/router/index.js:295:15
      at processParams (node_modules/router/index.js:582:12)
      at next (node_modules/router/index.js:291:5)
      at router.handle (node_modules/router/index.js:186:3)
      at router (node_modules/router/index.js:60:12)
      at Layer.handleRequest (node_modules/router/lib/layer.js:152:17)
      at trimPrefix (node_modules/router/index.js:342:13)
      at node_modules/router/index.js:297:9
      at processParams (node_modules/router/index.js:582:12)
      at next (node_modules/router/index.js:291:5)
      at cookieParser (node_modules/cookie-parser/index.js:57:14)
      at Layer.handleRequest (node_modules/router/lib/layer.js:152:17)
      at trimPrefix (node_modules/router/index.js:342:13)
      at node_modules/router/index.js:297:9
      at processParams (node_modules/router/index.js:582:12)
      at next (node_modules/router/index.js:291:5)
      at node_modules/body-parser/lib/read.js:172:5
      at invokeCallback (node_modules/raw-body/index.js:238:16)
      at done (node_modules/raw-body/index.js:227:7)
      at IncomingMessage.onEnd (node_modules/raw-body/index.js:287:7)

  console.error
    JsonWebTokenError {
      name: 'JsonWebTokenError',
      message: 'jwt malformed'
    }

    [0m [90m 18 |[39m       next()[33m;[39m
     [90m 19 |[39m     } [36mcatch[39m (error) {
    [31m[1m>[22m[39m[90m 20 |[39m       console[33m.[39merror(error)[33m;[39m
     [90m    |[39m               [31m[1m^[22m[39m
     [90m 21 |[39m       res[33m.[39mstatus([35m401[39m)[33m.[39mjson({ message[33m:[39m [32m'Not authorized, token failed'[39m })[33m;[39m
     [90m 22 |[39m     }
     [90m 23 |[39m   }[0m

      at error (middleware/authMiddleware.js:20:15)
      at Layer.handleRequest (node_modules/router/lib/layer.js:152:17)
      at next (node_modules/router/lib/route.js:157:13)
      at Route.dispatch (node_modules/router/lib/route.js:117:3)
      at handle (node_modules/router/index.js:435:11)
      at Layer.handleRequest (node_modules/router/lib/layer.js:152:17)
      at node_modules/router/index.js:295:15
      at processParams (node_modules/router/index.js:582:12)
      at next (node_modules/router/index.js:291:5)
      at router.handle (node_modules/router/index.js:186:3)
      at router (node_modules/router/index.js:60:12)
      at Layer.handleRequest (node_modules/router/lib/layer.js:152:17)
      at trimPrefix (node_modules/router/index.js:342:13)
      at node_modules/router/index.js:297:9
      at processParams (node_modules/router/index.js:582:12)
      at next (node_modules/router/index.js:291:5)
      at cookieParser (node_modules/cookie-parser/index.js:57:14)
      at Layer.handleRequest (node_modules/router/lib/layer.js:152:17)
      at trimPrefix (node_modules/router/index.js:342:13)
      at node_modules/router/index.js:297:9
      at processParams (node_modules/router/index.js:582:12)
      at next (node_modules/router/index.js:291:5)
      at node_modules/body-parser/lib/read.js:172:5
      at invokeCallback (node_modules/raw-body/index.js:238:16)
      at done (node_modules/raw-body/index.js:227:7)
      at IncomingMessage.onEnd (node_modules/raw-body/index.js:287:7)

  console.error
    JsonWebTokenError {
      name: 'JsonWebTokenError',
      message: 'jwt malformed'
    }

    [0m [90m 18 |[39m       next()[33m;[39m
     [90m 19 |[39m     } [36mcatch[39m (error) {
    [31m[1m>[22m[39m[90m 20 |[39m       console[33m.[39merror(error)[33m;[39m
     [90m    |[39m               [31m[1m^[22m[39m
     [90m 21 |[39m       res[33m.[39mstatus([35m401[39m)[33m.[39mjson({ message[33m:[39m [32m'Not authorized, token failed'[39m })[33m;[39m
     [90m 22 |[39m     }
     [90m 23 |[39m   }[0m

      at error (middleware/authMiddleware.js:20:15)
      at Layer.handleRequest (node_modules/router/lib/layer.js:152:17)
      at next (node_modules/router/lib/route.js:157:13)
      at Route.dispatch (node_modules/router/lib/route.js:117:3)
      at handle (node_modules/router/index.js:435:11)
      at Layer.handleRequest (node_modules/router/lib/layer.js:152:17)
      at node_modules/router/index.js:295:15
      at processParams (node_modules/router/index.js:582:12)
      at next (node_modules/router/index.js:291:5)
      at router.handle (node_modules/router/index.js:186:3)
      at router (node_modules/router/index.js:60:12)
      at Layer.handleRequest (node_modules/router/lib/layer.js:152:17)
      at trimPrefix (node_modules/router/index.js:342:13)
      at node_modules/router/index.js:297:9
      at processParams (node_modules/router/index.js:582:12)
      at next (node_modules/router/index.js:291:5)
      at cookieParser (node_modules/cookie-parser/index.js:57:14)
      at Layer.handleRequest (node_modules/router/lib/layer.js:152:17)
      at trimPrefix (node_modules/router/index.js:342:13)
      at node_modules/router/index.js:297:9
      at processParams (node_modules/router/index.js:582:12)
      at next (node_modules/router/index.js:291:5)
      at node_modules/body-parser/lib/read.js:172:5
      at invokeCallback (node_modules/raw-body/index.js:238:16)
      at done (node_modules/raw-body/index.js:227:7)
      at IncomingMessage.onEnd (node_modules/raw-body/index.js:287:7)

  console.error
    JsonWebTokenError {
      name: 'JsonWebTokenError',
      message: 'jwt malformed'
    }

    [0m [90m 18 |[39m       next()[33m;[39m
     [90m 19 |[39m     } [36mcatch[39m (error) {
    [31m[1m>[22m[39m[90m 20 |[39m       console[33m.[39merror(error)[33m;[39m
     [90m    |[39m               [31m[1m^[22m[39m
     [90m 21 |[39m       res[33m.[39mstatus([35m401[39m)[33m.[39mjson({ message[33m:[39m [32m'Not authorized, token failed'[39m })[33m;[39m
     [90m 22 |[39m     }
     [90m 23 |[39m   }[0m

      at error (middleware/authMiddleware.js:20:15)
      at Layer.handleRequest (node_modules/router/lib/layer.js:152:17)
      at next (node_modules/router/lib/route.js:157:13)
      at Route.dispatch (node_modules/router/lib/route.js:117:3)
      at handle (node_modules/router/index.js:435:11)
      at Layer.handleRequest (node_modules/router/lib/layer.js:152:17)
      at node_modules/router/index.js:295:15
      at param (node_modules/router/index.js:600:14)
      at param (node_modules/router/index.js:610:14)
      at processParams (node_modules/router/index.js:664:3)
      at next (node_modules/router/index.js:291:5)
      at router.handle (node_modules/router/index.js:186:3)
      at router (node_modules/router/index.js:60:12)
      at Layer.handleRequest (node_modules/router/lib/layer.js:152:17)
      at trimPrefix (node_modules/router/index.js:342:13)
      at node_modules/router/index.js:297:9
      at processParams (node_modules/router/index.js:582:12)
      at next (node_modules/router/index.js:291:5)
      at cookieParser (node_modules/cookie-parser/index.js:57:14)
      at Layer.handleRequest (node_modules/router/lib/layer.js:152:17)
      at trimPrefix (node_modules/router/index.js:342:13)
      at node_modules/router/index.js:297:9
      at processParams (node_modules/router/index.js:582:12)
      at next (node_modules/router/index.js:291:5)
      at node_modules/body-parser/lib/read.js:172:5
      at invokeCallback (node_modules/raw-body/index.js:238:16)
      at done (node_modules/raw-body/index.js:227:7)
      at IncomingMessage.onEnd (node_modules/raw-body/index.js:287:7)

  console.error
    JsonWebTokenError {
      name: 'JsonWebTokenError',
      message: 'jwt malformed'
    }

    [0m [90m 18 |[39m       next()[33m;[39m
     [90m 19 |[39m     } [36mcatch[39m (error) {
    [31m[1m>[22m[39m[90m 20 |[39m       console[33m.[39merror(error)[33m;[39m
     [90m    |[39m               [31m[1m^[22m[39m
     [90m 21 |[39m       res[33m.[39mstatus([35m401[39m)[33m.[39mjson({ message[33m:[39m [32m'Not authorized, token failed'[39m })[33m;[39m
     [90m 22 |[39m     }
     [90m 23 |[39m   }[0m

      at error (middleware/authMiddleware.js:20:15)
      at Layer.handleRequest (node_modules/router/lib/layer.js:152:17)
      at next (node_modules/router/lib/route.js:157:13)
      at Route.dispatch (node_modules/router/lib/route.js:117:3)
      at handle (node_modules/router/index.js:435:11)
      at Layer.handleRequest (node_modules/router/lib/layer.js:152:17)
      at node_modules/router/index.js:295:15
      at processParams (node_modules/router/index.js:582:12)
      at next (node_modules/router/index.js:291:5)
      at router.handle (node_modules/router/index.js:186:3)
      at router (node_modules/router/index.js:60:12)
      at Layer.handleRequest (node_modules/router/lib/layer.js:152:17)
      at trimPrefix (node_modules/router/index.js:342:13)
      at node_modules/router/index.js:297:9
      at processParams (node_modules/router/index.js:582:12)
      at next (node_modules/router/index.js:291:5)
      at cookieParser (node_modules/cookie-parser/index.js:57:14)
      at Layer.handleRequest (node_modules/router/lib/layer.js:152:17)
      at trimPrefix (node_modules/router/index.js:342:13)
      at node_modules/router/index.js:297:9
      at processParams (node_modules/router/index.js:582:12)
      at next (node_modules/router/index.js:291:5)
      at node_modules/body-parser/lib/read.js:172:5
      at invokeCallback (node_modules/raw-body/index.js:238:16)
      at done (node_modules/raw-body/index.js:227:7)
      at IncomingMessage.onEnd (node_modules/raw-body/index.js:287:7)

  console.error
    JsonWebTokenError {
      name: 'JsonWebTokenError',
      message: 'jwt malformed'
    }

    [0m [90m 18 |[39m       next()[33m;[39m
     [90m 19 |[39m     } [36mcatch[39m (error) {
    [31m[1m>[22m[39m[90m 20 |[39m       console[33m.[39merror(error)[33m;[39m
     [90m    |[39m               [31m[1m^[22m[39m
     [90m 21 |[39m       res[33m.[39mstatus([35m401[39m)[33m.[39mjson({ message[33m:[39m [32m'Not authorized, token failed'[39m })[33m;[39m
     [90m 22 |[39m     }
     [90m 23 |[39m   }[0m

      at error (middleware/authMiddleware.js:20:15)
      at Layer.handleRequest (node_modules/router/lib/layer.js:152:17)
      at next (node_modules/router/lib/route.js:157:13)
      at Route.dispatch (node_modules/router/lib/route.js:117:3)
      at handle (node_modules/router/index.js:435:11)
      at Layer.handleRequest (node_modules/router/lib/layer.js:152:17)
      at node_modules/router/index.js:295:15
      at param (node_modules/router/index.js:600:14)
      at param (node_modules/router/index.js:610:14)
      at processParams (node_modules/router/index.js:664:3)
      at next (node_modules/router/index.js:291:5)
      at router.handle (node_modules/router/index.js:186:3)
      at router (node_modules/router/index.js:60:12)
      at Layer.handleRequest (node_modules/router/lib/layer.js:152:17)
      at trimPrefix (node_modules/router/index.js:342:13)
      at node_modules/router/index.js:297:9
      at processParams (node_modules/router/index.js:582:12)
      at next (node_modules/router/index.js:291:5)
      at cookieParser (node_modules/cookie-parser/index.js:57:14)
      at Layer.handleRequest (node_modules/router/lib/layer.js:152:17)
      at trimPrefix (node_modules/router/index.js:342:13)
      at node_modules/router/index.js:297:9
      at processParams (node_modules/router/index.js:582:12)
      at next (node_modules/router/index.js:291:5)
      at node_modules/body-parser/lib/read.js:172:5
      at invokeCallback (node_modules/raw-body/index.js:238:16)
      at done (node_modules/raw-body/index.js:227:7)
      at IncomingMessage.onEnd (node_modules/raw-body/index.js:287:7)

  console.error
    JsonWebTokenError {
      name: 'JsonWebTokenError',
      message: 'jwt malformed'
    }

    [0m [90m 18 |[39m       next()[33m;[39m
     [90m 19 |[39m     } [36mcatch[39m (error) {
    [31m[1m>[22m[39m[90m 20 |[39m       console[33m.[39merror(error)[33m;[39m
     [90m    |[39m               [31m[1m^[22m[39m
     [90m 21 |[39m       res[33m.[39mstatus([35m401[39m)[33m.[39mjson({ message[33m:[39m [32m'Not authorized, token failed'[39m })[33m;[39m
     [90m 22 |[39m     }
     [90m 23 |[39m   }[0m

      at error (middleware/authMiddleware.js:20:15)
      at Layer.handleRequest (node_modules/router/lib/layer.js:152:17)
      at next (node_modules/router/lib/route.js:157:13)
      at Route.dispatch (node_modules/router/lib/route.js:117:3)
      at handle (node_modules/router/index.js:435:11)
      at Layer.handleRequest (node_modules/router/lib/layer.js:152:17)
      at node_modules/router/index.js:295:15
      at processParams (node_modules/router/index.js:582:12)
      at next (node_modules/router/index.js:291:5)
      at router.handle (node_modules/router/index.js:186:3)
      at router (node_modules/router/index.js:60:12)
      at Layer.handleRequest (node_modules/router/lib/layer.js:152:17)
      at trimPrefix (node_modules/router/index.js:342:13)
      at node_modules/router/index.js:297:9
      at processParams (node_modules/router/index.js:582:12)
      at next (node_modules/router/index.js:291:5)
      at cookieParser (node_modules/cookie-parser/index.js:57:14)
      at Layer.handleRequest (node_modules/router/lib/layer.js:152:17)
      at trimPrefix (node_modules/router/index.js:342:13)
      at node_modules/router/index.js:297:9
      at processParams (node_modules/router/index.js:582:12)
      at next (node_modules/router/index.js:291:5)
      at node_modules/body-parser/lib/read.js:172:5
      at invokeCallback (node_modules/raw-body/index.js:238:16)
      at done (node_modules/raw-body/index.js:227:7)
      at IncomingMessage.onEnd (node_modules/raw-body/index.js:287:7)

  console.error
    JsonWebTokenError {
      name: 'JsonWebTokenError',
      message: 'jwt malformed'
    }

    [0m [90m 18 |[39m       next()[33m;[39m
     [90m 19 |[39m     } [36mcatch[39m (error) {
    [31m[1m>[22m[39m[90m 20 |[39m       console[33m.[39merror(error)[33m;[39m
     [90m    |[39m               [31m[1m^[22m[39m
     [90m 21 |[39m       res[33m.[39mstatus([35m401[39m)[33m.[39mjson({ message[33m:[39m [32m'Not authorized, token failed'[39m })[33m;[39m
     [90m 22 |[39m     }
     [90m 23 |[39m   }[0m

      at error (middleware/authMiddleware.js:20:15)
      at Layer.handleRequest (node_modules/router/lib/layer.js:152:17)
      at next (node_modules/router/lib/route.js:157:13)
      at Route.dispatch (node_modules/router/lib/route.js:117:3)
      at handle (node_modules/router/index.js:435:11)
      at Layer.handleRequest (node_modules/router/lib/layer.js:152:17)
      at node_modules/router/index.js:295:15
      at param (node_modules/router/index.js:600:14)
      at param (node_modules/router/index.js:610:14)
      at processParams (node_modules/router/index.js:664:3)
      at next (node_modules/router/index.js:291:5)
      at router.handle (node_modules/router/index.js:186:3)
      at router (node_modules/router/index.js:60:12)
      at Layer.handleRequest (node_modules/router/lib/layer.js:152:17)
      at trimPrefix (node_modules/router/index.js:342:13)
      at node_modules/router/index.js:297:9
      at processParams (node_modules/router/index.js:582:12)
      at next (node_modules/router/index.js:291:5)
      at cookieParser (node_modules/cookie-parser/index.js:57:14)
      at Layer.handleRequest (node_modules/router/lib/layer.js:152:17)
      at trimPrefix (node_modules/router/index.js:342:13)
      at node_modules/router/index.js:297:9
      at processParams (node_modules/router/index.js:582:12)
      at next (node_modules/router/index.js:291:5)
      at read (node_modules/body-parser/lib/read.js:54:5)
      at jsonParser (node_modules/body-parser/lib/types/json.js:90:5)
      at Layer.handleRequest (node_modules/router/lib/layer.js:152:17)
      at trimPrefix (node_modules/router/index.js:342:13)
      at node_modules/router/index.js:297:9
      at processParams (node_modules/router/index.js:582:12)
      at next (node_modules/router/index.js:291:5)
      at cors (node_modules/cors/lib/index.js:188:7)
      at node_modules/cors/lib/index.js:224:17
      at originCallback (node_modules/cors/lib/index.js:214:15)
      at node_modules/cors/lib/index.js:219:13
      at optionsCallback (node_modules/cors/lib/index.js:199:9)
      at corsMiddleware (node_modules/cors/lib/index.js:204:7)
      at Layer.handleRequest (node_modules/router/lib/layer.js:152:17)
      at trimPrefix (node_modules/router/index.js:342:13)
      at node_modules/router/index.js:297:9
      at processParams (node_modules/router/index.js:582:12)
      at next (node_modules/router/index.js:291:5)
      at router.handle (node_modules/router/index.js:186:3)
      at app.handle (node_modules/express/lib/application.js:177:15)
      at Server.app (node_modules/express/lib/express.js:38:9)

FAIL __tests__/application
.test.js
  Application CRUD 
Operations
    POST 
/api/applications (Create)
      ΓêÜ should create a 
new application (196 ms)
      ΓêÜ should not 
create application 
without auth (29 ms)
    GET /api/applications 
(Read)
      ├ù should get all 
user applications (176 ms)
      ├ù should filter 
applications by status 
(71 ms)
      ΓêÜ should not get 
applications without auth 
(208 ms)
    PUT 
/api/applications/:id 
(Update)
      ├ù should update 
application (168 ms)
      ├ù should not 
update non-existent 
application (198 ms)
    DELETE 
/api/applications/:id
      ├ù should delete 
application (498 ms)

  ΓùÅ Application CRUD 
Operations ΓÇ║ GET 
/api/applications (Read) 
ΓÇ║ should get all user 
applications

    expect(received).toBe(
expected) // Object.is 
equality

    Expected: 200
    Received: 500

    [0m [90m 92 |[39m  
       [33m.[39m[36mset
[39m([32m'Authorization'
[39m[33m,[39m 
[32m`Bearer 
${token}`[39m)[33m;[39m
     [90m 93 |[39m
    
[31m[1m>[22m[39m[90m 
94 |[39m       expect(res
[33m.[39mstatusCode)[33
m.[39mtoBe([35m200[39m)
[33m;[39m
     [90m    |[39m      
                        
[31m[1m^[22m[39m
     [90m 95 |[39m      
 expect(res[33m.[39mbody
[33m.[39mapplications)[
33m.[39mtoHaveLength([35
m2[39m)[33m;[39m
     [90m 96 |[39m      
 expect(res[33m.[39mbody
[33m.[39mtotalApplicatio
ns)[33m.[39mtoBe([35m2
[39m)[33m;[39m
     [90m 97 |[39m     
})[33m;[39m[0m

      at Object.toBe (__te
sts__/application.test.js:
94:30)

  ΓùÅ Application CRUD 
Operations ΓÇ║ GET 
/api/applications (Read) 
ΓÇ║ should filter 
applications by status

    expect(received).toBe(
expected) // Object.is 
equality

    Expected: 200
    Received: 401

    [0m [90m 102 |[39m 
        [33m.[39m[36mse
t[39m([32m'Authorization
'[39m[33m,[39m 
[32m`Bearer 
${token}`[39m)[33m;[39m
     [90m 103 |[39m
    
[31m[1m>[22m[39m[90m 
104 |[39m       expect(re
s[33m.[39mstatusCode)[3
3m.[39mtoBe([35m200[39m
)[33m;[39m
     [90m     |[39m     
                         
[31m[1m^[22m[39m
     [90m 105 |[39m     
  expect(res[33m.[39mbod
y[33m.[39mapplications[
33m.[39mevery(app 
[33m=>[39m 
app[33m.[39mstatus 
[33m===[39m [32m'applie
d'[39m))[33m.[39mtoBe(
[36mtrue[39m)[33m;[39m
     [90m 106 |[39m     
})[33m;[39m
     [90m 107 |[39m[0m

      at Object.toBe (__te
sts__/application.test.js:
104:30)

  ΓùÅ Application CRUD 
Operations ΓÇ║ PUT 
/api/applications/:id 
(Update) ΓÇ║ should 
update application

    expect(received).toBe(
expected) // Object.is 
equality

    Expected: 200
    Received: 401

    [0m [90m 135 |[39m 
        })[33m;[39m
     [90m 136 |[39m
    
[31m[1m>[22m[39m[90m 
137 |[39m       expect(re
s[33m.[39mstatusCode)[3
3m.[39mtoBe([35m200[39m
)[33m;[39m
     [90m     |[39m     
                         
[31m[1m^[22m[39m
     [90m 138 |[39m     
  expect(res[33m.[39mbod
y[33m.[39mstatus)[33m.
[39mtoBe([32m'in-progress
'[39m)[33m;[39m
     [90m 139 |[39m     
  expect(res[33m.[39mbod
y[33m.[39mnotes)[33m.[
39mtoBe([32m'Interview sc
heduled'[39m)[33m;[39m
     [90m 140 |[39m     
})[33m;[39m[0m

      at Object.toBe (__te
sts__/application.test.js:
137:30)

  ΓùÅ Application CRUD 
Operations ΓÇ║ PUT 
/api/applications/:id 
(Update) ΓÇ║ should not 
update non-existent 
application

    expect(received).toBe(
expected) // Object.is 
equality

    Expected: 404
    Received: 401

    [0m [90m 147 |[39m 
        [33m.[39msend({ 
status[33m:[39m 
[32m'offer'[39m 
})[33m;[39m
     [90m 148 |[39m
    
[31m[1m>[22m[39m[90m 
149 |[39m       expect(re
s[33m.[39mstatusCode)[3
3m.[39mtoBe([35m404[39m
)[33m;[39m
     [90m     |[39m     
                         
[31m[1m^[22m[39m
     [90m 150 |[39m     
})[33m;[39m
     [90m 151 |[39m   
})[33m;[39m
     [90m 152 |[39m[0m

      at Object.toBe (__te
sts__/application.test.js:
149:30)

  ΓùÅ Application CRUD 
Operations ΓÇ║ DELETE 
/api/applications/:id ΓÇ║ 
should delete application

    expect(received).toBe(
expected) // Object.is 
equality

    Expected: 200
    Received: 401

    [0m [90m 168 |[39m 
        [33m.[39m[36mse
t[39m([32m'Authorization
'[39m[33m,[39m 
[32m`Bearer 
${token}`[39m)[33m;[39m
     [90m 169 |[39m
    
[31m[1m>[22m[39m[90m 
170 |[39m       expect(re
s[33m.[39mstatusCode)[3
3m.[39mtoBe([35m200[39m
)[33m;[39m
     [90m     |[39m     
                         
[31m[1m^[22m[39m
     [90m 171 |[39m     
  expect(res[33m.[39mbod
y[33m.[39mmessage)[33m.
[39mtoBe([32m'Applicatio
n deleted successfully'[3
9m)[33m;[39m
     [90m 172 |[39m
     [90m 173 |[39m     
  [90m// Verify it's 
deleted[39m[0m

      at Object.toBe (__te
sts__/application.test.js:
170:30)

Test Suites: 2 failed, 2 
total
Tests:       8 failed, 8 
passed, 16 total
Snapshots:   0 total
Time:        10.072 s, 
estimated 16 s
Ran all test suites.

  console.log
    [dotenv@17.2.3] injecting env (3) from .env -- tip: ≡ƒöÉ encrypt with Dotenvx: https://dotenvx.com

      at _log (node_modules/dotenv/lib/main.js:142:11)

FAIL __tests__/application
.test.js (13.871 s)
  Application CRUD 
Operations
    POST 
/api/applications (Create)
      ├ù should create a 
new application (477 ms)
      ├ù should not 
create application 
without auth (184 ms)
    GET /api/applications 
(Read)
      ├ù should get all 
user applications (329 ms)
      ├ù should filter 
applications by status 
(265 ms)
      ├ù should not get 
applications without auth 
(500 ms)
    PUT 
/api/applications/:id 
(Update)
      ├ù should update 
application (306 ms)
      ├ù should not 
update non-existent 
application (198 ms)
    DELETE 
/api/applications/:id
      ├ù should delete 
application (164 ms)

  ΓùÅ Application CRUD 
Operations ΓÇ║ POST 
/api/applications 
(Create) ΓÇ║ should 
create a new application

    expect(received).toBeD
efined()

    Received: undefined

    [0m [90m 38 |[39m  
 
     [90m 39 |[39m   
[90m// Ensure token is 
set[39m
    
[31m[1m>[22m[39m[90m 
40 |[39m   expect(token)
[33m.[39mtoBeDefined()[3
3m;[39m
     [90m    |[39m      
           
[31m[1m^[22m[39m
     [90m 41 |[39m   exp
ect(userId)[33m.[39mtoBe
Defined()[33m;[39m
     [90m 42 |[39m 
})[33m;[39m
     [90m 43 |[39m[0m

      at 
Object.toBeDefined (__test
s__/application.test.js:40
:17)

  ΓùÅ Application CRUD 
Operations ΓÇ║ POST 
/api/applications 
(Create) ΓÇ║ should not 
create application 
without auth

    expect(received).toBeD
efined()

    Received: undefined

    [0m [90m 38 |[39m  
 
     [90m 39 |[39m   
[90m// Ensure token is 
set[39m
    
[31m[1m>[22m[39m[90m 
40 |[39m   expect(token)
[33m.[39mtoBeDefined()[3
3m;[39m
     [90m    |[39m      
           
[31m[1m^[22m[39m
     [90m 41 |[39m   exp
ect(userId)[33m.[39mtoBe
Defined()[33m;[39m
     [90m 42 |[39m 
})[33m;[39m
     [90m 43 |[39m[0m

      at 
Object.toBeDefined (__test
s__/application.test.js:40
:17)

  ΓùÅ Application CRUD 
Operations ΓÇ║ GET 
/api/applications (Read) 
ΓÇ║ should get all user 
applications

    expect(received).toBeD
efined()

    Received: undefined

    [0m [90m 38 |[39m  
 
     [90m 39 |[39m   
[90m// Ensure token is 
set[39m
    
[31m[1m>[22m[39m[90m 
40 |[39m   expect(token)
[33m.[39mtoBeDefined()[3
3m;[39m
     [90m    |[39m      
           
[31m[1m^[22m[39m
     [90m 41 |[39m   exp
ect(userId)[33m.[39mtoBe
Defined()[33m;[39m
     [90m 42 |[39m 
})[33m;[39m
     [90m 43 |[39m[0m

      at 
Object.toBeDefined (__test
s__/application.test.js:40
:17)

  ΓùÅ Application CRUD 
Operations ΓÇ║ GET 
/api/applications (Read) 
ΓÇ║ should filter 
applications by status

    expect(received).toBeD
efined()

    Received: undefined

    [0m [90m 38 |[39m  
 
     [90m 39 |[39m   
[90m// Ensure token is 
set[39m
    
[31m[1m>[22m[39m[90m 
40 |[39m   expect(token)
[33m.[39mtoBeDefined()[3
3m;[39m
     [90m    |[39m      
           
[31m[1m^[22m[39m
     [90m 41 |[39m   exp
ect(userId)[33m.[39mtoBe
Defined()[33m;[39m
     [90m 42 |[39m 
})[33m;[39m
     [90m 43 |[39m[0m

      at 
Object.toBeDefined (__test
s__/application.test.js:40
:17)

  ΓùÅ Application CRUD 
Operations ΓÇ║ GET 
/api/applications (Read) 
ΓÇ║ should not get 
applications without auth

    expect(received).toBeD
efined()

    Received: undefined

    [0m [90m 38 |[39m  
 
     [90m 39 |[39m   
[90m// Ensure token is 
set[39m
    
[31m[1m>[22m[39m[90m 
40 |[39m   expect(token)
[33m.[39mtoBeDefined()[3
3m;[39m
     [90m    |[39m      
           
[31m[1m^[22m[39m
     [90m 41 |[39m   exp
ect(userId)[33m.[39mtoBe
Defined()[33m;[39m
     [90m 42 |[39m 
})[33m;[39m
     [90m 43 |[39m[0m

      at 
Object.toBeDefined (__test
s__/application.test.js:40
:17)

  ΓùÅ Application CRUD 
Operations ΓÇ║ PUT 
/api/applications/:id 
(Update) ΓÇ║ should 
update application

    expect(received).toBeD
efined()

    Received: undefined

    [0m [90m 38 |[39m  
 
     [90m 39 |[39m   
[90m// Ensure token is 
set[39m
    
[31m[1m>[22m[39m[90m 
40 |[39m   expect(token)
[33m.[39mtoBeDefined()[3
3m;[39m
     [90m    |[39m      
           
[31m[1m^[22m[39m
     [90m 41 |[39m   exp
ect(userId)[33m.[39mtoBe
Defined()[33m;[39m
     [90m 42 |[39m 
})[33m;[39m
     [90m 43 |[39m[0m

      at 
Object.toBeDefined (__test
s__/application.test.js:40
:17)

  ΓùÅ Application CRUD 
Operations ΓÇ║ PUT 
/api/applications/:id 
(Update) ΓÇ║ should not 
update non-existent 
application

    expect(received).toBeD
efined()

    Received: undefined

    [0m [90m 38 |[39m  
 
     [90m 39 |[39m   
[90m// Ensure token is 
set[39m
    
[31m[1m>[22m[39m[90m 
40 |[39m   expect(token)
[33m.[39mtoBeDefined()[3
3m;[39m
     [90m    |[39m      
           
[31m[1m^[22m[39m
     [90m 41 |[39m   exp
ect(userId)[33m.[39mtoBe
Defined()[33m;[39m
     [90m 42 |[39m 
})[33m;[39m
     [90m 43 |[39m[0m

      at 
Object.toBeDefined (__test
s__/application.test.js:40
:17)

  ΓùÅ Application CRUD 
Operations ΓÇ║ DELETE 
/api/applications/:id ΓÇ║ 
should delete application

    expect(received).toBeD
efined()

    Received: undefined

    [0m [90m 38 |[39m  
 
     [90m 39 |[39m   
[90m// Ensure token is 
set[39m
    
[31m[1m>[22m[39m[90m 
40 |[39m   expect(token)
[33m.[39mtoBeDefined()[3
3m;[39m
     [90m    |[39m      
           
[31m[1m^[22m[39m
     [90m 41 |[39m   exp
ect(userId)[33m.[39mtoBe
Defined()[33m;[39m
     [90m 42 |[39m 
})[33m;[39m
     [90m 43 |[39m[0m

      at 
Object.toBeDefined (__test
s__/application.test.js:40
:17)

  console.log
    [dotenv@17.2.3] injecting env (3) from .env -- tip: ≡ƒôí add observability to secrets: https://dotenvx.com/ops

      at _log (node_modules/dotenv/lib/main.js:142:11)

  console.error
    JsonWebTokenError {
      name: 'JsonWebTokenError',
      message: 'jwt malformed'
    }

    [0m [90m 18 |[39m       next()[33m;[39m
     [90m 19 |[39m     } [36mcatch[39m (error) {
    [31m[1m>[22m[39m[90m 20 |[39m       console[33m.[39merror(error)[33m;[39m
     [90m    |[39m               [31m[1m^[22m[39m
     [90m 21 |[39m       res[33m.[39mstatus([35m401[39m)[33m.[39mjson({ message[33m:[39m [32m'Not authorized, token failed'[39m })[33m;[39m
     [90m 22 |[39m     }
     [90m 23 |[39m   }[0m

      at error (middleware/authMiddleware.js:20:15)
      at Layer.handleRequest (node_modules/router/lib/layer.js:152:17)
      at next (node_modules/router/lib/route.js:157:13)
      at Route.dispatch (node_modules/router/lib/route.js:117:3)
      at handle (node_modules/router/index.js:435:11)
      at Layer.handleRequest (node_modules/router/lib/layer.js:152:17)
      at node_modules/router/index.js:295:15
      at processParams (node_modules/router/index.js:582:12)
      at next (node_modules/router/index.js:291:5)
      at router.handle (node_modules/router/index.js:186:3)
      at router (node_modules/router/index.js:60:12)
      at Layer.handleRequest (node_modules/router/lib/layer.js:152:17)
      at trimPrefix (node_modules/router/index.js:342:13)
      at node_modules/router/index.js:297:9
      at processParams (node_modules/router/index.js:582:12)
      at next (node_modules/router/index.js:291:5)
      at cookieParser (node_modules/cookie-parser/index.js:57:14)
      at Layer.handleRequest (node_modules/router/lib/layer.js:152:17)
      at trimPrefix (node_modules/router/index.js:342:13)
      at node_modules/router/index.js:297:9
      at processParams (node_modules/router/index.js:582:12)
      at next (node_modules/router/index.js:291:5)
      at read (node_modules/body-parser/lib/read.js:54:5)
      at jsonParser (node_modules/body-parser/lib/types/json.js:90:5)
      at Layer.handleRequest (node_modules/router/lib/layer.js:152:17)
      at trimPrefix (node_modules/router/index.js:342:13)
      at node_modules/router/index.js:297:9
      at processParams (node_modules/router/index.js:582:12)
      at next (node_modules/router/index.js:291:5)
      at cors (node_modules/cors/lib/index.js:188:7)
      at node_modules/cors/lib/index.js:224:17
      at originCallback (node_modules/cors/lib/index.js:214:15)
      at node_modules/cors/lib/index.js:219:13
      at optionsCallback (node_modules/cors/lib/index.js:199:9)
      at corsMiddleware (node_modules/cors/lib/index.js:204:7)
      at Layer.handleRequest (node_modules/router/lib/layer.js:152:17)
      at trimPrefix (node_modules/router/index.js:342:13)
      at node_modules/router/index.js:297:9
      at processParams (node_modules/router/index.js:582:12)
      at next (node_modules/router/index.js:291:5)
      at router.handle (node_modules/router/index.js:186:3)
      at app.handle (node_modules/express/lib/application.js:177:15)
      at Server.app (node_modules/express/lib/express.js:38:9)

FAIL 
__tests__/auth.test.js
  User Authentication
    POST /api/users 
(Register)
      ΓêÜ should register 
a new user successfully 
(354 ms)
      ├ù should not 
register user with 
existing email (366 ms)
    POST /api/users/login
      ├ù should login 
with correct credentials 
(280 ms)
      ΓêÜ should not 
login with incorrect 
password (391 ms)
      ΓêÜ should not 
login with non-existent 
email (382 ms)
    GET /api/users/me 
(Protected Route)
      ├ù should get user 
profile with valid token 
(308 ms)
      ΓêÜ should not get 
profile without token 
(118 ms)
      ΓêÜ should not get 
profile with invalid 
token (277 ms)

  ΓùÅ User Authentication 
ΓÇ║ POST /api/users 
(Register) ΓÇ║ should not 
register user with 
existing email

    expect(received).toBe(
expected) // Object.is 
equality

    Expected: 400
    Received: 500

    [0m [90m 65 |[39m  
       })[33m;[39m
     [90m 66 |[39m
    
[31m[1m>[22m[39m[90m 
67 |[39m       expect(res
[33m.[39mstatusCode)[33
m.[39mtoBe([35m400[39m)
[33m;[39m
     [90m    |[39m      
                        
[31m[1m^[22m[39m
     [90m 68 |[39m      
 expect(res[33m.[39mbody
[33m.[39mmessage)[33m.
[39mtoBe([32m'User 
already 
exists'[39m)[33m;[39m
     [90m 69 |[39m     
})[33m;[39m
     [90m 70 |[39m   
})[33m;[39m[0m

      at Object.toBe (__te
sts__/auth.test.js:67:30)

  ΓùÅ User Authentication 
ΓÇ║ POST /api/users/login 
ΓÇ║ should login with 
correct credentials

    expect(received).toBe(
expected) // Object.is 
equality

    Expected: 200
    Received: 500

    [0m [90m 90 |[39m  
       })[33m;[39m
     [90m 91 |[39m
    
[31m[1m>[22m[39m[90m 
92 |[39m       expect(res
[33m.[39mstatusCode)[33
m.[39mtoBe([35m200[39m)
[33m;[39m
     [90m    |[39m      
                        
[31m[1m^[22m[39m
     [90m 93 |[39m      
 expect(res[33m.[39mbody
)[33m.[39mtoHaveProperty
([32m'token'[39m)[33m;
[39m
     [90m 94 |[39m      
 expect(res[33m.[39mbody
[33m.[39memail)[33m.[3
9mtoBe([32m'test@example.
com'[39m)[33m;[39m
     [90m 95 |[39m     
})[33m;[39m[0m

      at Object.toBe (__te
sts__/auth.test.js:92:30)

  ΓùÅ User Authentication 
ΓÇ║ GET /api/users/me 
(Protected Route) ΓÇ║ 
should get user profile 
with valid token

    expect(received).toBe(
expected) // Object.is 
equality

    Expected: 200
    Received: 500

    [0m [90m 140 |[39m 
        [33m.[39m[36mse
t[39m([32m'Authorization
'[39m[33m,[39m 
[32m`Bearer 
${token}`[39m)[33m;[39m
     [90m 141 |[39m
    
[31m[1m>[22m[39m[90m 
142 |[39m       expect(re
s[33m.[39mstatusCode)[3
3m.[39mtoBe([35m200[39m
)[33m;[39m
     [90m     |[39m     
                         
[31m[1m^[22m[39m
     [90m 143 |[39m     
  expect(res[33m.[39mbod
y[33m.[39memail)[33m.[
39mtoBe([32m'test@example
.com'[39m)[33m;[39m
     [90m 144 |[39m     
  expect(res[33m.[39mbod
y[33m.[39mname)[33m.[3
9mtoBe([32m'Test 
User'[39m)[33m;[39m
     [90m 145 |[39m     
})[33m;[39m[0m

      at Object.toBe (__te
sts__/auth.test.js:142:30)

Test Suites: 2 failed, 2 
total
Tests:       11 failed, 5 
passed, 16 total
Snapshots:   0 total
Time:        18.891 s
Ran all test suites.

  console.log
    [dotenv@17.2.3] injecting env (3) from .env -- tip: ≡ƒöÉ prevent committing .env to code: https://dotenvx.com/precommit

      at _log (node_modules/dotenv/lib/main.js:142:11)

  console.error
    JsonWebTokenError {
      name: 'JsonWebTokenError',
      message: 'jwt malformed'
    }

    [0m [90m 18 |[39m       next()[33m;[39m
     [90m 19 |[39m     } [36mcatch[39m (error) {
    [31m[1m>[22m[39m[90m 20 |[39m       console[33m.[39merror(error)[33m;[39m
     [90m    |[39m               [31m[1m^[22m[39m
     [90m 21 |[39m       res[33m.[39mstatus([35m401[39m)[33m.[39mjson({ message[33m:[39m [32m'Not authorized, token failed'[39m })[33m;[39m
     [90m 22 |[39m     }
     [90m 23 |[39m   }[0m

      at error (middleware/authMiddleware.js:20:15)
      at Layer.handleRequest (node_modules/router/lib/layer.js:152:17)
      at next (node_modules/router/lib/route.js:157:13)
      at Route.dispatch (node_modules/router/lib/route.js:117:3)
      at handle (node_modules/router/index.js:435:11)
      at Layer.handleRequest (node_modules/router/lib/layer.js:152:17)
      at node_modules/router/index.js:295:15
      at processParams (node_modules/router/index.js:582:12)
      at next (node_modules/router/index.js:291:5)
      at router.handle (node_modules/router/index.js:186:3)
      at router (node_modules/router/index.js:60:12)
      at Layer.handleRequest (node_modules/router/lib/layer.js:152:17)
      at trimPrefix (node_modules/router/index.js:342:13)
      at node_modules/router/index.js:297:9
      at processParams (node_modules/router/index.js:582:12)
      at next (node_modules/router/index.js:291:5)
      at cookieParser (node_modules/cookie-parser/index.js:57:14)
      at Layer.handleRequest (node_modules/router/lib/layer.js:152:17)
      at trimPrefix (node_modules/router/index.js:342:13)
      at node_modules/router/index.js:297:9
      at processParams (node_modules/router/index.js:582:12)
      at next (node_modules/router/index.js:291:5)
      at read (node_modules/body-parser/lib/read.js:54:5)
      at jsonParser (node_modules/body-parser/lib/types/json.js:90:5)
      at Layer.handleRequest (node_modules/router/lib/layer.js:152:17)
      at trimPrefix (node_modules/router/index.js:342:13)
      at node_modules/router/index.js:297:9
      at processParams (node_modules/router/index.js:582:12)
      at next (node_modules/router/index.js:291:5)
      at cors (node_modules/cors/lib/index.js:188:7)
      at node_modules/cors/lib/index.js:224:17
      at originCallback (node_modules/cors/lib/index.js:214:15)
      at node_modules/cors/lib/index.js:219:13
      at optionsCallback (node_modules/cors/lib/index.js:199:9)
      at corsMiddleware (node_modules/cors/lib/index.js:204:7)
      at Layer.handleRequest (node_modules/router/lib/layer.js:152:17)
      at trimPrefix (node_modules/router/index.js:342:13)
      at node_modules/router/index.js:297:9
      at processParams (node_modules/router/index.js:582:12)
      at next (node_modules/router/index.js:291:5)
      at router.handle (node_modules/router/index.js:186:3)
      at app.handle (node_modules/express/lib/application.js:177:15)
      at Server.app (node_modules/express/lib/express.js:38:9)

  console.error
    JsonWebTokenError {
      name: 'JsonWebTokenError',
      message: 'jwt malformed'
    }

    [0m [90m 18 |[39m       next()[33m;[39m
     [90m 19 |[39m     } [36mcatch[39m (error) {
    [31m[1m>[22m[39m[90m 20 |[39m       console[33m.[39merror(error)[33m;[39m
     [90m    |[39m               [31m[1m^[22m[39m
     [90m 21 |[39m       res[33m.[39mstatus([35m401[39m)[33m.[39mjson({ message[33m:[39m [32m'Not authorized, token failed'[39m })[33m;[39m
     [90m 22 |[39m     }
     [90m 23 |[39m   }[0m

      at error (middleware/authMiddleware.js:20:15)
      at Layer.handleRequest (node_modules/router/lib/layer.js:152:17)
      at next (node_modules/router/lib/route.js:157:13)
      at Route.dispatch (node_modules/router/lib/route.js:117:3)
      at handle (node_modules/router/index.js:435:11)
      at Layer.handleRequest (node_modules/router/lib/layer.js:152:17)
      at node_modules/router/index.js:295:15
      at processParams (node_modules/router/index.js:582:12)
      at next (node_modules/router/index.js:291:5)
      at router.handle (node_modules/router/index.js:186:3)
      at router (node_modules/router/index.js:60:12)
      at Layer.handleRequest (node_modules/router/lib/layer.js:152:17)
      at trimPrefix (node_modules/router/index.js:342:13)
      at node_modules/router/index.js:297:9
      at processParams (node_modules/router/index.js:582:12)
      at next (node_modules/router/index.js:291:5)
      at cookieParser (node_modules/cookie-parser/index.js:57:14)
      at Layer.handleRequest (node_modules/router/lib/layer.js:152:17)
      at trimPrefix (node_modules/router/index.js:342:13)
      at node_modules/router/index.js:297:9
      at processParams (node_modules/router/index.js:582:12)
      at next (node_modules/router/index.js:291:5)
      at read (node_modules/body-parser/lib/read.js:54:5)
      at jsonParser (node_modules/body-parser/lib/types/json.js:90:5)
      at Layer.handleRequest (node_modules/router/lib/layer.js:152:17)
      at trimPrefix (node_modules/router/index.js:342:13)
      at node_modules/router/index.js:297:9
      at processParams (node_modules/router/index.js:582:12)
      at next (node_modules/router/index.js:291:5)
      at cors (node_modules/cors/lib/index.js:188:7)
      at node_modules/cors/lib/index.js:224:17
      at originCallback (node_modules/cors/lib/index.js:214:15)
      at node_modules/cors/lib/index.js:219:13
      at optionsCallback (node_modules/cors/lib/index.js:199:9)
      at corsMiddleware (node_modules/cors/lib/index.js:204:7)
      at Layer.handleRequest (node_modules/router/lib/layer.js:152:17)
      at trimPrefix (node_modules/router/index.js:342:13)
      at node_modules/router/index.js:297:9
      at processParams (node_modules/router/index.js:582:12)
      at next (node_modules/router/index.js:291:5)
      at router.handle (node_modules/router/index.js:186:3)
      at app.handle (node_modules/express/lib/application.js:177:15)
      at Server.app (node_modules/express/lib/express.js:38:9)

FAIL 
__tests__/auth.test.js 
(9.27 s)
  User Authentication
    POST /api/users 
(Register)
      ├ù should register 
a new user successfully 
(513 ms)
      ├ù should not 
register user with 
existing email (515 ms)
    POST /api/users/login
      ├ù should login 
with correct credentials 
(347 ms)
      ΓêÜ should not 
login with incorrect 
password (348 ms)
      ΓêÜ should not 
login with non-existent 
email (244 ms)
    GET /api/users/me 
(Protected Route)
      ├ù should get user 
profile with valid token 
(152 ms)
      ΓêÜ should not get 
profile without token 
(304 ms)
      ΓêÜ should not get 
profile with invalid 
token (333 ms)

  ΓùÅ User Authentication 
ΓÇ║ POST /api/users 
(Register) ΓÇ║ should 
register a new user 
successfully

    expect(received).toBe(
expected) // Object.is 
equality

    Expected: 201
    Received: 500

    [0m [90m 40 |[39m  
       })[33m;[39m
     [90m 41 |[39m
    
[31m[1m>[22m[39m[90m 
42 |[39m       expect(res
[33m.[39mstatusCode)[33
m.[39mtoBe([35m201[39m)
[33m;[39m
     [90m    |[39m      
                        
[31m[1m^[22m[39m
     [90m 43 |[39m      
 expect(res[33m.[39mbody
)[33m.[39mtoHaveProperty
([32m'token'[39m)[33m;
[39m
     [90m 44 |[39m      
 expect(res[33m.[39mbody
[33m.[39memail)[33m.[3
9mtoBe([32m'test@example.
com'[39m)[33m;[39m
     [90m 45 |[39m      
 expect(res[33m.[39mbody
[33m.[39mname)[33m.[39
mtoBe([32m'Test 
User'[39m)[33m;[39m[0m

      at Object.toBe (__te
sts__/auth.test.js:42:30)

  ΓùÅ User Authentication 
ΓÇ║ POST /api/users 
(Register) ΓÇ║ should not 
register user with 
existing email

    expect(received).toBe(
expected) // Object.is 
equality

    Expected: 400
    Received: 500

    [0m [90m 65 |[39m  
       })[33m;[39m
     [90m 66 |[39m
    
[31m[1m>[22m[39m[90m 
67 |[39m       expect(res
[33m.[39mstatusCode)[33
m.[39mtoBe([35m400[39m)
[33m;[39m
     [90m    |[39m      
                        
[31m[1m^[22m[39m
     [90m 68 |[39m      
 expect(res[33m.[39mbody
[33m.[39mmessage)[33m.
[39mtoBe([32m'User 
already 
exists'[39m)[33m;[39m
     [90m 69 |[39m     
})[33m;[39m
     [90m 70 |[39m   
})[33m;[39m[0m

      at Object.toBe (__te
sts__/auth.test.js:67:30)

  ΓùÅ User Authentication 
ΓÇ║ POST /api/users/login 
ΓÇ║ should login with 
correct credentials

    expect(received).toBe(
expected) // Object.is 
equality

    Expected: 200
    Received: 401

    [0m [90m 90 |[39m  
       })[33m;[39m
     [90m 91 |[39m
    
[31m[1m>[22m[39m[90m 
92 |[39m       expect(res
[33m.[39mstatusCode)[33
m.[39mtoBe([35m200[39m)
[33m;[39m
     [90m    |[39m      
                        
[31m[1m^[22m[39m
     [90m 93 |[39m      
 expect(res[33m.[39mbody
)[33m.[39mtoHaveProperty
([32m'token'[39m)[33m;
[39m
     [90m 94 |[39m      
 expect(res[33m.[39mbody
[33m.[39memail)[33m.[3
9mtoBe([32m'test@example.
com'[39m)[33m;[39m
     [90m 95 |[39m     
})[33m;[39m[0m

      at Object.toBe (__te
sts__/auth.test.js:92:30)

  ΓùÅ User Authentication 
ΓÇ║ GET /api/users/me 
(Protected Route) ΓÇ║ 
should get user profile 
with valid token

    expect(received).toBe(
expected) // Object.is 
equality

    Expected: 200
    Received: 401

    [0m [90m 140 |[39m 
        [33m.[39m[36mse
t[39m([32m'Authorization
'[39m[33m,[39m 
[32m`Bearer 
${token}`[39m)[33m;[39m
     [90m 141 |[39m
    
[31m[1m>[22m[39m[90m 
142 |[39m       expect(re
s[33m.[39mstatusCode)[3
3m.[39mtoBe([35m200[39m
)[33m;[39m
     [90m     |[39m     
                         
[31m[1m^[22m[39m
     [90m 143 |[39m     
  expect(res[33m.[39mbod
y[33m.[39memail)[33m.[
39mtoBe([32m'test@example
.com'[39m)[33m;[39m
     [90m 144 |[39m     
  expect(res[33m.[39mbod
y[33m.[39mname)[33m.[3
9mtoBe([32m'Test 
User'[39m)[33m;[39m
     [90m 145 |[39m     
})[33m;[39m[0m

      at Object.toBe (__te
sts__/auth.test.js:142:30)

  console.log
    [dotenv@17.2.3] injecting env (3) from .env -- tip: ≡ƒôí add observability to secrets: https://dotenvx.com/ops

      at _log (node_modules/dotenv/lib/main.js:142:11)

FAIL __tests__/application
.test.js
  Application CRUD 
Operations
    POST 
/api/applications (Create)
      ├ù should create a 
new application (466 ms)
      ├ù should not 
create application 
without auth (260 ms)
    GET /api/applications 
(Read)
      ├ù should get all 
user applications (248 ms)
      ├ù should filter 
applications by status 
(253 ms)
      ΓêÜ should not get 
applications without auth 
(232 ms)
    PUT 
/api/applications/:id 
(Update)
      ├ù should update 
application (230 ms)
      ├ù should not 
update non-existent 
application (214 ms)
    DELETE 
/api/applications/:id
      ├ù should delete 
application (226 ms)

  ΓùÅ Application CRUD 
Operations ΓÇ║ POST 
/api/applications 
(Create) ΓÇ║ should 
create a new application

    expect(received).toBe(
expected) // Object.is 
equality

    Expected: 201
    Received: 500

    [0m [90m 63 |[39m  
       })[33m;[39m
     [90m 64 |[39m
    
[31m[1m>[22m[39m[90m 
65 |[39m       expect(res
[33m.[39mstatusCode)[33
m.[39mtoBe([35m201[39m)
[33m;[39m
     [90m    |[39m      
                        
[31m[1m^[22m[39m
     [90m 66 |[39m      
 expect(res[33m.[39mbody
[33m.[39mcompanyName)[3
3m.[39mtoBe([32m'Google'
[39m)[33m;[39m
     [90m 67 |[39m      
 expect(res[33m.[39mbody
[33m.[39mrole)[33m.[39
mtoBe([32m'Software 
Engineer'[39m)[33m;[39m
     [90m 68 |[39m      
 expect(res[33m.[39mbody
[33m.[39mstatus)[33m.[
39mtoBe([32m'applied'[39
m)[33m;[39m[0m

      at Object.toBe (__te
sts__/application.test.js:
65:30)

  ΓùÅ Application CRUD 
Operations ΓÇ║ POST 
/api/applications 
(Create) ΓÇ║ should not 
create application 
without auth

    expect(received).toBeD
efined()

    Received: undefined

    [0m [90m 38 |[39m  
 
     [90m 39 |[39m   
[90m// Ensure token is 
set[39m
    
[31m[1m>[22m[39m[90m 
40 |[39m   expect(token)
[33m.[39mtoBeDefined()[3
3m;[39m
     [90m    |[39m      
           
[31m[1m^[22m[39m
     [90m 41 |[39m   exp
ect(userId)[33m.[39mtoBe
Defined()[33m;[39m
     [90m 42 |[39m 
})[33m;[39m
     [90m 43 |[39m[0m

      at 
Object.toBeDefined (__test
s__/application.test.js:40
:17)

  ΓùÅ Application CRUD 
Operations ΓÇ║ GET 
/api/applications (Read) 
ΓÇ║ should get all user 
applications

    expect(received).toBeD
efined()

    Received: undefined

    [0m [90m 38 |[39m  
 
     [90m 39 |[39m   
[90m// Ensure token is 
set[39m
    
[31m[1m>[22m[39m[90m 
40 |[39m   expect(token)
[33m.[39mtoBeDefined()[3
3m;[39m
     [90m    |[39m      
           
[31m[1m^[22m[39m
     [90m 41 |[39m   exp
ect(userId)[33m.[39mtoBe
Defined()[33m;[39m
     [90m 42 |[39m 
})[33m;[39m
     [90m 43 |[39m[0m

      at 
Object.toBeDefined (__test
s__/application.test.js:40
:17)

  ΓùÅ Application CRUD 
Operations ΓÇ║ GET 
/api/applications (Read) 
ΓÇ║ should filter 
applications by status

    expect(received).toBeD
efined()

    Received: undefined

    [0m [90m 38 |[39m  
 
     [90m 39 |[39m   
[90m// Ensure token is 
set[39m
    
[31m[1m>[22m[39m[90m 
40 |[39m   expect(token)
[33m.[39mtoBeDefined()[3
3m;[39m
     [90m    |[39m      
           
[31m[1m^[22m[39m
     [90m 41 |[39m   exp
ect(userId)[33m.[39mtoBe
Defined()[33m;[39m
     [90m 42 |[39m 
})[33m;[39m
     [90m 43 |[39m[0m

      at 
Object.toBeDefined (__test
s__/application.test.js:40
:17)

  ΓùÅ Application CRUD 
Operations ΓÇ║ PUT 
/api/applications/:id 
(Update) ΓÇ║ should 
update application

    expect(received).toBeD
efined()

    Received: undefined

    [0m [90m 38 |[39m  
 
     [90m 39 |[39m   
[90m// Ensure token is 
set[39m
    
[31m[1m>[22m[39m[90m 
40 |[39m   expect(token)
[33m.[39mtoBeDefined()[3
3m;[39m
     [90m    |[39m      
           
[31m[1m^[22m[39m
     [90m 41 |[39m   exp
ect(userId)[33m.[39mtoBe
Defined()[33m;[39m
     [90m 42 |[39m 
})[33m;[39m
     [90m 43 |[39m[0m

      at 
Object.toBeDefined (__test
s__/application.test.js:40
:17)

  ΓùÅ Application CRUD 
Operations ΓÇ║ PUT 
/api/applications/:id 
(Update) ΓÇ║ should not 
update non-existent 
application

    expect(received).toBeD
efined()

    Received: undefined

    [0m [90m 38 |[39m  
 
     [90m 39 |[39m   
[90m// Ensure token is 
set[39m
    
[31m[1m>[22m[39m[90m 
40 |[39m   expect(token)
[33m.[39mtoBeDefined()[3
3m;[39m
     [90m    |[39m      
           
[31m[1m^[22m[39m
     [90m 41 |[39m   exp
ect(userId)[33m.[39mtoBe
Defined()[33m;[39m
     [90m 42 |[39m 
})[33m;[39m
     [90m 43 |[39m[0m

      at 
Object.toBeDefined (__test
s__/application.test.js:40
:17)

  ΓùÅ Application CRUD 
Operations ΓÇ║ DELETE 
/api/applications/:id ΓÇ║ 
should delete application

    expect(received).toBeD
efined()

    Received: undefined

    [0m [90m 38 |[39m  
 
     [90m 39 |[39m   
[90m// Ensure token is 
set[39m
    
[31m[1m>[22m[39m[90m 
40 |[39m   expect(token)
[33m.[39mtoBeDefined()[3
3m;[39m
     [90m    |[39m      
           
[31m[1m^[22m[39m
     [90m 41 |[39m   exp
ect(userId)[33m.[39mtoBe
Defined()[33m;[39m
     [90m 42 |[39m 
})[33m;[39m
     [90m 43 |[39m[0m

      at 
Object.toBeDefined (__test
s__/application.test.js:40
:17)

Test Suites: 2 failed, 2 
total
Tests:       11 failed, 5 
passed, 16 total
Snapshots:   0 total
Time:        15.095 s
Ran all test suites.

  console.log
    [dotenv@17.2.3] injecting env (3) from .env -- tip: ≡ƒöÉ encrypt with Dotenvx: https://dotenvx.com

      at _log (node_modules/dotenv/lib/main.js:142:11)

  console.error
    JsonWebTokenError {
      name: 'JsonWebTokenError',
      message: 'jwt malformed'
    }

    [0m [90m 18 |[39m       next()[33m;[39m
     [90m 19 |[39m     } [36mcatch[39m (error) {
    [31m[1m>[22m[39m[90m 20 |[39m       console[33m.[39merror(error)[33m;[39m
     [90m    |[39m               [31m[1m^[22m[39m
     [90m 21 |[39m       res[33m.[39mstatus([35m401[39m)[33m.[39mjson({ message[33m:[39m [32m'Not authorized, token failed'[39m })[33m;[39m
     [90m 22 |[39m     }
     [90m 23 |[39m   }[0m

      at error (middleware/authMiddleware.js:20:15)
      at Layer.handleRequest (node_modules/router/lib/layer.js:152:17)
      at next (node_modules/router/lib/route.js:157:13)
      at Route.dispatch (node_modules/router/lib/route.js:117:3)
      at handle (node_modules/router/index.js:435:11)
      at Layer.handleRequest (node_modules/router/lib/layer.js:152:17)
      at node_modules/router/index.js:295:15
      at processParams (node_modules/router/index.js:582:12)
      at next (node_modules/router/index.js:291:5)
      at router.handle (node_modules/router/index.js:186:3)
      at router (node_modules/router/index.js:60:12)
      at Layer.handleRequest (node_modules/router/lib/layer.js:152:17)
      at trimPrefix (node_modules/router/index.js:342:13)
      at node_modules/router/index.js:297:9
      at processParams (node_modules/router/index.js:582:12)
      at next (node_modules/router/index.js:291:5)
      at cookieParser (node_modules/cookie-parser/index.js:57:14)
      at Layer.handleRequest (node_modules/router/lib/layer.js:152:17)
      at trimPrefix (node_modules/router/index.js:342:13)
      at node_modules/router/index.js:297:9
      at processParams (node_modules/router/index.js:582:12)
      at next (node_modules/router/index.js:291:5)
      at read (node_modules/body-parser/lib/read.js:54:5)
      at jsonParser (node_modules/body-parser/lib/types/json.js:90:5)
      at Layer.handleRequest (node_modules/router/lib/layer.js:152:17)
      at trimPrefix (node_modules/router/index.js:342:13)
      at node_modules/router/index.js:297:9
      at processParams (node_modules/router/index.js:582:12)
      at next (node_modules/router/index.js:291:5)
      at cors (node_modules/cors/lib/index.js:188:7)
      at node_modules/cors/lib/index.js:224:17
      at originCallback (node_modules/cors/lib/index.js:214:15)
      at node_modules/cors/lib/index.js:219:13
      at optionsCallback (node_modules/cors/lib/index.js:199:9)
      at corsMiddleware (node_modules/cors/lib/index.js:204:7)
      at Layer.handleRequest (node_modules/router/lib/layer.js:152:17)
      at trimPrefix (node_modules/router/index.js:342:13)
      at node_modules/router/index.js:297:9
      at processParams (node_modules/router/index.js:582:12)
      at next (node_modules/router/index.js:291:5)
      at router.handle (node_modules/router/index.js:186:3)
      at app.handle (node_modules/express/lib/application.js:177:15)
      at Server.app (node_modules/express/lib/express.js:38:9)

  console.error
    JsonWebTokenError {
      name: 'JsonWebTokenError',
      message: 'jwt malformed'
    }

    [0m [90m 18 |[39m       next()[33m;[39m
     [90m 19 |[39m     } [36mcatch[39m (error) {
    [31m[1m>[22m[39m[90m 20 |[39m       console[33m.[39merror(error)[33m;[39m
     [90m    |[39m               [31m[1m^[22m[39m
     [90m 21 |[39m       res[33m.[39mstatus([35m401[39m)[33m.[39mjson({ message[33m:[39m [32m'Not authorized, token failed'[39m })[33m;[39m
     [90m 22 |[39m     }
     [90m 23 |[39m   }[0m

      at error (middleware/authMiddleware.js:20:15)
      at Layer.handleRequest (node_modules/router/lib/layer.js:152:17)
      at next (node_modules/router/lib/route.js:157:13)
      at Route.dispatch (node_modules/router/lib/route.js:117:3)
      at handle (node_modules/router/index.js:435:11)
      at Layer.handleRequest (node_modules/router/lib/layer.js:152:17)
      at node_modules/router/index.js:295:15
      at processParams (node_modules/router/index.js:582:12)
      at next (node_modules/router/index.js:291:5)
      at router.handle (node_modules/router/index.js:186:3)
      at router (node_modules/router/index.js:60:12)
      at Layer.handleRequest (node_modules/router/lib/layer.js:152:17)
      at trimPrefix (node_modules/router/index.js:342:13)
      at node_modules/router/index.js:297:9
      at processParams (node_modules/router/index.js:582:12)
      at next (node_modules/router/index.js:291:5)
      at cookieParser (node_modules/cookie-parser/index.js:57:14)
      at Layer.handleRequest (node_modules/router/lib/layer.js:152:17)
      at trimPrefix (node_modules/router/index.js:342:13)
      at node_modules/router/index.js:297:9
      at processParams (node_modules/router/index.js:582:12)
      at next (node_modules/router/index.js:291:5)
      at read (node_modules/body-parser/lib/read.js:54:5)
      at jsonParser (node_modules/body-parser/lib/types/json.js:90:5)
      at Layer.handleRequest (node_modules/router/lib/layer.js:152:17)
      at trimPrefix (node_modules/router/index.js:342:13)
      at node_modules/router/index.js:297:9
      at processParams (node_modules/router/index.js:582:12)
      at next (node_modules/router/index.js:291:5)
      at cors (node_modules/cors/lib/index.js:188:7)
      at node_modules/cors/lib/index.js:224:17
      at originCallback (node_modules/cors/lib/index.js:214:15)
      at node_modules/cors/lib/index.js:219:13
      at optionsCallback (node_modules/cors/lib/index.js:199:9)
      at corsMiddleware (node_modules/cors/lib/index.js:204:7)
      at Layer.handleRequest (node_modules/router/lib/layer.js:152:17)
      at trimPrefix (node_modules/router/index.js:342:13)
      at node_modules/router/index.js:297:9
      at processParams (node_modules/router/index.js:582:12)
      at next (node_modules/router/index.js:291:5)
      at router.handle (node_modules/router/index.js:186:3)
      at app.handle (node_modules/express/lib/application.js:177:15)
      at Server.app (node_modules/express/lib/express.js:38:9)

FAIL 
__tests__/auth.test.js 
(7.887 s)
  User Authentication
    POST /api/users 
(Register)
      ├ù should register 
a new user successfully 
(980 ms)
      ├ù should not 
register user with 
existing email (472 ms)
    POST /api/users/login
      ├ù should login 
with correct credentials 
(399 ms)
      ΓêÜ should not 
login with incorrect 
password (370 ms)
      ΓêÜ should not 
login with non-existent 
email (488 ms)
    GET /api/users/me 
(Protected Route)
      ├ù should get user 
profile with valid token 
(138 ms)
      ΓêÜ should not get 
profile without token 
(284 ms)
      ΓêÜ should not get 
profile with invalid 
token (184 ms)

  ΓùÅ User Authentication 
ΓÇ║ POST /api/users 
(Register) ΓÇ║ should 
register a new user 
successfully

    expect(received).toBe(
expected) // Object.is 
equality

    Expected: 201
    Received: 400

    [0m [90m 40 |[39m  
       })[33m;[39m
     [90m 41 |[39m
    
[31m[1m>[22m[39m[90m 
42 |[39m       expect(res
[33m.[39mstatusCode)[33
m.[39mtoBe([35m201[39m)
[33m;[39m
     [90m    |[39m      
                        
[31m[1m^[22m[39m
     [90m 43 |[39m      
 expect(res[33m.[39mbody
)[33m.[39mtoHaveProperty
([32m'token'[39m)[33m;
[39m
     [90m 44 |[39m      
 expect(res[33m.[39mbody
[33m.[39memail)[33m.[3
9mtoBe([32m'test@example.
com'[39m)[33m;[39m
     [90m 45 |[39m      
 expect(res[33m.[39mbody
[33m.[39mname)[33m.[39
mtoBe([32m'Test 
User'[39m)[33m;[39m[0m

      at Object.toBe (__te
sts__/auth.test.js:42:30)

  ΓùÅ User Authentication 
ΓÇ║ POST /api/users 
(Register) ΓÇ║ should not 
register user with 
existing email

    expect(received).toBe(
expected) // Object.is 
equality

    Expected: 400
    Received: 500

    [0m [90m 65 |[39m  
       })[33m;[39m
     [90m 66 |[39m
    
[31m[1m>[22m[39m[90m 
67 |[39m       expect(res
[33m.[39mstatusCode)[33
m.[39mtoBe([35m400[39m)
[33m;[39m
     [90m    |[39m      
                        
[31m[1m^[22m[39m
     [90m 68 |[39m      
 expect(res[33m.[39mbody
[33m.[39mmessage)[33m.
[39mtoBe([32m'User 
already 
exists'[39m)[33m;[39m
     [90m 69 |[39m     
})[33m;[39m
     [90m 70 |[39m   
})[33m;[39m[0m

      at Object.toBe (__te
sts__/auth.test.js:67:30)

  ΓùÅ User Authentication 
ΓÇ║ POST /api/users/login 
ΓÇ║ should login with 
correct credentials

    expect(received).toBe(
expected) // Object.is 
equality

    Expected: 200
    Received: 401

    [0m [90m 90 |[39m  
       })[33m;[39m
     [90m 91 |[39m
    
[31m[1m>[22m[39m[90m 
92 |[39m       expect(res
[33m.[39mstatusCode)[33
m.[39mtoBe([35m200[39m)
[33m;[39m
     [90m    |[39m      
                        
[31m[1m^[22m[39m
     [90m 93 |[39m      
 expect(res[33m.[39mbody
)[33m.[39mtoHaveProperty
([32m'token'[39m)[33m;
[39m
     [90m 94 |[39m      
 expect(res[33m.[39mbody
[33m.[39memail)[33m.[3
9mtoBe([32m'test@example.
com'[39m)[33m;[39m
     [90m 95 |[39m     
})[33m;[39m[0m

      at Object.toBe (__te
sts__/auth.test.js:92:30)

  ΓùÅ User Authentication 
ΓÇ║ GET /api/users/me 
(Protected Route) ΓÇ║ 
should get user profile 
with valid token

    expect(received).toBe(
expected) // Object.is 
equality

    Expected: 200
    Received: 401

    [0m [90m 140 |[39m 
        [33m.[39m[36mse
t[39m([32m'Authorization
'[39m[33m,[39m 
[32m`Bearer 
${token}`[39m)[33m;[39m
     [90m 141 |[39m
    
[31m[1m>[22m[39m[90m 
142 |[39m       expect(re
s[33m.[39mstatusCode)[3
3m.[39mtoBe([35m200[39m
)[33m;[39m
     [90m     |[39m     
                         
[31m[1m^[22m[39m
     [90m 143 |[39m     
  expect(res[33m.[39mbod
y[33m.[39memail)[33m.[
39mtoBe([32m'test@example
.com'[39m)[33m;[39m
     [90m 144 |[39m     
  expect(res[33m.[39mbod
y[33m.[39mname)[33m.[3
9mtoBe([32m'Test 
User'[39m)[33m;[39m
     [90m 145 |[39m     
})[33m;[39m[0m

      at Object.toBe (__te
sts__/auth.test.js:142:30)

  console.log
    [dotenv@17.2.3] injecting env (3) from .env -- tip: ΓÜÖ∩╕Å  suppress all logs with { quiet: true }

      at _log (node_modules/dotenv/lib/main.js:142:11)

FAIL __tests__/application
.test.js
  Application CRUD 
Operations
    POST 
/api/applications (Create)
      ΓêÜ should create a 
new application (426 ms)
      ├ù should not 
create application 
without auth (209 ms)
    GET /api/applications 
(Read)
      ├ù should get all 
user applications (547 ms)
      ├ù should filter 
applications by status 
(218 ms)
      ΓêÜ should not get 
applications without auth 
(532 ms)
    PUT 
/api/applications/:id 
(Update)
      ├ù should update 
application (189 ms)
      ├ù should not 
update non-existent 
application (297 ms)
    DELETE 
/api/applications/:id
      ├ù should delete 
application (303 ms)

  ΓùÅ Application CRUD 
Operations ΓÇ║ POST 
/api/applications 
(Create) ΓÇ║ should not 
create application 
without auth

    expect(received).toBeD
efined()

    Received: undefined

    [0m [90m 38 |[39m  
 
     [90m 39 |[39m   
[90m// Ensure token is 
set[39m
    
[31m[1m>[22m[39m[90m 
40 |[39m   expect(token)
[33m.[39mtoBeDefined()[3
3m;[39m
     [90m    |[39m      
           
[31m[1m^[22m[39m
     [90m 41 |[39m   exp
ect(userId)[33m.[39mtoBe
Defined()[33m;[39m
     [90m 42 |[39m 
})[33m;[39m
     [90m 43 |[39m[0m

      at 
Object.toBeDefined (__test
s__/application.test.js:40
:17)

  ΓùÅ Application CRUD 
Operations ΓÇ║ GET 
/api/applications (Read) 
ΓÇ║ should get all user 
applications

    expect(received).toBeD
efined()

    Received: undefined

    [0m [90m 38 |[39m  
 
     [90m 39 |[39m   
[90m// Ensure token is 
set[39m
    
[31m[1m>[22m[39m[90m 
40 |[39m   expect(token)
[33m.[39mtoBeDefined()[3
3m;[39m
     [90m    |[39m      
           
[31m[1m^[22m[39m
     [90m 41 |[39m   exp
ect(userId)[33m.[39mtoBe
Defined()[33m;[39m
     [90m 42 |[39m 
})[33m;[39m
     [90m 43 |[39m[0m

      at 
Object.toBeDefined (__test
s__/application.test.js:40
:17)

  ΓùÅ Application CRUD 
Operations ΓÇ║ GET 
/api/applications (Read) 
ΓÇ║ should filter 
applications by status

    expect(received).toBeD
efined()

    Received: undefined

    [0m [90m 38 |[39m  
 
     [90m 39 |[39m   
[90m// Ensure token is 
set[39m
    
[31m[1m>[22m[39m[90m 
40 |[39m   expect(token)
[33m.[39mtoBeDefined()[3
3m;[39m
     [90m    |[39m      
           
[31m[1m^[22m[39m
     [90m 41 |[39m   exp
ect(userId)[33m.[39mtoBe
Defined()[33m;[39m
     [90m 42 |[39m 
})[33m;[39m
     [90m 43 |[39m[0m

      at 
Object.toBeDefined (__test
s__/application.test.js:40
:17)

  ΓùÅ Application CRUD 
Operations ΓÇ║ PUT 
/api/applications/:id 
(Update) ΓÇ║ should 
update application

    expect(received).toBeD
efined()

    Received: undefined

    [0m [90m 38 |[39m  
 
     [90m 39 |[39m   
[90m// Ensure token is 
set[39m
    
[31m[1m>[22m[39m[90m 
40 |[39m   expect(token)
[33m.[39mtoBeDefined()[3
3m;[39m
     [90m    |[39m      
           
[31m[1m^[22m[39m
     [90m 41 |[39m   exp
ect(userId)[33m.[39mtoBe
Defined()[33m;[39m
     [90m 42 |[39m 
})[33m;[39m
     [90m 43 |[39m[0m

      at 
Object.toBeDefined (__test
s__/application.test.js:40
:17)

  ΓùÅ Application CRUD 
Operations ΓÇ║ PUT 
/api/applications/:id 
(Update) ΓÇ║ should not 
update non-existent 
application

    expect(received).toBeD
efined()

    Received: undefined

    [0m [90m 38 |[39m  
 
     [90m 39 |[39m   
[90m// Ensure token is 
set[39m
    
[31m[1m>[22m[39m[90m 
40 |[39m   expect(token)
[33m.[39mtoBeDefined()[3
3m;[39m
     [90m    |[39m      
           
[31m[1m^[22m[39m
     [90m 41 |[39m   exp
ect(userId)[33m.[39mtoBe
Defined()[33m;[39m
     [90m 42 |[39m 
})[33m;[39m
     [90m 43 |[39m[0m

      at 
Object.toBeDefined (__test
s__/application.test.js:40
:17)

  ΓùÅ Application CRUD 
Operations ΓÇ║ DELETE 
/api/applications/:id ΓÇ║ 
should delete application

    expect(received).toBe(
expected) // Object.is 
equality

    Expected: 200
    Received: 404

    [0m [90m 176 |[39m 
        [33m.[39m[36mse
t[39m([32m'Authorization
'[39m[33m,[39m 
[32m`Bearer 
${token}`[39m)[33m;[39m
     [90m 177 |[39m
    
[31m[1m>[22m[39m[90m 
178 |[39m       expect(re
s[33m.[39mstatusCode)[3
3m.[39mtoBe([35m200[39m
)[33m;[39m
     [90m     |[39m     
                         
[31m[1m^[22m[39m
     [90m 179 |[39m     
  expect(res[33m.[39mbod
y[33m.[39mmessage)[33m.
[39mtoBe([32m'Applicatio
n deleted successfully'[3
9m)[33m;[39m
     [90m 180 |[39m
     [90m 181 |[39m     
  [90m// Verify it's 
deleted[39m[0m

      at Object.toBe (__te
sts__/application.test.js:
178:30)

Test Suites: 2 failed, 2 
total
Tests:       10 failed, 6 
passed, 16 total
Snapshots:   0 total
Time:        11.966 s, 
estimated 17 s
Ran all test suites.

  console.log
    [dotenv@17.2.3] injecting env (3) from .env -- tip: ΓÜÖ∩╕Å  specify custom .env file path with { path: '/custom/path/.env' }

      at _log (node_modules/dotenv/lib/main.js:142:11)

  console.error
    JsonWebTokenError {
      name: 'JsonWebTokenError',
      message: 'jwt malformed'
    }

    [0m [90m 18 |[39m       next()[33m;[39m
     [90m 19 |[39m     } [36mcatch[39m (error) {
    [31m[1m>[22m[39m[90m 20 |[39m       console[33m.[39merror(error)[33m;[39m
     [90m    |[39m               [31m[1m^[22m[39m
     [90m 21 |[39m       res[33m.[39mstatus([35m401[39m)[33m.[39mjson({ message[33m:[39m [32m'Not authorized, token failed'[39m })[33m;[39m
     [90m 22 |[39m     }
     [90m 23 |[39m   }[0m

      at error (middleware/authMiddleware.js:20:15)
      at Layer.handleRequest (node_modules/router/lib/layer.js:152:17)
      at next (node_modules/router/lib/route.js:157:13)
      at Route.dispatch (node_modules/router/lib/route.js:117:3)
      at handle (node_modules/router/index.js:435:11)
      at Layer.handleRequest (node_modules/router/lib/layer.js:152:17)
      at node_modules/router/index.js:295:15
      at processParams (node_modules/router/index.js:582:12)
      at next (node_modules/router/index.js:291:5)
      at router.handle (node_modules/router/index.js:186:3)
      at router (node_modules/router/index.js:60:12)
      at Layer.handleRequest (node_modules/router/lib/layer.js:152:17)
      at trimPrefix (node_modules/router/index.js:342:13)
      at node_modules/router/index.js:297:9
      at processParams (node_modules/router/index.js:582:12)
      at next (node_modules/router/index.js:291:5)
      at cookieParser (node_modules/cookie-parser/index.js:57:14)
      at Layer.handleRequest (node_modules/router/lib/layer.js:152:17)
      at trimPrefix (node_modules/router/index.js:342:13)
      at node_modules/router/index.js:297:9
      at processParams (node_modules/router/index.js:582:12)
      at next (node_modules/router/index.js:291:5)
      at read (node_modules/body-parser/lib/read.js:54:5)
      at jsonParser (node_modules/body-parser/lib/types/json.js:90:5)
      at Layer.handleRequest (node_modules/router/lib/layer.js:152:17)
      at trimPrefix (node_modules/router/index.js:342:13)
      at node_modules/router/index.js:297:9
      at processParams (node_modules/router/index.js:582:12)
      at next (node_modules/router/index.js:291:5)
      at cors (node_modules/cors/lib/index.js:188:7)
      at node_modules/cors/lib/index.js:224:17
      at originCallback (node_modules/cors/lib/index.js:214:15)
      at node_modules/cors/lib/index.js:219:13
      at optionsCallback (node_modules/cors/lib/index.js:199:9)
      at corsMiddleware (node_modules/cors/lib/index.js:204:7)
      at Layer.handleRequest (node_modules/router/lib/layer.js:152:17)
      at trimPrefix (node_modules/router/index.js:342:13)
      at node_modules/router/index.js:297:9
      at processParams (node_modules/router/index.js:582:12)
      at next (node_modules/router/index.js:291:5)
      at router.handle (node_modules/router/index.js:186:3)
      at app.handle (node_modules/express/lib/application.js:177:15)
      at Server.app (node_modules/express/lib/express.js:38:9)

  console.error
    JsonWebTokenError {
      name: 'JsonWebTokenError',
      message: 'jwt malformed'
    }

    [0m [90m 18 |[39m       next()[33m;[39m
     [90m 19 |[39m     } [36mcatch[39m (error) {
    [31m[1m>[22m[39m[90m 20 |[39m       console[33m.[39merror(error)[33m;[39m
     [90m    |[39m               [31m[1m^[22m[39m
     [90m 21 |[39m       res[33m.[39mstatus([35m401[39m)[33m.[39mjson({ message[33m:[39m [32m'Not authorized, token failed'[39m })[33m;[39m
     [90m 22 |[39m     }
     [90m 23 |[39m   }[0m

      at error (middleware/authMiddleware.js:20:15)
      at Layer.handleRequest (node_modules/router/lib/layer.js:152:17)
      at next (node_modules/router/lib/route.js:157:13)
      at Route.dispatch (node_modules/router/lib/route.js:117:3)
      at handle (node_modules/router/index.js:435:11)
      at Layer.handleRequest (node_modules/router/lib/layer.js:152:17)
      at node_modules/router/index.js:295:15
      at processParams (node_modules/router/index.js:582:12)
      at next (node_modules/router/index.js:291:5)
      at router.handle (node_modules/router/index.js:186:3)
      at router (node_modules/router/index.js:60:12)
      at Layer.handleRequest (node_modules/router/lib/layer.js:152:17)
      at trimPrefix (node_modules/router/index.js:342:13)
      at node_modules/router/index.js:297:9
      at processParams (node_modules/router/index.js:582:12)
      at next (node_modules/router/index.js:291:5)
      at cookieParser (node_modules/cookie-parser/index.js:57:14)
      at Layer.handleRequest (node_modules/router/lib/layer.js:152:17)
      at trimPrefix (node_modules/router/index.js:342:13)
      at node_modules/router/index.js:297:9
      at processParams (node_modules/router/index.js:582:12)
      at next (node_modules/router/index.js:291:5)
      at read (node_modules/body-parser/lib/read.js:54:5)
      at jsonParser (node_modules/body-parser/lib/types/json.js:90:5)
      at Layer.handleRequest (node_modules/router/lib/layer.js:152:17)
      at trimPrefix (node_modules/router/index.js:342:13)
      at node_modules/router/index.js:297:9
      at processParams (node_modules/router/index.js:582:12)
      at next (node_modules/router/index.js:291:5)
      at cors (node_modules/cors/lib/index.js:188:7)
      at node_modules/cors/lib/index.js:224:17
      at originCallback (node_modules/cors/lib/index.js:214:15)
      at node_modules/cors/lib/index.js:219:13
      at optionsCallback (node_modules/cors/lib/index.js:199:9)
      at corsMiddleware (node_modules/cors/lib/index.js:204:7)
      at Layer.handleRequest (node_modules/router/lib/layer.js:152:17)
      at trimPrefix (node_modules/router/index.js:342:13)
      at node_modules/router/index.js:297:9
      at processParams (node_modules/router/index.js:582:12)
      at next (node_modules/router/index.js:291:5)
      at router.handle (node_modules/router/index.js:186:3)
      at app.handle (node_modules/express/lib/application.js:177:15)
      at Server.app (node_modules/express/lib/express.js:38:9)

FAIL 
__tests__/auth.test.js 
(18.554 s)
  User Authentication
    POST /api/users 
(Register)
      ├ù should register 
a new user successfully 
(220 ms)
      ΓêÜ should not 
register user with 
existing email (298 ms)
    POST /api/users/login
      ├ù should login 
with correct credentials 
(456 ms)
      ΓêÜ should not 
login with incorrect 
password (260 ms)
      ΓêÜ should not 
login with non-existent 
email (288 ms)
    GET /api/users/me 
(Protected Route)
      ├ù should get user 
profile with valid token 
(122 ms)
      ΓêÜ should not get 
profile without token 
(233 ms)
      ΓêÜ should not get 
profile with invalid 
token (244 ms)

  ΓùÅ User Authentication 
ΓÇ║ POST /api/users 
(Register) ΓÇ║ should 
register a new user 
successfully

    expect(received).toBe(
expected) // Object.is 
equality

    Expected: 201
    Received: 400

    [0m [90m 40 |[39m  
       })[33m;[39m
     [90m 41 |[39m
    
[31m[1m>[22m[39m[90m 
42 |[39m       expect(res
[33m.[39mstatusCode)[33
m.[39mtoBe([35m201[39m)
[33m;[39m
     [90m    |[39m      
                        
[31m[1m^[22m[39m
     [90m 43 |[39m      
 expect(res[33m.[39mbody
)[33m.[39mtoHaveProperty
([32m'token'[39m)[33m;
[39m
     [90m 44 |[39m      
 expect(res[33m.[39mbody
[33m.[39memail)[33m.[3
9mtoBe([32m'test@example.
com'[39m)[33m;[39m
     [90m 45 |[39m      
 expect(res[33m.[39mbody
[33m.[39mname)[33m.[39
mtoBe([32m'Test 
User'[39m)[33m;[39m[0m

      at Object.toBe (__te
sts__/auth.test.js:42:30)

  ΓùÅ User Authentication 
ΓÇ║ POST /api/users/login 
ΓÇ║ should login with 
correct credentials

    expect(received).toBe(
expected) // Object.is 
equality

    Expected: 200
    Received: 500

    [0m [90m 90 |[39m  
       })[33m;[39m
     [90m 91 |[39m
    
[31m[1m>[22m[39m[90m 
92 |[39m       expect(res
[33m.[39mstatusCode)[33
m.[39mtoBe([35m200[39m)
[33m;[39m
     [90m    |[39m      
                        
[31m[1m^[22m[39m
     [90m 93 |[39m      
 expect(res[33m.[39mbody
)[33m.[39mtoHaveProperty
([32m'token'[39m)[33m;
[39m
     [90m 94 |[39m      
 expect(res[33m.[39mbody
[33m.[39memail)[33m.[3
9mtoBe([32m'test@example.
com'[39m)[33m;[39m
     [90m 95 |[39m     
})[33m;[39m[0m

      at Object.toBe (__te
sts__/auth.test.js:92:30)

  ΓùÅ User Authentication 
ΓÇ║ GET /api/users/me 
(Protected Route) ΓÇ║ 
should get user profile 
with valid token

    expect(received).toBe(
expected) // Object.is 
equality

    Expected: 200
    Received: 401

    [0m [90m 140 |[39m 
        [33m.[39m[36mse
t[39m([32m'Authorization
'[39m[33m,[39m 
[32m`Bearer 
${token}`[39m)[33m;[39m
     [90m 141 |[39m
    
[31m[1m>[22m[39m[90m 
142 |[39m       expect(re
s[33m.[39mstatusCode)[3
3m.[39mtoBe([35m200[39m
)[33m;[39m
     [90m     |[39m     
                         
[31m[1m^[22m[39m
     [90m 143 |[39m     
  expect(res[33m.[39mbod
y[33m.[39memail)[33m.[
39mtoBe([32m'test@example
.com'[39m)[33m;[39m
     [90m 144 |[39m     
  expect(res[33m.[39mbod
y[33m.[39mname)[33m.[3
9mtoBe([32m'Test 
User'[39m)[33m;[39m
     [90m 145 |[39m     
})[33m;[39m[0m

      at Object.toBe (__te
sts__/auth.test.js:142:30)

  console.log
    [dotenv@17.2.3] injecting env (3) from .env -- tip: ≡ƒöæ add access controls to secrets: https://dotenvx.com/ops

      at _log (node_modules/dotenv/lib/main.js:142:11)

FAIL __tests__/application
.test.js (6.418 s)
  Application CRUD 
Operations
    POST 
/api/applications (Create)
      ΓêÜ should create a 
new application (546 ms)
      ├ù should not 
create application 
without auth (273 ms)
    GET /api/applications 
(Read)
      ├ù should get all 
user applications (583 ms)
      ├ù should filter 
applications by status 
(202 ms)
      ├ù should not get 
applications without auth 
(192 ms)
    PUT 
/api/applications/:id 
(Update)
      ├ù should update 
application (494 ms)
      ├ù should not 
update non-existent 
application (246 ms)
    DELETE 
/api/applications/:id
      ├ù should delete 
application (896 ms)

  ΓùÅ Application CRUD 
Operations ΓÇ║ POST 
/api/applications 
(Create) ΓÇ║ should not 
create application 
without auth

    expect(received).toBeD
efined()

    Received: undefined

    [0m [90m 38 |[39m  
 
     [90m 39 |[39m   
[90m// Ensure token is 
set[39m
    
[31m[1m>[22m[39m[90m 
40 |[39m   expect(token)
[33m.[39mtoBeDefined()[3
3m;[39m
     [90m    |[39m      
           
[31m[1m^[22m[39m
     [90m 41 |[39m   exp
ect(userId)[33m.[39mtoBe
Defined()[33m;[39m
     [90m 42 |[39m 
})[33m;[39m
     [90m 43 |[39m[0m

      at 
Object.toBeDefined (__test
s__/application.test.js:40
:17)

  ΓùÅ Application CRUD 
Operations ΓÇ║ GET 
/api/applications (Read) 
ΓÇ║ should get all user 
applications

    expect(received).toBe(
expected) // Object.is 
equality

    Expected: 200
    Received: 500

    [0m [90m 100 |[39m 
        [33m.[39m[36mse
t[39m([32m'Authorization
'[39m[33m,[39m 
[32m`Bearer 
${token}`[39m)[33m;[39m
     [90m 101 |[39m
    
[31m[1m>[22m[39m[90m 
102 |[39m       expect(re
s[33m.[39mstatusCode)[3
3m.[39mtoBe([35m200[39m
)[33m;[39m
     [90m     |[39m     
                         
[31m[1m^[22m[39m
     [90m 103 |[39m     
  expect(res[33m.[39mbod
y[33m.[39mapplications)
[33m.[39mtoHaveLength([3
5m2[39m)[33m;[39m
     [90m 104 |[39m     
  expect(res[33m.[39mbod
y[33m.[39mtotalApplicati
ons)[33m.[39mtoBe([35m2
[39m)[33m;[39m
     [90m 105 |[39m     
})[33m;[39m[0m

      at Object.toBe (__te
sts__/application.test.js:
102:30)

  ΓùÅ Application CRUD 
Operations ΓÇ║ GET 
/api/applications (Read) 
ΓÇ║ should filter 
applications by status

    expect(received).toBeD
efined()

    Received: undefined

    [0m [90m 38 |[39m  
 
     [90m 39 |[39m   
[90m// Ensure token is 
set[39m
    
[31m[1m>[22m[39m[90m 
40 |[39m   expect(token)
[33m.[39mtoBeDefined()[3
3m;[39m
     [90m    |[39m      
           
[31m[1m^[22m[39m
     [90m 41 |[39m   exp
ect(userId)[33m.[39mtoBe
Defined()[33m;[39m
     [90m 42 |[39m 
})[33m;[39m
     [90m 43 |[39m[0m

      at 
Object.toBeDefined (__test
s__/application.test.js:40
:17)

  ΓùÅ Application CRUD 
Operations ΓÇ║ GET 
/api/applications (Read) 
ΓÇ║ should not get 
applications without auth

    expect(received).toBeD
efined()

    Received: undefined

    [0m [90m 38 |[39m  
 
     [90m 39 |[39m   
[90m// Ensure token is 
set[39m
    
[31m[1m>[22m[39m[90m 
40 |[39m   expect(token)
[33m.[39mtoBeDefined()[3
3m;[39m
     [90m    |[39m      
           
[31m[1m^[22m[39m
     [90m 41 |[39m   exp
ect(userId)[33m.[39mtoBe
Defined()[33m;[39m
     [90m 42 |[39m 
})[33m;[39m
     [90m 43 |[39m[0m

      at 
Object.toBeDefined (__test
s__/application.test.js:40
:17)

  ΓùÅ Application CRUD 
Operations ΓÇ║ PUT 
/api/applications/:id 
(Update) ΓÇ║ should 
update application

    expect(received).toBe(
expected) // Object.is 
equality

    Expected: 200
    Received: 500

    [0m [90m 143 |[39m 
        })[33m;[39m
     [90m 144 |[39m
    
[31m[1m>[22m[39m[90m 
145 |[39m       expect(re
s[33m.[39mstatusCode)[3
3m.[39mtoBe([35m200[39m
)[33m;[39m
     [90m     |[39m     
                         
[31m[1m^[22m[39m
     [90m 146 |[39m     
  expect(res[33m.[39mbod
y[33m.[39mstatus)[33m.
[39mtoBe([32m'in-progress
'[39m)[33m;[39m
     [90m 147 |[39m     
  expect(res[33m.[39mbod
y[33m.[39mnotes)[33m.[
39mtoBe([32m'Interview sc
heduled'[39m)[33m;[39m
     [90m 148 |[39m     
})[33m;[39m[0m

      at Object.toBe (__te
sts__/application.test.js:
145:30)

  ΓùÅ Application CRUD 
Operations ΓÇ║ PUT 
/api/applications/:id 
(Update) ΓÇ║ should not 
update non-existent 
application

    expect(received).toBeD
efined()

    Received: undefined

    [0m [90m 38 |[39m  
 
     [90m 39 |[39m   
[90m// Ensure token is 
set[39m
    
[31m[1m>[22m[39m[90m 
40 |[39m   expect(token)
[33m.[39mtoBeDefined()[3
3m;[39m
     [90m    |[39m      
           
[31m[1m^[22m[39m
     [90m 41 |[39m   exp
ect(userId)[33m.[39mtoBe
Defined()[33m;[39m
     [90m 42 |[39m 
})[33m;[39m
     [90m 43 |[39m[0m

      at 
Object.toBeDefined (__test
s__/application.test.js:40
:17)

  ΓùÅ Application CRUD 
Operations ΓÇ║ DELETE 
/api/applications/:id ΓÇ║ 
should delete application

    expect(received).toBeD
efined()

    Received: undefined

    [0m [90m 38 |[39m  
 
     [90m 39 |[39m   
[90m// Ensure token is 
set[39m
    
[31m[1m>[22m[39m[90m 
40 |[39m   expect(token)
[33m.[39mtoBeDefined()[3
3m;[39m
     [90m    |[39m      
           
[31m[1m^[22m[39m
     [90m 41 |[39m   exp
ect(userId)[33m.[39mtoBe
Defined()[33m;[39m
     [90m 42 |[39m 
})[33m;[39m
     [90m 43 |[39m[0m

      at 
Object.toBeDefined (__test
s__/application.test.js:40
:17)

Test Suites: 2 failed, 2 
total
Tests:       10 failed, 6 
passed, 16 total
Snapshots:   0 total
Time:        26.041 s
Ran all test suites.

  console.log
    [dotenv@17.2.3] injecting env (3) from .env -- tip: ΓÜÖ∩╕Å  suppress all logs with { quiet: true }

      at _log (node_modules/dotenv/lib/main.js:142:11)

  console.error
    JsonWebTokenError {
      name: 'JsonWebTokenError',
      message: 'jwt malformed'
    }

    [0m [90m 18 |[39m       next()[33m;[39m
     [90m 19 |[39m     } [36mcatch[39m (error) {
    [31m[1m>[22m[39m[90m 20 |[39m       console[33m.[39merror(error)[33m;[39m
     [90m    |[39m               [31m[1m^[22m[39m
     [90m 21 |[39m       res[33m.[39mstatus([35m401[39m)[33m.[39mjson({ message[33m:[39m [32m'Not authorized, token failed'[39m })[33m;[39m
     [90m 22 |[39m     }
     [90m 23 |[39m   }[0m

      at error (middleware/authMiddleware.js:20:15)
      at Layer.handleRequest (node_modules/router/lib/layer.js:152:17)
      at next (node_modules/router/lib/route.js:157:13)
      at Route.dispatch (node_modules/router/lib/route.js:117:3)
      at handle (node_modules/router/index.js:435:11)
      at Layer.handleRequest (node_modules/router/lib/layer.js:152:17)
      at node_modules/router/index.js:295:15
      at processParams (node_modules/router/index.js:582:12)
      at next (node_modules/router/index.js:291:5)
      at router.handle (node_modules/router/index.js:186:3)
      at router (node_modules/router/index.js:60:12)
      at Layer.handleRequest (node_modules/router/lib/layer.js:152:17)
      at trimPrefix (node_modules/router/index.js:342:13)
      at node_modules/router/index.js:297:9
      at processParams (node_modules/router/index.js:582:12)
      at next (node_modules/router/index.js:291:5)
      at cookieParser (node_modules/cookie-parser/index.js:57:14)
      at Layer.handleRequest (node_modules/router/lib/layer.js:152:17)
      at trimPrefix (node_modules/router/index.js:342:13)
      at node_modules/router/index.js:297:9
      at processParams (node_modules/router/index.js:582:12)
      at next (node_modules/router/index.js:291:5)
      at read (node_modules/body-parser/lib/read.js:54:5)
      at jsonParser (node_modules/body-parser/lib/types/json.js:90:5)
      at Layer.handleRequest (node_modules/router/lib/layer.js:152:17)
      at trimPrefix (node_modules/router/index.js:342:13)
      at node_modules/router/index.js:297:9
      at processParams (node_modules/router/index.js:582:12)
      at next (node_modules/router/index.js:291:5)
      at cors (node_modules/cors/lib/index.js:188:7)
      at node_modules/cors/lib/index.js:224:17
      at originCallback (node_modules/cors/lib/index.js:214:15)
      at node_modules/cors/lib/index.js:219:13
      at optionsCallback (node_modules/cors/lib/index.js:199:9)
      at corsMiddleware (node_modules/cors/lib/index.js:204:7)
      at Layer.handleRequest (node_modules/router/lib/layer.js:152:17)
      at trimPrefix (node_modules/router/index.js:342:13)
      at node_modules/router/index.js:297:9
      at processParams (node_modules/router/index.js:582:12)
      at next (node_modules/router/index.js:291:5)
      at router.handle (node_modules/router/index.js:186:3)
      at app.handle (node_modules/express/lib/application.js:177:15)
      at Server.app (node_modules/express/lib/express.js:38:9)

FAIL 
__tests__/auth.test.js 
(10.051 s)
  User Authentication
    POST /api/users 
(Register)
      ΓêÜ should register 
a new user successfully 
(777 ms)
      ΓêÜ should not 
register user with 
existing email (122 ms)
    POST /api/users/login
      ├ù should login 
with correct credentials 
(449 ms)
      ΓêÜ should not 
login with incorrect 
password (453 ms)
      ΓêÜ should not 
login with non-existent 
email (143 ms)
    GET /api/users/me 
(Protected Route)
      ΓêÜ should get user 
profile with valid token 
(273 ms)
      ΓêÜ should not get 
profile without token 
(279 ms)
      ΓêÜ should not get 
profile with invalid 
token (276 ms)

  ΓùÅ User Authentication 
ΓÇ║ POST /api/users/login 
ΓÇ║ should login with 
correct credentials

    expect(received).toBe(
expected) // Object.is 
equality

    Expected: 200
    Received: 500

    [0m [90m 90 |[39m  
       })[33m;[39m
     [90m 91 |[39m
    
[31m[1m>[22m[39m[90m 
92 |[39m       expect(res
[33m.[39mstatusCode)[33
m.[39mtoBe([35m200[39m)
[33m;[39m
     [90m    |[39m      
                        
[31m[1m^[22m[39m
     [90m 93 |[39m      
 expect(res[33m.[39mbody
)[33m.[39mtoHaveProperty
([32m'token'[39m)[33m;
[39m
     [90m 94 |[39m      
 expect(res[33m.[39mbody
[33m.[39memail)[33m.[3
9mtoBe([32m'test@example.
com'[39m)[33m;[39m
     [90m 95 |[39m     
})[33m;[39m[0m

      at Object.toBe (__te
sts__/auth.test.js:92:30)

  console.log
    [dotenv@17.2.3] injecting env (3) from .env -- tip: ΓÜÖ∩╕Å  enable debug logging with { debug: true }

      at _log (node_modules/dotenv/lib/main.js:142:11)

FAIL __tests__/application
.test.js
  Application CRUD 
Operations
    POST 
/api/applications (Create)
      ├ù should create a 
new application (184 ms)
      ΓêÜ should not 
create application 
without auth (306 ms)
    GET /api/applications 
(Read)
      ├ù should get all 
user applications (428 ms)
      ├ù should filter 
applications by status 
(412 ms)
      ├ù should not get 
applications without auth 
(331 ms)
    PUT 
/api/applications/:id 
(Update)
      ├ù should update 
application (260 ms)
      ΓêÜ should not 
update non-existent 
application (280 ms)
    DELETE 
/api/applications/:id
      ├ù should delete 
application (117 ms)

  ΓùÅ Application CRUD 
Operations ΓÇ║ POST 
/api/applications 
(Create) ΓÇ║ should 
create a new application

    expect(received).toBeD
efined()

    Received: undefined

    [0m [90m 38 |[39m  
 
     [90m 39 |[39m   
[90m// Ensure token is 
set[39m
    
[31m[1m>[22m[39m[90m 
40 |[39m   expect(token)
[33m.[39mtoBeDefined()[3
3m;[39m
     [90m    |[39m      
           
[31m[1m^[22m[39m
     [90m 41 |[39m   exp
ect(userId)[33m.[39mtoBe
Defined()[33m;[39m
     [90m 42 |[39m 
})[33m;[39m
     [90m 43 |[39m[0m

      at 
Object.toBeDefined (__test
s__/application.test.js:40
:17)

  ΓùÅ Application CRUD 
Operations ΓÇ║ GET 
/api/applications (Read) 
ΓÇ║ should get all user 
applications

    expect(received).toBe(
expected) // Object.is 
equality

    Expected: 200
    Received: 500

    [0m [90m 100 |[39m 
        [33m.[39m[36mse
t[39m([32m'Authorization
'[39m[33m,[39m 
[32m`Bearer 
${token}`[39m)[33m;[39m
     [90m 101 |[39m
    
[31m[1m>[22m[39m[90m 
102 |[39m       expect(re
s[33m.[39mstatusCode)[3
3m.[39mtoBe([35m200[39m
)[33m;[39m
     [90m     |[39m     
                         
[31m[1m^[22m[39m
     [90m 103 |[39m     
  expect(res[33m.[39mbod
y[33m.[39mapplications)
[33m.[39mtoHaveLength([3
5m2[39m)[33m;[39m
     [90m 104 |[39m     
  expect(res[33m.[39mbod
y[33m.[39mtotalApplicati
ons)[33m.[39mtoBe([35m2
[39m)[33m;[39m
     [90m 105 |[39m     
})[33m;[39m[0m

      at Object.toBe (__te
sts__/application.test.js:
102:30)

  ΓùÅ Application CRUD 
Operations ΓÇ║ GET 
/api/applications (Read) 
ΓÇ║ should filter 
applications by status

    expect(received).toBeD
efined()

    Received: undefined

    [0m [90m 38 |[39m  
 
     [90m 39 |[39m   
[90m// Ensure token is 
set[39m
    
[31m[1m>[22m[39m[90m 
40 |[39m   expect(token)
[33m.[39mtoBeDefined()[3
3m;[39m
     [90m    |[39m      
           
[31m[1m^[22m[39m
     [90m 41 |[39m   exp
ect(userId)[33m.[39mtoBe
Defined()[33m;[39m
     [90m 42 |[39m 
})[33m;[39m
     [90m 43 |[39m[0m

      at 
Object.toBeDefined (__test
s__/application.test.js:40
:17)

  ΓùÅ Application CRUD 
Operations ΓÇ║ GET 
/api/applications (Read) 
ΓÇ║ should not get 
applications without auth

    expect(received).toBeD
efined()

    Received: undefined

    [0m [90m 38 |[39m  
 
     [90m 39 |[39m   
[90m// Ensure token is 
set[39m
    
[31m[1m>[22m[39m[90m 
40 |[39m   expect(token)
[33m.[39mtoBeDefined()[3
3m;[39m
     [90m    |[39m      
           
[31m[1m^[22m[39m
     [90m 41 |[39m   exp
ect(userId)[33m.[39mtoBe
Defined()[33m;[39m
     [90m 42 |[39m 
})[33m;[39m
     [90m 43 |[39m[0m

      at 
Object.toBeDefined (__test
s__/application.test.js:40
:17)

  ΓùÅ Application CRUD 
Operations ΓÇ║ PUT 
/api/applications/:id 
(Update) ΓÇ║ should 
update application

    expect(received).toBeD
efined()

    Received: undefined

    [0m [90m 38 |[39m  
 
     [90m 39 |[39m   
[90m// Ensure token is 
set[39m
    
[31m[1m>[22m[39m[90m 
40 |[39m   expect(token)
[33m.[39mtoBeDefined()[3
3m;[39m
     [90m    |[39m      
           
[31m[1m^[22m[39m
     [90m 41 |[39m   exp
ect(userId)[33m.[39mtoBe
Defined()[33m;[39m
     [90m 42 |[39m 
})[33m;[39m
     [90m 43 |[39m[0m

      at 
Object.toBeDefined (__test
s__/application.test.js:40
:17)

  ΓùÅ Application CRUD 
Operations ΓÇ║ DELETE 
/api/applications/:id ΓÇ║ 
should delete application

    expect(received).toBeD
efined()

    Received: undefined

    [0m [90m 38 |[39m  
 
     [90m 39 |[39m   
[90m// Ensure token is 
set[39m
    
[31m[1m>[22m[39m[90m 
40 |[39m   expect(token)
[33m.[39mtoBeDefined()[3
3m;[39m
     [90m    |[39m      
           
[31m[1m^[22m[39m
     [90m 41 |[39m   exp
ect(userId)[33m.[39mtoBe
Defined()[33m;[39m
     [90m 42 |[39m 
})[33m;[39m
     [90m 43 |[39m[0m

      at 
Object.toBeDefined (__test
s__/application.test.js:40
:17)

Test Suites: 2 failed, 2 
total
Tests:       7 failed, 9 
passed, 16 total
Snapshots:   0 total
Time:        14.368 s, 
estimated 26 s
Ran all test suites.

^C
